Archive member included because of file (symbol)

../../ecrobot/../ecrobot/libecrobot.a(ecrobot_HiTechnic.o)
                              build/AngularVelocity.o (ecrobot_get_gyro_sensor)
../../ecrobot/../ecrobot/libecrobot.a(ecrobot_interface.o)
                              build/Robonet.o (ecrobot_set_light_sensor_active)
../../ecrobot/../ecrobot/libecrobot.a(colorsensor.o)
                              ../../ecrobot/../ecrobot/libecrobot.a(ecrobot_interface.o) (colorsensor_init)
../../ecrobot/../ecrobot/libecrobot.a(osek_hook.o)
                              build/kernel/osctl.o (StartupHook)
../../ecrobot/../ecrobot/libecrobot.a(uart.oram)
                              build/config/at91sam7s-gnu/irq.oram (uart_isr_C_0)
../../ecrobot/../ecrobot/libecrobot.a(systick.oram)
                              build/syslib/at91sam7s-gnu/lego_nxt/hw_sys_timer.oram (systick_low_priority_C)
../../ecrobot/../ecrobot/libecrobot.a(byte_fifo.oram)
                              ../../ecrobot/../ecrobot/libecrobot.a(uart.oram) (byte_fifo_put)
../../ecrobot/../ecrobot/libecrobot.a(aic.oram)
                              ../../ecrobot/../ecrobot/libecrobot.a(uart.oram) (aic_set_vector)
../../ecrobot/../ecrobot/libecrobot.a(udp.oram)
                              build/config/at91sam7s-gnu/irq.oram (udp_isr_C)
../../ecrobot/../ecrobot/libecrobot.a(twi.oram)
                              build/config/at91sam7s-gnu/irq.oram (twi_isr_C)
../../ecrobot/../ecrobot/libecrobot.a(nxt_spi.oram)
                              build/config/at91sam7s-gnu/irq.oram (spi_isr_C)
../../ecrobot/../ecrobot/libecrobot.a(nxt_motors.oram)
                              build/BalanceControl.o (nxt_motor_get_count)
../../ecrobot/../ecrobot/libecrobot.a(data_abort.oram)
                              build/ecrobot_init.o (data_abort_C)
../../ecrobot/../ecrobot/libecrobot.a(display.oram)
                              build/ecrobot_base.o (display_update)
../../ecrobot/../ecrobot/libecrobot.a(i2c.oram)
                              build/config/at91sam7s-gnu/irq.oram (i2c_timer_isr_C)
../../ecrobot/../ecrobot/libecrobot.a(sound.oram)
                              ../../ecrobot/../ecrobot/libecrobot.a(ecrobot_interface.o) (sound_get_time)
../../ecrobot/../ecrobot/libecrobot.a(bt.oram)
                              build/ecrobot_bluetooth.o (bt_send)
../../ecrobot/../ecrobot/libecrobot.a(nxt_avr.oram)
                              build/ecrobot_base.o (nxt_avr_power_down)
../../ecrobot/../ecrobot/libecrobot.a(sensors.oram)
                              ../../ecrobot/../ecrobot/libecrobot.a(ecrobot_interface.o) (unset_digi0)
../../ecrobot/../ecrobot/libecrobot.a(sensors1.oram)
                              ../../ecrobot/../ecrobot/libecrobot.a(colorsensor.o) (sensor_pins)
../../ecrobot/../ecrobot/libecrobot.a(nxt_lcd.oram)
                              ../../ecrobot/../ecrobot/libecrobot.a(display.oram) (nxt_lcd_force_update)
../../ecrobot/../ecrobot/libecrobot.a(flash_loader.oram)
                              build/ecrobot_base.o (set_flash_request)
../../ecrobot/../ecrobot/libecrobot.a(interrupts.oram)
                              ../../ecrobot/../ecrobot/libecrobot.a(uart.oram) (interrupts_get_and_disable)
../../ecrobot/../ecrobot/libecrobot.a(nxtosek_splash.obmp)
                              build/ecrobot_base.o (nxtosek_splash_bmp_start)
../../ecrobot/../ecrobot/libecrobot.a(ecrobot_usb.o)
                              ../../ecrobot/../ecrobot/libecrobot.a(flash_loader.oram) (ecrobot_init_usb)
../../ecrobot/../ecrobot/libecrobot.a(flashprog.oram)
                              ../../ecrobot/../ecrobot/libecrobot.a(flash_loader.oram) (flash_write_page)
../../ecrobot/../ecrobot/libnxtway_gs_balancer.a(balancer.o)
                              build/BalanceControl.o (balance_control)
/cygdrive/C/cygwin/GNUARM/bin/../lib/gcc/arm-elf/4.0.2/thumb/interwork/libgcc.a(_udivsi3.o)
                              build/ecrobot_base.o (__udivsi3)
/cygdrive/C/cygwin/GNUARM/bin/../lib/gcc/arm-elf/4.0.2/thumb/interwork/libgcc.a(_divsi3.o)
                              build/BlindRunning.o (__divsi3)
/cygdrive/C/cygwin/GNUARM/bin/../lib/gcc/arm-elf/4.0.2/thumb/interwork/libgcc.a(_umodsi3.o)
                              build/StepCapture.o (__umodsi3)
/cygdrive/C/cygwin/GNUARM/bin/../lib/gcc/arm-elf/4.0.2/thumb/interwork/libgcc.a(_modsi3.o)
                              build/AngularVelocity.o (__modsi3)
/cygdrive/C/cygwin/GNUARM/bin/../lib/gcc/arm-elf/4.0.2/thumb/interwork/libgcc.a(_dvmd_tls.o)
                              /cygdrive/C/cygwin/GNUARM/bin/../lib/gcc/arm-elf/4.0.2/thumb/interwork/libgcc.a(_udivsi3.o) (__div0)
/cygdrive/C/cygwin/GNUARM/bin/../lib/gcc/arm-elf/4.0.2/thumb/interwork/libgcc.a(_addsubdf3.o)
                              ../../ecrobot/../ecrobot/libecrobot.a(colorsensor.o) (__floatsidf)
/cygdrive/C/cygwin/GNUARM/bin/../lib/gcc/arm-elf/4.0.2/thumb/interwork/libgcc.a(_muldivdf3.o)
[...]
Memory Configuration

Name             Origin             Length             Attributes
vector_ram       0x00200000         0x00000040
ram              0x00200040         0x0000ffc0
*default*        0x00000000         0xffffffff

Linker script and memory map

LOAD build/kernel/alarm.o
LOAD build/kernel/event.o
LOAD build/kernel/interrupt.o
LOAD build/kernel/osctl.o
LOAD build/kernel/resource.o
LOAD build/kernel/task.o
LOAD build/kernel/task_manage.o
LOAD build/config/at91sam7s-gnu/cpu_config.o
LOAD build/config/at91sam7s-gnu/lego_nxt/sys_config.o
LOAD build/./kernel_cfg.o
LOAD build/syscalls.o
LOAD build/ecrobot_bluetooth.o
LOAD build/ecrobot_base.o
LOAD build/ecrobot.o
LOAD build/AngularVelocity.o
LOAD build/BalanceControl.o
LOAD build/balancer_param.o
LOAD build/BlindRunning.o
LOAD build/Bluetooth.o
LOAD build/CommandValue.o
LOAD build/CourseBrightness.o
LOAD build/JudgeBrightness.o
LOAD build/JudgeDirection.o
LOAD build/JudgeMarker.o
LOAD build/JudgeMethod.o
LOAD build/JudgeMileage.o
LOAD build/JudgeSeesaw.o
LOAD build/JudgeSonar.o
LOAD build/JudgeStepCapture.o
LOAD build/JudgeTail.o
LOAD build/LineTrace.o
LOAD build/Log.o
LOAD build/MotorCount.o
LOAD build/OperationMethod.o
LOAD build/PDControlParameter.o
LOAD build/Pwm.o
LOAD build/RunningMachine.o
LOAD build/RunningPositionInfo.o
LOAD build/ScreenDetectionRunning.o
LOAD build/SeesawPass.o
LOAD build/SonarData.o
LOAD build/StepCapture.o
LOAD build/Strategy.o
LOAD build/TailControl.o
LOAD build/TailRunning.o
LOAD build/Robonet.o
LOAD build/syslib/at91sam7s-gnu/lego_nxt/hw_sys_timer.oram
LOAD build/nxtvm/platform/nxt/vectors.o
LOAD build/config/at91sam7s-gnu/debug.o
LOAD build/config/at91sam7s-gnu/lego_nxt/sys_support.o
LOAD build/nxt_binary_header.o
LOAD build/nxt_entry_point.o
LOAD build/ecrobot_init.o
LOAD build/config/at91sam7s-gnu/cpu_support.oram
LOAD build/config/at91sam7s-gnu/irq.oram
LOAD ../../ecrobot/../c++/liblejososek.a
LOAD ../../ecrobot/../ecrobot/libecrobot.a
LOAD ../../ecrobot/../ecrobot/libnxtway_gs_balancer.a
LOAD /cygdrive/C/cygwin/GNUARM/bin/../lib/gcc/arm-elf/4.0.2/../../../../arm-elf/lib/thumb/interwork/libstdc++.a
LOAD /cygdrive/C/cygwin/GNUARM/bin/../lib/gcc/arm-elf/4.0.2/../../../../arm-elf/lib/thumb/interwork/libm.a
LOAD /cygdrive/C/cygwin/GNUARM/bin/../lib/gcc/arm-elf/4.0.2/thumb/interwork/libgcc.a
LOAD /cygdrive/C/cygwin/GNUARM/bin/../lib/gcc/arm-elf/4.0.2/../../../../arm-elf/lib/thumb/interwork/libc.a
LOAD /cygdrive/C/cygwin/GNUARM/bin/../lib/gcc/arm-elf/4.0.2/thumb/interwork/libgcc.a
                0x00200000                RAM_BASE = 0x200000
                0x00010000                RAM_SIZE = 0x10000

.samba_reserved
                0x00200040     0x1fc0
                0x00202000                . = 0x1fc0
 *fill*         0x00200040     0x1fc0 00
                0x00200040                __samba_ram_start__ = ADDR (.samba_reserved)
                0x00202000                __samba_ram_end__ = (__samba_ram_start__ + SIZEOF (.samba_reserved))

.vectors        0x00200000       0x40 load address 0x00202000
 vectors.o(*.text *.text.*)
 .text          0x00200000       0x38 build/nxtvm/platform/nxt/vectors.o
                0x00200040                . = ALIGN (0x10)
 *fill*         0x00200038        0x8 00
                0x00200000                __vectors_ram_start__ = ADDR (.vectors)
                0x00200040                __vectors_ram_end__ = (ADDR (.vectors) + SIZEOF (.vectors))
                0x00202000                __vectors_load_start__ = LOADADDR (.vectors)
                0x00202040                __vectors_load_end__ = (LOADADDR (.vectors) + SIZEOF (.vectors))

.init           0x00202040      0x280
 *ecrobot_init.o(*.text *.text.*)
 .text          0x00202040      0x280 build/ecrobot_init.o
                0x002021ac                undef_handler
                0x002021b4                prefetch_abort_handler
                0x002021b8                data_abort_handler
                0x002021b0                swi_handler
                0x00202040                start
                0x002021d4                reserved_handler
                0x002022c0                . = ALIGN (0x10)

.ram_text       0x002022c0     0x35b0
                0x002022c0                . = ALIGN (0x10)
 *.oram(*.text *.text.* *.glue*)
 .text.systick_isr_C1
                0x002022c0       0x28 build/syslib/at91sam7s-gnu/lego_nxt/hw_sys_timer.oram
                0x002022c0                systick_isr_C1
 *fill*         0x002022e8        0x8 00
 .text          0x002022f0      0x230 build/config/at91sam7s-gnu/cpu_support.oram
                0x002024d0                enable_int
                0x00202370                start_dispatch
                0x00202330                activate_r
                0x002024c8                disable_int
                0x002022f0                dispatch
                0x0020249c                int_return
                0x0020242c                _interrupt
                0x00202360                exit_and_dispatch
                0x002024d8                nop
 .text          0x00202520      0x2c0 build/config/at91sam7s-gnu/irq.oram
                0x00202520                default_isr
                0x002026ac                uart_isr_entry_0
                0x0020262c                twi_isr_entry
                0x002026ec                uart_isr_entry_1
                0x002025ec                spi_isr_entry
                0x0020256c                systick_low_priority_entry
                0x0020272c                nxt_motor_isr_entry
                0x0020276c                i2c_timer_isr_entry
                0x00202520                default_fiq
                0x00202524                systick_isr_entry
                0x00202520                spurious_isr
                0x0020266c                sound_isr_entry
                0x002025ac                udp_isr_entry
 .text.uart_process_isr
                0x002027e0       0x88 ../../ecrobot/../ecrobot/libecrobot.a(uart.oram)
 .text.uart_isr_C_0
                0x00202868        0xc ../../ecrobot/../ecrobot/libecrobot.a(uart.oram)
                0x00202868                uart_isr_C_0
 .text.uart_isr_C_1
                0x00202874        0xc ../../ecrobot/../ecrobot/libecrobot.a(uart.oram)
                0x00202874                uart_isr_C_1
 .text.systick_low_priority_C
                0x00202880       0x1c ../../ecrobot/../ecrobot/libecrobot.a(systick.oram)
                0x00202880                systick_low_priority_C
 .text.systick_isr_C
                0x0020289c       0x24 ../../ecrobot/../ecrobot/libecrobot.a(systick.oram)
                0x0020289c                systick_isr_C
 .text.systick_get_ms
                0x002028c0        0xc ../../ecrobot/../ecrobot/libecrobot.a(systick.oram)
                0x002028c0                systick_get_ms
 .text.systick_wait_ms
                0x002028cc       0x1c ../../ecrobot/../ecrobot/libecrobot.a(systick.oram)
                0x002028cc                systick_wait_ms
 .text.systick_wait_ns
                0x002028e8       0x1c ../../ecrobot/../ecrobot/libecrobot.a(systick.oram)
                0x002028e8                systick_wait_ns
 .text.systick_init
                0x00202904       0x58 ../../ecrobot/../ecrobot/libecrobot.a(systick.oram)
                0x00202904                systick_init
 .text.systick_suspend
                0x0020295c        0xc ../../ecrobot/../ecrobot/libecrobot.a(systick.oram)
                0x0020295c                systick_suspend
 .text.systick_resume
                0x00202968        0xc ../../ecrobot/../ecrobot/libecrobot.a(systick.oram)
                0x00202968                systick_resume
 .text.byte_fifo_put
                0x00202974       0x58 ../../ecrobot/../ecrobot/libecrobot.a(byte_fifo.oram)
                0x00202974                byte_fifo_put
 .text.byte_fifo_get
                0x002029cc       0x2c ../../ecrobot/../ecrobot/libecrobot.a(byte_fifo.oram)
                0x002029cc                byte_fifo_get
 .text.aic_initialise
                0x002029f8       0x5c ../../ecrobot/../ecrobot/libecrobot.a(aic.oram)
                0x002029f8                aic_initialise
 .text.aic_set_vector
                0x00202a54       0x30 ../../ecrobot/../ecrobot/libecrobot.a(aic.oram)
                0x00202a54                aic_set_vector
 .text.aic_mask_on
                0x00202a84       0x24 ../../ecrobot/../ecrobot/libecrobot.a(aic.oram)
                0x00202a84                aic_mask_on
 .text.aic_mask_off
                0x00202aa8       0x24 ../../ecrobot/../ecrobot/libecrobot.a(aic.oram)
                0x00202aa8                aic_mask_off
 .text.aic_clear
                0x00202acc       0x24 ../../ecrobot/../ecrobot/libecrobot.a(aic.oram)
                0x00202acc                aic_clear
 .text.reset    0x00202af0       0x4c ../../ecrobot/../ecrobot/libecrobot.a(udp.oram)
 .text.udp_send_null
                0x00202b3c       0x2c ../../ecrobot/../ecrobot/libecrobot.a(udp.oram)
 .text.udp_send_stall
                0x00202b68       0x2c ../../ecrobot/../ecrobot/libecrobot.a(udp.oram)
 .text.udp_send_control
                0x00202b94       0x60 ../../ecrobot/../ecrobot/libecrobot.a(udp.oram)
 .text.udp_isr_C
                0x00202bf4      0x7d0 ../../ecrobot/../ecrobot/libecrobot.a(udp.oram)
                0x00202bf4                udp_isr_C
 .text.twi_status
                0x002033c4       0x20 ../../ecrobot/../ecrobot/libecrobot.a(twi.oram)
                0x002033c4                twi_status
 .text.twi_isr_C
                0x002033e4       0xc4 ../../ecrobot/../ecrobot/libecrobot.a(twi.oram)
                0x002033e4                twi_isr_C
 .text.twi_reset
                0x002034a8       0xb4 ../../ecrobot/../ecrobot/libecrobot.a(twi.oram)
                0x002034a8                twi_reset
 .text.twi_init
                0x0020355c       0x4c ../../ecrobot/../ecrobot/libecrobot.a(twi.oram)
                0x0020355c                twi_init
 .text.twi_start_read
                0x002035a8       0x60 ../../ecrobot/../ecrobot/libecrobot.a(twi.oram)
                0x002035a8                twi_start_read
 .text.twi_start_write
                0x00203608       0x64 ../../ecrobot/../ecrobot/libecrobot.a(twi.oram)
                0x00203608                twi_start_write
 .text.spi_set_mode
                0x0020366c       0x40 ../../ecrobot/../ecrobot/libecrobot.a(nxt_spi.oram)
 .text.spi_isr_C
                0x002036ac       0x8c ../../ecrobot/../ecrobot/libecrobot.a(nxt_spi.oram)
                0x002036ac                spi_isr_C
 .text.nxt_spi_init
                0x00203738      0x12c ../../ecrobot/../ecrobot/libecrobot.a(nxt_spi.oram)
                0x00203738                nxt_spi_init
 .text.nxt_spi_write
                0x00203864       0x44 ../../ecrobot/../ecrobot/libecrobot.a(nxt_spi.oram)
                0x00203864                nxt_spi_write
 .text.nxt_spi_set_display
                0x002038a8       0x10 ../../ecrobot/../ecrobot/libecrobot.a(nxt_spi.oram)
                0x002038a8                nxt_spi_set_display
 .text.nxt_spi_refresh
                0x002038b8       0x24 ../../ecrobot/../ecrobot/libecrobot.a(nxt_spi.oram)
                0x002038b8                nxt_spi_refresh
 .text.nxt_motor_get_count
                0x002038dc       0x14 ../../ecrobot/../ecrobot/libecrobot.a(nxt_motors.oram)
                0x002038dc                nxt_motor_get_count
 .text.nxt_motor_set_count
                0x002038f0       0x10 ../../ecrobot/../ecrobot/libecrobot.a(nxt_motors.oram)
                0x002038f0                nxt_motor_set_count
 .text.nxt_motor_set_speed
                0x00203900       0x34 ../../ecrobot/../ecrobot/libecrobot.a(nxt_motors.oram)
                0x00203900                nxt_motor_set_speed
 .text.nxt_motor_1kHz_process
                0x00203934       0x28 ../../ecrobot/../ecrobot/libecrobot.a(nxt_motors.oram)
                0x00203934                nxt_motor_1kHz_process
 .text.nxt_motor_quad_decode
                0x0020395c       0x30 ../../ecrobot/../ecrobot/libecrobot.a(nxt_motors.oram)
                0x0020395c                nxt_motor_quad_decode
 .text.nxt_motor_isr_C
                0x0020398c       0x88 ../../ecrobot/../ecrobot/libecrobot.a(nxt_motors.oram)
                0x0020398c                nxt_motor_isr_C
 .text.nxt_motor_init
                0x00203a14       0x68 ../../ecrobot/../ecrobot/libecrobot.a(nxt_motors.oram)
                0x00203a14                nxt_motor_init
 .text.data_abort_C
                0x00203a7c       0x7c ../../ecrobot/../ecrobot/libecrobot.a(data_abort.oram)
                0x00203a7c                data_abort_C
 .text.display_update
                0x00203af8       0x14 ../../ecrobot/../ecrobot/libecrobot.a(display.oram)
                0x00203af8                display_update
 .text.display_force_update
                0x00203b0c        0xc ../../ecrobot/../ecrobot/libecrobot.a(display.oram)
                0x00203b0c                display_force_update
 .text.display_clear
                0x00203b18       0x24 ../../ecrobot/../ecrobot/libecrobot.a(display.oram)
                0x00203b18                display_clear
 .text.display_goto_xy
                0x00203b3c       0x14 ../../ecrobot/../ecrobot/libecrobot.a(display.oram)
                0x00203b3c                display_goto_xy
 .text.display_char
                0x00203b50       0x60 ../../ecrobot/../ecrobot/libecrobot.a(display.oram)
                0x00203b50                display_char
 .text.display_string
                0x00203bb0       0x3c ../../ecrobot/../ecrobot/libecrobot.a(display.oram)
                0x00203bb0                display_string
 .text.display_hex
                0x00203bec       0x50 ../../ecrobot/../ecrobot/libecrobot.a(display.oram)
                0x00203bec                display_hex
 .text.display_unsigned_worker
                0x00203c3c       0x70 ../../ecrobot/../ecrobot/libecrobot.a(display.oram)
 .text.display_unsigned
                0x00203cac        0xc ../../ecrobot/../ecrobot/libecrobot.a(display.oram)
                0x00203cac                display_unsigned
 .text.display_int
                0x00203cb8       0x14 ../../ecrobot/../ecrobot/libecrobot.a(display.oram)
                0x00203cb8                display_int
 .text.display_bitmap_copy
                0x00203ccc       0x5c ../../ecrobot/../ecrobot/libecrobot.a(display.oram)
                0x00203ccc                display_bitmap_copy
 .text.display_init
                0x00203d28       0x50 ../../ecrobot/../ecrobot/libecrobot.a(display.oram)
                0x00203d28                display_init
 .text.i2c_timer_isr_C
                0x00203d78      0x314 ../../ecrobot/../ecrobot/libecrobot.a(i2c.oram)
                0x00203d78                i2c_timer_isr_C
 .text.i2c_disable
                0x0020408c       0x20 ../../ecrobot/../ecrobot/libecrobot.a(i2c.oram)
                0x0020408c                i2c_disable
 .text.i2c_enable
                0x002040ac       0x40 ../../ecrobot/../ecrobot/libecrobot.a(i2c.oram)
                0x002040ac                i2c_enable
 .text.i2c_init
                0x002040ec       0xa4 ../../ecrobot/../ecrobot/libecrobot.a(i2c.oram)
                0x002040ec                i2c_init
 .text.i2c_busy
                0x00204190       0x24 ../../ecrobot/../ecrobot/libecrobot.a(i2c.oram)
                0x00204190                i2c_busy
 .text.i2c_start_transaction
                0x002041b4      0x108 ../../ecrobot/../ecrobot/libecrobot.a(i2c.oram)
                0x002041b4                i2c_start_transaction
 .text.sound_fill_sample_buffer
                0x002042bc       0xe4 ../../ecrobot/../ecrobot/libecrobot.a(sound.oram)
                0x002042bc                sound_fill_sample_buffer
 .text.sound_init
                0x002043a0       0xa0 ../../ecrobot/../ecrobot/libecrobot.a(sound.oram)
                0x002043a0                sound_init
 .text.sound_isr_C
                0x00204440      0x144 ../../ecrobot/../ecrobot/libecrobot.a(sound.oram)
                0x00204440                sound_isr_C
 .text.bt_init  0x00204584      0x1c0 ../../ecrobot/../ecrobot/libecrobot.a(bt.oram)
                0x00204584                bt_init
 .text.bt_send  0x00204744       0x5c ../../ecrobot/../ecrobot/libecrobot.a(bt.oram)
                0x00204744                bt_send
 .text.bt_write
                0x002047a0       0x70 ../../ecrobot/../ecrobot/libecrobot.a(bt.oram)
                0x002047a0                bt_write
 .text.bt_pending
                0x00204810       0x50 ../../ecrobot/../ecrobot/libecrobot.a(bt.oram)
                0x00204810                bt_pending
 .text.bt_clear_arm7_cmd
                0x00204860       0x10 ../../ecrobot/../ecrobot/libecrobot.a(bt.oram)
                0x00204860                bt_clear_arm7_cmd
 .text.bt_set_arm7_cmd
                0x00204870       0x10 ../../ecrobot/../ecrobot/libecrobot.a(bt.oram)
                0x00204870                bt_set_arm7_cmd
 .text.bt_receive
                0x00204880      0x160 ../../ecrobot/../ecrobot/libecrobot.a(bt.oram)
                0x00204880                bt_receive
 .text.bt_read  0x002049e0      0x140 ../../ecrobot/../ecrobot/libecrobot.a(bt.oram)
                0x002049e0                bt_read
 .text.bt_reset
                0x00204b20       0x84 ../../ecrobot/../ecrobot/libecrobot.a(bt.oram)
                0x00204b20                bt_reset
 .text.nxt_avr_power_down
                0x00204ba4       0x10 ../../ecrobot/../ecrobot/libecrobot.a(nxt_avr.oram)
                0x00204ba4                nxt_avr_power_down
 .text.nxt_avr_link_init
                0x00204bb4       0x20 ../../ecrobot/../ecrobot/libecrobot.a(nxt_avr.oram)
                0x00204bb4                nxt_avr_link_init
 .text.nxt_avr_init
                0x00204bd4       0x6c ../../ecrobot/../ecrobot/libecrobot.a(nxt_avr.oram)
                0x00204bd4                nxt_avr_init
 .text.nxt_avr_1kHz_update
                0x00204c40      0x1cc ../../ecrobot/../ecrobot/libecrobot.a(nxt_avr.oram)
                0x00204c40                nxt_avr_1kHz_update
 .text.buttons_get
                0x00204e0c        0xc ../../ecrobot/../ecrobot/libecrobot.a(nxt_avr.oram)
                0x00204e0c                buttons_get
 .text.battery_voltage
                0x00204e18       0x28 ../../ecrobot/../ecrobot/libecrobot.a(nxt_avr.oram)
                0x00204e18                battery_voltage
 .text.sensor_adc
                0x00204e40       0x20 ../../ecrobot/../ecrobot/libecrobot.a(nxt_avr.oram)
                0x00204e40                sensor_adc
 .text.nxt_avr_set_motor
                0x00204e60       0x34 ../../ecrobot/../ecrobot/libecrobot.a(nxt_avr.oram)
                0x00204e60                nxt_avr_set_motor
 .text.nxt_avr_set_input_power
                0x00204e94       0x3c ../../ecrobot/../ecrobot/libecrobot.a(nxt_avr.oram)
                0x00204e94                nxt_avr_set_input_power
 .text.unset_digi0
                0x00204ed0       0x44 ../../ecrobot/../ecrobot/libecrobot.a(sensors.oram)
                0x00204ed0                unset_digi0
 .text.unset_digi1
                0x00204f14       0x44 ../../ecrobot/../ecrobot/libecrobot.a(sensors.oram)
                0x00204f14                unset_digi1
 .text.init_sensors
                0x00204f58       0x4c ../../ecrobot/../ecrobot/libecrobot.a(sensors.oram)
                0x00204f58                init_sensors
 .text.set_digi0
                0x00204fa4       0x44 ../../ecrobot/../ecrobot/libecrobot.a(sensors.oram)
                0x00204fa4                set_digi0
 .text.nxt_lcd_command
                0x00204fe8       0x18 ../../ecrobot/../ecrobot/libecrobot.a(nxt_lcd.oram)
                0x00204fe8                nxt_lcd_command
 .text.nxt_lcd_set_col
                0x00205000       0x24 ../../ecrobot/../ecrobot/libecrobot.a(nxt_lcd.oram)
                0x00205000                nxt_lcd_set_col
 .text.nxt_lcd_set_multiplex_rate
                0x00205024       0x18 ../../ecrobot/../ecrobot/libecrobot.a(nxt_lcd.oram)
                0x00205024                nxt_lcd_set_multiplex_rate
 .text.nxt_lcd_set_page_address
                0x0020503c       0x18 ../../ecrobot/../ecrobot/libecrobot.a(nxt_lcd.oram)
                0x0020503c                nxt_lcd_set_page_address
 .text.nxt_lcd_set_pot
                0x00205054       0x1c ../../ecrobot/../ecrobot/libecrobot.a(nxt_lcd.oram)
                0x00205054                nxt_lcd_set_pot
 .text.nxt_lcd_set_ram_address_control
                0x00205070       0x18 ../../ecrobot/../ecrobot/libecrobot.a(nxt_lcd.oram)
                0x00205070                nxt_lcd_set_ram_address_control
 .text.nxt_lcd_enable
                0x00205088       0x14 ../../ecrobot/../ecrobot/libecrobot.a(nxt_lcd.oram)
                0x00205088                nxt_lcd_enable
 .text.nxt_lcd_set_map_control
                0x0020509c       0x18 ../../ecrobot/../ecrobot/libecrobot.a(nxt_lcd.oram)
                0x0020509c                nxt_lcd_set_map_control
 .text.nxt_lcd_reset
                0x002050b4        0xc ../../ecrobot/../ecrobot/libecrobot.a(nxt_lcd.oram)
                0x002050b4                nxt_lcd_reset
 .text.nxt_lcd_set_bias_ratio
                0x002050c0       0x18 ../../ecrobot/../ecrobot/libecrobot.a(nxt_lcd.oram)
                0x002050c0                nxt_lcd_set_bias_ratio
 .text.nxt_lcd_force_update
                0x002050d8       0x30 ../../ecrobot/../ecrobot/libecrobot.a(nxt_lcd.oram)
                0x002050d8                nxt_lcd_force_update
 .text.nxt_lcd_update
                0x00205108        0xc ../../ecrobot/../ecrobot/libecrobot.a(nxt_lcd.oram)
                0x00205108                nxt_lcd_update
 .text.nxt_lcd_power_up
                0x00205114       0x48 ../../ecrobot/../ecrobot/libecrobot.a(nxt_lcd.oram)
                0x00205114                nxt_lcd_power_up
 .text.nxt_lcd_power_down
                0x0020515c        0xc ../../ecrobot/../ecrobot/libecrobot.a(nxt_lcd.oram)
                0x0020515c                nxt_lcd_power_down
 .text.nxt_lcd_init
                0x00205168       0x18 ../../ecrobot/../ecrobot/libecrobot.a(nxt_lcd.oram)
                0x00205168                nxt_lcd_init
 .text.verify_flash_page
                0x00205180       0x34 ../../ecrobot/../ecrobot/libecrobot.a(flash_loader.oram)
 .text.set_flash_request
                0x002051b4       0x38 ../../ecrobot/../ecrobot/libecrobot.a(flash_loader.oram)
                0x002051b4                set_flash_request
 .text.nxt_device_init
                0x002051ec       0x38 ../../ecrobot/../ecrobot/libecrobot.a(flash_loader.oram)
                0x002051ec                nxt_device_init
 .text          0x00205224       0x68 ../../ecrobot/../ecrobot/libecrobot.a(interrupts.oram)
                0x0020527c                fiq_enable
                0x00205224                interrupts_get_and_disable
                0x00205258                fiq_get_and_disable
                0x00205248                interrupts_enable
 .text.flash_write_page
                0x0020528c       0xc0 ../../ecrobot/../ecrobot/libecrobot.a(flashprog.oram)
                0x0020528c                flash_write_page
                0x00205350                . = ALIGN (0x10)
 *fill*         0x0020534c        0x4 00
 *.oram(*.rodata *.rodata.*)
 .rodata.ld     0x00205350        0x4 ../../ecrobot/../ecrobot/libecrobot.a(udp.oram)
 .rodata.cfd    0x00205354       0x20 ../../ecrobot/../ecrobot/libecrobot.a(udp.oram)
 .rodata.dd     0x00205374       0x12 ../../ecrobot/../ecrobot/libecrobot.a(udp.oram)
 *fill*         0x00205386        0x2 00
 .rodata.str1.4
                0x00205388       0x22 ../../ecrobot/../ecrobot/libecrobot.a(data_abort.oram)
                                 0x24 (size before relaxing)
 .rodata.font   0x002053aa      0x280 ../../ecrobot/../ecrobot/libecrobot.a(display.oram)
 *fill*         0x0020562a        0x2 00
 .rodata.str1.4
                0x0020562c       0x76 ../../ecrobot/../ecrobot/libecrobot.a(display.oram)
                                 0x78 (size before relaxing)
 *fill*         0x002056a2        0x2 00
 .rodata.i2c_pin
                0x002056a4       0x20 ../../ecrobot/../ecrobot/libecrobot.a(i2c.oram)
 .rodata.i2c_timer_isr_C
                0x002056c4       0x38 ../../ecrobot/../ecrobot/libecrobot.a(i2c.oram)
 .rodata.silence
                0x002056fc       0x40 ../../ecrobot/../ecrobot/libecrobot.a(sound.oram)
                0x002056fc                silence
 .rodata.sample_pattern
                0x0020573c       0x84 ../../ecrobot/../ecrobot/libecrobot.a(sound.oram)
                0x0020573c                sample_pattern
 .rodata        0x002057c0        0xc ../../ecrobot/../ecrobot/libecrobot.a(sound.oram)
 .rodata.avr_brainwash_string
                0x002057cc       0x30 ../../ecrobot/../ecrobot/libecrobot.a(nxt_avr.oram)
                0x002057cc                avr_brainwash_string
 .rodata.nxt_avr_1kHz_update
                0x002057fc       0x14 ../../ecrobot/../ecrobot/libecrobot.a(nxt_avr.oram)
 .rodata.C.33.1823
                0x00205810       0x10 ../../ecrobot/../ecrobot/libecrobot.a(sensors.oram)
 .rodata.C.37.1857
                0x00205820       0x10 ../../ecrobot/../ecrobot/libecrobot.a(sensors.oram)
 .rodata.C.31.1806
                0x00205830       0x10 ../../ecrobot/../ecrobot/libecrobot.a(sensors.oram)
 .rodata.str1.4
                0x00205840       0x23 ../../ecrobot/../ecrobot/libecrobot.a(flash_loader.oram)
                                 0x24 (size before relaxing)
                0x00205870                . = ALIGN (0x10)
 *fill*         0x00205863        0xd 00
                0x002022c0                __ramtext_ram_start__ = ADDR (.ram_text)
                0x00205870                __ramtext_ram_end__ = (ADDR (.ram_text) + SIZEOF (.ram_text))
                0x002022c0                __ramtext_load_start__ = LOADADDR (.ram_text)
                0x00205870                __ramtext_load_end__ = (__ramtext_load_start__ + SIZEOF (.ram_text))

.wav_data       0x00205870        0x0
 *.owav(*.data *.data.*)
                0x00205870                . = ALIGN (0x10)

.bmp_data       0x00205870      0x440
 *.obmp(*.data *.data.*)
 .data          0x00205870      0x43e ../../ecrobot/../ecrobot/libecrobot.a(nxtosek_splash.obmp)
                0x00205870                nxtosek_splash_bmp_start
                0x00205cae                nxtosek_splash_bmp_end
                0x00205cb0                . = ALIGN (0x10)
 *fill*         0x00205cae        0x2 00

.spr_data       0x00205cb0        0x0
 *.ospr(*.data *.data.*)
                0x00205cb0                . = ALIGN (0x10)

.data           0x00205cb0      0x180
 *(*.data *.data.*)
 .data.bt_status
                0x00205cb0        0x1 build/ecrobot_bluetooth.o
 *fill*         0x00205cb1        0x3 00
 .data.K_THETADOT
                0x00205cb4        0x4 build/balancer_param.o
                0x00205cb4                K_THETADOT
 .data.K_PHIDOT
                0x00205cb8        0x4 build/balancer_param.o
                0x00205cb8                K_PHIDOT
 .data.K_I      0x00205cbc        0x4 build/balancer_param.o
                0x00205cbc                K_I
 .data.K_F      0x00205cc0       0x10 build/balancer_param.o
                0x00205cc0                K_F
 .data.A_R      0x00205cd0        0x4 build/balancer_param.o
                0x00205cd0                A_R
 .data.A_D      0x00205cd4        0x4 build/balancer_param.o
                0x00205cd4                A_D
 .data.runningSPStrategy
                0x00205cd8        0xc build/Robonet.o
 .data.runningStrategy
                0x00205ce4       0xd8 build/Robonet.o
 .data.distance_state
                0x00205dbc       0x10 ../../ecrobot/../ecrobot/libecrobot.a(ecrobot_interface.o)
 .data.deviceStatus
                0x00205dcc        0x1 ../../ecrobot/../ecrobot/libecrobot.a(ecrobot_interface.o)
 .bss.data.2752
                0x00205dcd        0x4 ../../ecrobot/../ecrobot/libecrobot.a(ecrobot_interface.o)
 .data.named    0x00205dd1       0x22 ../../ecrobot/../ecrobot/libecrobot.a(udp.oram)
 .data.snd      0x00205df3       0x1a ../../ecrobot/../ecrobot/libecrobot.a(udp.oram)
 *fill*         0x00205e0d        0x3 00
 .data.configured
                0x00205e10        0x4 ../../ecrobot/../ecrobot/libecrobot.a(udp.oram)
 .data.mode     0x00205e14        0x1 ../../ecrobot/../ecrobot/libecrobot.a(nxt_spi.oram)
                0x00205e14                mode
 *fill*         0x00205e15        0x3 00
 .bss.data      0x00205e18        0x4 ../../ecrobot/../ecrobot/libecrobot.a(nxt_spi.oram)
                0x00205e18                data
 .data.display_auto_update
                0x00205e1c        0x4 ../../ecrobot/../ecrobot/libecrobot.a(display.oram)
                0x00205e1c                display_auto_update
 .data.display_buffer
                0x00205e20        0x4 ../../ecrobot/../ecrobot/libecrobot.a(display.oram)
                0x00205e30                . = ALIGN (0x10)
 *fill*         0x00205e24        0xc 00
                0x00205cb0                __data_ram_start__ = ADDR (.data)
                0x00205e30                __data_ram_end__ = (ADDR (.data) + SIZEOF (.data))
                0x00205cb0                __data_load_start__ = LOADADDR (.data)
                0x00205e30                __data_load_end__ = (__data_load_start__ + SIZEOF (.data))

.text           0x00205e30     0x48e0
                0x00205e30                . = ALIGN (0x10)
 *(*.text *.text.* *.glue*)
 .text.enqueue_alarm
                0x00205e30       0x90 build/kernel/alarm.o
 .text.alarm_initialize
                0x00205ec0       0x98 build/kernel/alarm.o
                0x00205ec0                alarm_initialize
 .text.SetRelAlarm
                0x00205f58       0xe8 build/kernel/alarm.o
                0x00205f58                SetRelAlarm
 .text.CancelAlarm
                0x00206040       0x9c build/kernel/alarm.o
                0x00206040                CancelAlarm
 .text.SignalCounter
                0x002060dc      0x134 build/kernel/alarm.o
                0x002060dc                SignalCounter
 .text.SetEvent
                0x00206210       0xac build/kernel/event.o
                0x00206210                SetEvent
 .text.ClearEvent
                0x002062bc       0x64 build/kernel/event.o
                0x002062bc                ClearEvent
 .text.WaitEvent
                0x00206320       0xa8 build/kernel/event.o
                0x00206320                WaitEvent
 .text.StartOS  0x002063c8       0x58 build/kernel/osctl.o
                0x002063c8                StartOS
 .text.ShutdownOS
                0x00206420       0x4c build/kernel/osctl.o
                0x00206420                ShutdownOS
 .text.call_pretaskhook
                0x0020646c       0x24 build/kernel/osctl.o
                0x0020646c                call_pretaskhook
 .text.call_errorhook
                0x00206490       0x78 build/kernel/osctl.o
                0x00206490                call_errorhook
 .text.call_posttaskhook
                0x00206508       0x24 build/kernel/osctl.o
                0x00206508                call_posttaskhook
 .text.search_schedtsk
                0x0020652c       0x94 build/kernel/task.o
                0x0020652c                search_schedtsk
 .text.make_runnable
                0x002065c0       0xac build/kernel/task.o
                0x002065c0                make_runnable
 .text.make_active
                0x0020666c       0x78 build/kernel/task.o
                0x0020666c                make_active
 .text.task_initialize
                0x002066e4       0x90 build/kernel/task.o
                0x002066e4                task_initialize
 .text.cpu_initialize
                0x00206774        0x4 build/config/at91sam7s-gnu/cpu_config.o
                0x00206774                cpu_initialize
 .text.cpu_terminate
                0x00206778        0x4 build/config/at91sam7s-gnu/cpu_config.o
                0x00206778                cpu_terminate
 .text.sys_initialize
                0x0020677c        0x4 build/config/at91sam7s-gnu/lego_nxt/sys_config.o
                0x0020677c                sys_initialize
 .text.sys_exit
                0x00206780        0x4 build/config/at91sam7s-gnu/lego_nxt/sys_config.o
                0x00206780                sys_exit
 .text._setevent_alarm_ALARM_RUNNING_CONTROL
                0x00206784       0x10 build/./kernel_cfg.o
 .text._setevent_alarm_ALARM_BALANCE_CONTROL
                0x00206794       0x10 build/./kernel_cfg.o
 .text._setevent_alarm_ALARM_SONAR_CONTROL
                0x002067a4       0x10 build/./kernel_cfg.o
 .text.object_initialize
                0x002067b4       0x10 build/./kernel_cfg.o
                0x002067b4                object_initialize
 .text.close_bt_stream
                0x002067c4       0x2c build/ecrobot_bluetooth.o
 .text.ecrobot_send_bt_packet
                0x002067f0       0x54 build/ecrobot_bluetooth.o
                0x002067f0                ecrobot_send_bt_packet
 .text.ecrobot_send_bt
                0x00206844       0x40 build/ecrobot_bluetooth.o
                0x00206844                ecrobot_send_bt
 .text.ecrobot_read_bt
                0x00206884       0x24 build/ecrobot_bluetooth.o
                0x00206884                ecrobot_read_bt
 .text.send_bt_command
                0x002068a8       0x40 build/ecrobot_bluetooth.o
 .text.ecrobot_term_bt_connection
                0x002068e8       0x48 build/ecrobot_bluetooth.o
                0x002068e8                ecrobot_term_bt_connection
 .text.read_bt_command
                0x00206930       0x5c build/ecrobot_bluetooth.o
 .text.open_bt_stream
                0x0020698c       0x50 build/ecrobot_bluetooth.o
 .text.ecrobot_get_bt_device_address
                0x002069dc       0x6c build/ecrobot_bluetooth.o
                0x002069dc                ecrobot_get_bt_device_address
 .text.ecrobot_init_bt_slave
                0x00206a48      0x12c build/ecrobot_bluetooth.o
                0x00206a48                ecrobot_init_bt_slave
 .text.init_OS_flag
                0x00206b74        0xc build/ecrobot_base.o
                0x00206b74                init_OS_flag
 .text.set_OS_flag
                0x00206b80        0xc build/ecrobot_base.o
                0x00206b80                set_OS_flag
 .text.get_OS_flag
                0x00206b8c        0xc build/ecrobot_base.o
                0x00206b8c                get_OS_flag
 .text.cpp_constructor
                0x00206b98       0x28 build/ecrobot_base.o
                0x00206b98                cpp_constructor
 .text.cpp_destructor
                0x00206bc0       0x28 build/ecrobot_base.o
                0x00206bc0                cpp_destructor
 .text.execution_mode
                0x00206be8       0x24 build/ecrobot_base.o
                0x00206be8                execution_mode
 .text.show_main_screen
                0x00206c0c       0x48 build/ecrobot_base.o
                0x00206c0c                show_main_screen
 .text.display_status_bar
                0x00206c54       0x5c build/ecrobot_base.o
                0x00206c54                display_status_bar
 .text.restart_NXT
                0x00206cb0       0x2c build/ecrobot_base.o
                0x00206cb0                restart_NXT
 .text.shutdown_NXT
                0x00206cdc       0x2c build/ecrobot_base.o
                0x00206cdc                shutdown_NXT
 .text.check_NXT_buttons
                0x00206d08       0x38 build/ecrobot_base.o
                0x00206d08                check_NXT_buttons
 .text.show_bd_addr
                0x00206d40       0x44 build/ecrobot_base.o
                0x00206d40                show_bd_addr
 .text.show_bd_addr_err
                0x00206d84       0x3c build/ecrobot_base.o
                0x00206d84                show_bd_addr_err
 .text.add_status_info
                0x00206dc0       0x68 build/ecrobot_base.o
                0x00206dc0                add_status_info
 .text.show_splash_screen
                0x00206e28       0x90 build/ecrobot_base.o
                0x00206e28                show_splash_screen
 .text.main     0x00206eb8      0x10c build/ecrobot.o
                0x00206eb8                main
 .text.AngularVelocity_init
                0x00206fc4       0x3c build/AngularVelocity.o
                0x00206fc4                AngularVelocity_init
 .text.AngularVelocity_Calibration
                0x00207000       0xc8 build/AngularVelocity.o
                0x00207000                AngularVelocity_Calibration
 .text.AngularVelocity_getOffsetValue
                0x002070c8        0x4 build/AngularVelocity.o
                0x002070c8                AngularVelocity_getOffsetValue
 .text.AngularVelocity_updateAngularVelocity
                0x002070cc       0x84 build/AngularVelocity.o
                0x002070cc                AngularVelocity_updateAngularVelocity
 .text.AngularVelocity_getMeanAngularVelocity
                0x00207150       0x2c build/AngularVelocity.o
                0x00207150                AngularVelocity_getMeanAngularVelocity
 .text.BalanceControl_init
                0x0020717c       0x14 build/BalanceControl.o
                0x0020717c                BalanceControl_init
 .text.BalanceControl_executionBalanceRunning
                0x00207190      0x158 build/BalanceControl.o
                0x00207190                BalanceControl_executionBalanceRunning
 .text.BlindRunning_init
                0x002072e8       0x18 build/BlindRunning.o
                0x002072e8                BlindRunning_init
 .text.BlindRunning_execution
                0x00207300       0xc4 build/BlindRunning.o
                0x00207300                BlindRunning_execution
 .text.Bluetooth_init
                0x002073c4       0x14 build/Bluetooth.o
                0x002073c4                Bluetooth_init
 .text.Bluetooth_waitStart
                0x002073d8       0x10 build/Bluetooth.o
                0x002073d8                Bluetooth_waitStart
 .text.CommandValue_init
                0x002073e8        0x8 build/CommandValue.o
                0x002073e8                CommandValue_init
 .text.CommandValue_setCommandValue
                0x002073f0        0x8 build/CommandValue.o
                0x002073f0                CommandValue_setCommandValue
 .text.CommandValue_getTurn
                0x002073f8        0x8 build/CommandValue.o
                0x002073f8                CommandValue_getTurn
 .text.CommandValue_getForward
                0x00207400        0x8 build/CommandValue.o
                0x00207400                CommandValue_getForward
 .text.CourseBrightness_init
                0x00207408       0x3c build/CourseBrightness.o
                0x00207408                CourseBrightness_init
 .text.CourseBrightness_updateBrightness
                0x00207444       0x8c build/CourseBrightness.o
                0x00207444                CourseBrightness_updateBrightness
 .text.CourseBrightness_getBrightness
                0x002074d0        0x4 build/CourseBrightness.o
                0x002074d0                CourseBrightness_getBrightness
 .text.CourseBrightness_getDiffEdge
                0x002074d4        0xc build/CourseBrightness.o
                0x002074d4                CourseBrightness_getDiffEdge
 .text.CourseBrightness_getDiffPast
                0x002074e0        0xc build/CourseBrightness.o
                0x002074e0                CourseBrightness_getDiffPast
 .text.CourseBrightness_Calibration
                0x002074ec      0x23c build/CourseBrightness.o
                0x002074ec                CourseBrightness_Calibration
 .text.CourseBrightness_getThreshold
                0x00207728       0x28 build/CourseBrightness.o
                0x00207728                CourseBrightness_getThreshold
 .text.CourseBrightness_getMeanBrightness
                0x00207750       0x24 build/CourseBrightness.o
                0x00207750                CourseBrightness_getMeanBrightness
 .text.JudgeBrightness_init
                0x00207774        0x8 build/JudgeBrightness.o
                0x00207774                JudgeBrightness_init
 .text.JudgeBrightness_execution
                0x0020777c       0xe4 build/JudgeBrightness.o
                0x0020777c                JudgeBrightness_execution
 .text.JudgeDirection_init
                0x00207860        0xc build/JudgeDirection.o
                0x00207860                JudgeDirection_init
 .text.JudgeDirection_execution
                0x0020786c       0xb4 build/JudgeDirection.o
                0x0020786c                JudgeDirection_execution
 .text.JudgeMarker_init
                0x00207920        0xc build/JudgeMarker.o
                0x00207920                JudgeMarker_init
 .text.JudgeMarker_execution
                0x0020792c       0x80 build/JudgeMarker.o
                0x0020792c                JudgeMarker_execution
 .text.JudgeMileage_init
                0x002079ac        0x4 build/JudgeMileage.o
                0x002079ac                JudgeMileage_init
 .text.JudgeMileage_execution
                0x002079b0       0x44 build/JudgeMileage.o
                0x002079b0                JudgeMileage_execution
 .text.JudgeSeesaw_init
                0x002079f4       0x20 build/JudgeSeesaw.o
                0x002079f4                JudgeSeesaw_init
 .text.JudgeSeesaw_execution
                0x00207a14       0xf0 build/JudgeSeesaw.o
                0x00207a14                JudgeSeesaw_execution
 .text.JudgeSonar_init
                0x00207b04        0x4 build/JudgeSonar.o
                0x00207b04                JudgeSonar_init
 .text.JudgeSonar_execution
                0x00207b08       0x54 build/JudgeSonar.o
                0x00207b08                JudgeSonar_execution
 .text.JudgeStepCapture_init
                0x00207b5c       0x10 build/JudgeStepCapture.o
                0x00207b5c                JudgeStepCapture_init
 .text.JudgeStepCapture_BalanceCheckC
                0x00207b6c       0x28 build/JudgeStepCapture.o
                0x00207b6c                JudgeStepCapture_BalanceCheckC
 .text.JudgeStepCapture_BalanceCheckS1
                0x00207b94       0x38 build/JudgeStepCapture.o
                0x00207b94                JudgeStepCapture_BalanceCheckS1
 .text.JudgeStepCapture_BalanceCheckS2
                0x00207bcc       0x38 build/JudgeStepCapture.o
                0x00207bcc                JudgeStepCapture_BalanceCheckS2
 .text.JudgeStepCapture_TimeCount
                0x00207c04       0x20 build/JudgeStepCapture.o
                0x00207c04                JudgeStepCapture_TimeCount
 .text.JudgeStepCapture_execution
                0x00207c24       0x50 build/JudgeStepCapture.o
                0x00207c24                JudgeStepCapture_execution
 .text.JudgeTail_init
                0x00207c74       0x10 build/JudgeTail.o
                0x00207c74                JudgeTail_init
 .text.JudgeTail_execution
                0x00207c84        0xc build/JudgeTail.o
                0x00207c84                JudgeTail_execution
 .text.LineTrace_init
                0x00207c90       0x10 build/LineTrace.o
                0x00207c90                LineTrace_init
 .text.LineTrace_execution
                0x00207ca0      0x134 build/LineTrace.o
                0x00207ca0                LineTrace_execution
 .text.Log_init
                0x00207dd4       0x24 build/Log.o
                0x00207dd4                Log_init
 .text.Log_get  0x00207df8       0x74 build/Log.o
                0x00207df8                Log_get
 .text.MotorCount_init
                0x00207e6c       0x1c build/MotorCount.o
                0x00207e6c                MotorCount_init
 .text.MotorCount_updateMotorCount
                0x00207e88       0x24 build/MotorCount.o
                0x00207e88                MotorCount_updateMotorCount
 .text.MotorCount_getMotorCount
                0x00207eac        0x4 build/MotorCount.o
                0x00207eac                MotorCount_getMotorCount
 .text.MotorCount_getPastMotorCount
                0x00207eb0       0x18 build/MotorCount.o
                0x00207eb0                MotorCount_getPastMotorCount
 .text.MotorCount_setStartMotorCount
                0x00207ec8        0x8 build/MotorCount.o
                0x00207ec8                MotorCount_setStartMotorCount
 .text.MotorCount_getStartMotorCount
                0x00207ed0        0x4 build/MotorCount.o
                0x00207ed0                MotorCount_getStartMotorCount
 .text.OperationMethod_init
                0x00207ed4        0x4 build/OperationMethod.o
                0x00207ed4                OperationMethod_init
 .text.Pwm_init
                0x00207ed8       0x28 build/Pwm.o
                0x00207ed8                Pwm_init
 .text.Pwm_updatePwm
                0x00207f00       0x6c build/Pwm.o
                0x00207f00                Pwm_updatePwm
 .text.Pwm_getMeanPwm
                0x00207f6c       0x34 build/Pwm.o
                0x00207f6c                Pwm_getMeanPwm
 .text.RunningMachine_init
                0x00207fa0       0x20 build/RunningMachine.o
                0x00207fa0                RunningMachine_init
 .text.RunningMachine_waitStart
                0x00207fc0       0xe4 build/RunningMachine.o
                0x00207fc0                RunningMachine_waitStart
 .text.RunningMachine_judgeFall
                0x002080a4       0x3c build/RunningMachine.o
                0x002080a4                RunningMachine_judgeFall
 .text.RunningMachine_run
                0x002080e0       0x6c build/RunningMachine.o
                0x002080e0                RunningMachine_run
 .text.RunningMachine_stop
                0x0020814c       0x1c build/RunningMachine.o
                0x0020814c                RunningMachine_stop
 .text.RunningPositionInfo_init
                0x00208168       0x1c build/RunningPositionInfo.o
                0x00208168                RunningPositionInfo_init
 .text.RunningPositionInfo_presumptionPosition
                0x00208184       0xc4 build/RunningPositionInfo.o
                0x00208184                RunningPositionInfo_presumptionPosition
 .text.RunningPositionInfo_getMileage
                0x00208248        0xc build/RunningPositionInfo.o
                0x00208248                RunningPositionInfo_getMileage
 .text.RunningPositionInfo_getStartMileage
                0x00208254        0xc build/RunningPositionInfo.o
                0x00208254                RunningPositionInfo_getStartMileage
 .text.RunningPositionInfo_getDirection
                0x00208260       0x24 build/RunningPositionInfo.o
                0x00208260                RunningPositionInfo_getDirection
 .text.RunningPositionInfo_getStartDirection
                0x00208284       0x24 build/RunningPositionInfo.o
                0x00208284                RunningPositionInfo_getStartDirection
 .text.RunningPositionInfo_setStartPositionInfo
                0x002082a8       0x20 build/RunningPositionInfo.o
                0x002082a8                RunningPositionInfo_setStartPositionInfo
 .text.ScreenDetectionRunning_init
                0x002082c8       0x2c build/ScreenDetectionRunning.o
                0x002082c8                ScreenDetectionRunning_init
 .text.ScreenDetectionRunning_execution
                0x002082f4       0x68 build/ScreenDetectionRunning.o
                0x002082f4                ScreenDetectionRunning_execution
 .text.SeesawPass_init
                0x0020835c       0x24 build/SeesawPass.o
                0x0020835c                SeesawPass_init
 .text.SeesawPass_seesawNormalPass
                0x00208380      0x10c build/SeesawPass.o
                0x00208380                SeesawPass_seesawNormalPass
 .text.SeesawPass_seesawLeave
                0x0020848c       0xd4 build/SeesawPass.o
                0x0020848c                SeesawPass_seesawLeave
 .text.SeesawPass_execution
                0x00208560      0x208 build/SeesawPass.o
                0x00208560                SeesawPass_execution
 .text.SonarData_init
                0x00208768        0x8 build/SonarData.o
                0x00208768                SonarData_init
 .text.SonarData_update
                0x00208770       0x14 build/SonarData.o
                0x00208770                SonarData_update
 .text.SonarData_get
                0x00208784        0x4 build/SonarData.o
                0x00208784                SonarData_get
 .text.StepCapture_init
                0x00208788       0x24 build/StepCapture.o
                0x00208788                StepCapture_init
 .text.GoUpStep1
                0x002087ac       0x3c build/StepCapture.o
                0x002087ac                GoUpStep1
 .text.GoUpStep2
                0x002087e8       0x3c build/StepCapture.o
                0x002087e8                GoUpStep2
 .text.LevelRun1
                0x00208824       0x38 build/StepCapture.o
                0x00208824                LevelRun1
 .text.LevelRun2
                0x0020885c       0x34 build/StepCapture.o
                0x0020885c                LevelRun2
 .text.LevelRun3
                0x00208890       0x34 build/StepCapture.o
                0x00208890                LevelRun3
 .text.StepCaptureExecution
                0x002088c4       0xb8 build/StepCapture.o
                0x002088c4                StepCaptureExecution
 .text.Strategy_init
                0x0020897c       0x58 build/Strategy.o
                0x0020897c                Strategy_init
 .text.Strategy_judge
                0x002089d4       0xb8 build/Strategy.o
                0x002089d4                Strategy_judge
 .text.Strategy_setStrategyId
                0x00208a8c       0x14 build/Strategy.o
                0x00208a8c                Strategy_setStrategyId
 .text.Strategy_operation
                0x00208aa0      0x190 build/Strategy.o
                0x00208aa0                Strategy_operation
 .text.Strategy_execution
                0x00208c30       0x98 build/Strategy.o
                0x00208c30                Strategy_execution
 .text.TailControl_init
                0x00208cc8        0xc build/TailControl.o
                0x00208cc8                TailControl_init
 .text.TailControl_Get_TailControlInit
                0x00208cd4        0x8 build/TailControl.o
                0x00208cd4                TailControl_Get_TailControlInit
 .text.TailControl_Calibration
                0x00208cdc       0x7c build/TailControl.o
                0x00208cdc                TailControl_Calibration
 .text.TailControl_TailOperation
                0x00208d58       0x64 build/TailControl.o
                0x00208d58                TailControl_TailOperation
 .text.TailRunning_executionTailRunning
                0x00208dbc       0x60 build/TailRunning.o
                0x00208dbc                TailRunning_executionTailRunning
 .text.ecrobot_device_initialize
                0x00208e1c       0x20 build/Robonet.o
                0x00208e1c                ecrobot_device_initialize
 .text.ecrobot_device_terminate
                0x00208e3c       0x2c build/Robonet.o
                0x00208e3c                ecrobot_device_terminate
 .text.user_1ms_isr_type2
                0x00208e68       0x1c build/Robonet.o
                0x00208e68                user_1ms_isr_type2
 .text.TaskMainRUNNING_CONTROL
                0x00208e84      0x288 build/Robonet.o
                0x00208e84                TaskMainRUNNING_CONTROL
 .text.TaskMainBALANCE_CONTROL
                0x0020910c       0x88 build/Robonet.o
                0x0020910c                TaskMainBALANCE_CONTROL
 .text.TaskMainSONAR_CONTROL
                0x00209194       0x28 build/Robonet.o
                0x00209194                TaskMainSONAR_CONTROL
 .text.ecrobot_get_gyro_sensor
                0x002091bc       0x14 ../../ecrobot/../ecrobot/libecrobot.a(ecrobot_HiTechnic.o)
                0x002091bc                ecrobot_get_gyro_sensor
 .text.ecrobot_set_light_sensor_active
                0x002091d0       0x10 ../../ecrobot/../ecrobot/libecrobot.a(ecrobot_interface.o)
                0x002091d0                ecrobot_set_light_sensor_active
 .text.ecrobot_set_light_sensor_inactive
                0x002091e0       0x10 ../../ecrobot/../ecrobot/libecrobot.a(ecrobot_interface.o)
                0x002091e0                ecrobot_set_light_sensor_inactive
 .text.ecrobot_get_light_sensor
                0x002091f0       0x14 ../../ecrobot/../ecrobot/libecrobot.a(ecrobot_interface.o)
                0x002091f0                ecrobot_get_light_sensor
 .text.ecrobot_get_touch_sensor
                0x00209204       0x20 ../../ecrobot/../ecrobot/libecrobot.a(ecrobot_interface.o)
                0x00209204                ecrobot_get_touch_sensor
 .text.ecrobot_init_i2c
                0x00209224       0x2c ../../ecrobot/../ecrobot/libecrobot.a(ecrobot_interface.o)
                0x00209224                ecrobot_init_i2c
 .text.getDistance
                0x00209250       0x20 ../../ecrobot/../ecrobot/libecrobot.a(ecrobot_interface.o)
 .text.ecrobot_init_sonar_sensor
                0x00209270       0x10 ../../ecrobot/../ecrobot/libecrobot.a(ecrobot_interface.o)
                0x00209270                ecrobot_init_sonar_sensor
 .text.ecrobot_get_sonar_sensor
                0x00209280       0x48 ../../ecrobot/../ecrobot/libecrobot.a(ecrobot_interface.o)
                0x00209280                ecrobot_get_sonar_sensor
 .text.ecrobot_term_sonar_sensor
                0x002092c8       0x20 ../../ecrobot/../ecrobot/libecrobot.a(ecrobot_interface.o)
                0x002092c8                ecrobot_term_sonar_sensor
 .text.ecrobot_get_battery_voltage
                0x002092e8        0xc ../../ecrobot/../ecrobot/libecrobot.a(ecrobot_interface.o)
                0x002092e8                ecrobot_get_battery_voltage
 .text.ecrobot_get_button_state
                0x002092f4        0xc ../../ecrobot/../ecrobot/libecrobot.a(ecrobot_interface.o)
                0x002092f4                ecrobot_get_button_state
 .text.ecrobot_init_nxtstate
                0x00209300       0x28 ../../ecrobot/../ecrobot/libecrobot.a(ecrobot_interface.o)
                0x00209300                ecrobot_init_nxtstate
 .text.ecrobot_poll_nxtstate
                0x00209328       0x64 ../../ecrobot/../ecrobot/libecrobot.a(ecrobot_interface.o)
                0x00209328                ecrobot_poll_nxtstate
 .text.ecrobot_setDeviceInitialized
                0x0020938c       0x18 ../../ecrobot/../ecrobot/libecrobot.a(ecrobot_interface.o)
                0x0020938c                ecrobot_setDeviceInitialized
 .text.ecrobot_initDeviceStatus
                0x002093a4        0xc ../../ecrobot/../ecrobot/libecrobot.a(ecrobot_interface.o)
                0x002093a4                ecrobot_initDeviceStatus
 .text.ecrobot_bt_adc_data_logger
                0x002093b0       0xa0 ../../ecrobot/../ecrobot/libecrobot.a(ecrobot_interface.o)
                0x002093b0                ecrobot_bt_adc_data_logger
 .text.ecrobot_bmp2lcd
                0x00209450      0x1c8 ../../ecrobot/../ecrobot/libecrobot.a(ecrobot_interface.o)
                0x00209450                ecrobot_bmp2lcd
 .text.ecrobot_is_ENTER_button_pressed
                0x00209618       0x10 ../../ecrobot/../ecrobot/libecrobot.a(ecrobot_interface.o)
                0x00209618                ecrobot_is_ENTER_button_pressed
 .text.StartupHook
                0x00209628        0x4 ../../ecrobot/../ecrobot/libecrobot.a(osek_hook.o)
                0x00209628                StartupHook
 .text.PreTaskHook
                0x0020962c        0x4 ../../ecrobot/../ecrobot/libecrobot.a(osek_hook.o)
                0x0020962c                PreTaskHook
 .text.PostTaskHook
                0x00209630        0x4 ../../ecrobot/../ecrobot/libecrobot.a(osek_hook.o)
                0x00209630                PostTaskHook
 .text.ErrorHook
                0x00209634        0x4 ../../ecrobot/../ecrobot/libecrobot.a(osek_hook.o)
                0x00209634                ErrorHook
 .text.ShutdownHook
                0x00209638        0x4 ../../ecrobot/../ecrobot/libecrobot.a(osek_hook.o)
                0x00209638                ShutdownHook
 .text.balance_control
                0x0020963c      0x254 ../../ecrobot/../ecrobot/libnxtway_gs_balancer.a(balancer.o)
                0x0020963c                balance_control
 .text          0x00209890       0x8c /cygdrive/C/cygwin/GNUARM/bin/../lib/gcc/arm-elf/4.0.2/thumb/interwork/libgcc.a(_udivsi3.o)
                0x00209890                __udivsi3
                0x0020990c                __aeabi_uidivmod
 .text          0x0020991c       0xa4 /cygdrive/C/cygwin/GNUARM/bin/../lib/gcc/arm-elf/4.0.2/thumb/interwork/libgcc.a(_divsi3.o)
                0x0020991c                __divsi3
                0x002099b0                __aeabi_idivmod
 .text          0x002099c0       0xc8 /cygdrive/C/cygwin/GNUARM/bin/../lib/gcc/arm-elf/4.0.2/thumb/interwork/libgcc.a(_umodsi3.o)
                0x002099c0                __umodsi3
 .text          0x00209a88       0xd8 /cygdrive/C/cygwin/GNUARM/bin/../lib/gcc/arm-elf/4.0.2/thumb/interwork/libgcc.a(_modsi3.o)
                0x00209a88                __modsi3
 .text          0x00209b60        0x4 /cygdrive/C/cygwin/GNUARM/bin/../lib/gcc/arm-elf/4.0.2/thumb/interwork/libgcc.a(_dvmd_tls.o)
                0x00209b60                __aeabi_ldiv0
                0x00209b60                __div0
                0x00209b60                __aeabi_idiv0
 .text          0x00209b64      0x2ac /cygdrive/C/cygwin/GNUARM/bin/../lib/gcc/arm-elf/4.0.2/thumb/interwork/libgcc.a(_addsubsf3.o)
                0x00209b70                __aeabi_fadd
                0x00209b6c                __subsf3
                0x00209d34                __aeabi_i2f
                0x00209b6c                __aeabi_fsub
                0x00209d64                __floatdisf
                0x00209d34                __floatsisf
                0x00209d54                __floatundisf
                0x00209d2c                __aeabi_ui2f
                0x00209d64                __aeabi_l2f
                0x00209d54                __aeabi_ul2f
                0x00209b64                __aeabi_frsub
                0x00209d2c                __floatunsisf
                0x00209b70                __addsf3
 .text          0x00209e10      0x2f8 /cygdrive/C/cygwin/GNUARM/bin/../lib/gcc/arm-elf/4.0.2/thumb/interwork/libgcc.a(_muldivsf3.o)
                0x00209fa8                __divsf3
                0x00209fa8                __aeabi_fdiv
                0x00209e10                __mulsf3
                0x00209e10                __aeabi_fmul
 .text          0x0020a108      0x110 /cygdrive/C/cygwin/GNUARM/bin/../lib/gcc/arm-elf/4.0.2/thumb/interwork/libgcc.a(_cmpsf2.o)
                0x0020a200                __aeabi_fcmpgt
                0x0020a110                __lesf2
                0x0020a118                __nesf2
                0x0020a1e8                __aeabi_fcmpge
                0x0020a108                __gtsf2
                0x0020a1d0                __aeabi_fcmple
                0x0020a118                __eqsf2
                0x0020a118                __cmpsf2
                0x0020a110                __ltsf2
                0x0020a188                __aeabi_cfcmple
                0x0020a108                __gesf2
                0x0020a1a0                __aeabi_fcmpeq
                0x0020a178                __aeabi_cfrcmple
                0x0020a1b8                __aeabi_fcmplt
                0x0020a188                __aeabi_cfcmpeq
 .text          0x0020a218       0x5c /cygdrive/C/cygwin/GNUARM/bin/../lib/gcc/arm-elf/4.0.2/thumb/interwork/libgcc.a(_fixsfsi.o)
                0x0020a218                __fixsfsi
                0x0020a218                __aeabi_f2iz
 .text          0x0020a274       0x68 /cygdrive/C/cygwin/GNUARM/bin/../lib/gcc/arm-elf/4.0.2/../../../../arm-elf/lib/thumb/interwork/libc.a(memcpy.o)
                0x0020a274                memcpy
 .text          0x0020a2dc       0x68 /cygdrive/C/cygwin/GNUARM/bin/../lib/gcc/arm-elf/4.0.2/../../../../arm-elf/lib/thumb/interwork/libc.a(memset.o)
                0x0020a2dc                memset
 .text          0x0020a344       0x60 /cygdrive/C/cygwin/GNUARM/bin/../lib/gcc/arm-elf/4.0.2/../../../../arm-elf/lib/thumb/interwork/libc.a(strcpy.o)
                0x0020a344                strcpy
 .text          0x0020a3a4       0x48 /cygdrive/C/cygwin/GNUARM/bin/../lib/gcc/arm-elf/4.0.2/../../../../arm-elf/lib/thumb/interwork/libc.a(strlen.o)
                0x0020a3a4                strlen
 .glue_7        0x0020a3ec       0x30 /cygdrive/C/cygwin/GNUARM/bin/../lib/gcc/arm-elf/4.0.2/../../../../arm-elf/lib/thumb/interwork/libc.a(strncpy.o)
                0x0020a404                __call_posttaskhook_from_arm
                0x0020a3ed                __ecrobot_debug1_from_arm
                0x0020a3f9                __ecrobot_debug2_from_arm
                0x0020a410                __call_pretaskhook_from_arm
 .glue_7t       0x0020a41c       0xa8 /cygdrive/C/cygwin/GNUARM/bin/../lib/gcc/arm-elf/4.0.2/../../../../arm-elf/lib/thumb/interwork/libc.a(strncpy.o)
                0x0020a448                __start_change_to_arm
                0x0020a4ac                __interrupts_get_and_disable_from_thumb
                0x0020a484                ____lesf2_from_thumb
                0x0020a4a5                ____gtdf2_from_thumb
                0x0020a43d                __exit_and_dispatch_from_thumb
                0x0020a474                ____divsf3_from_thumb
                0x0020a480                ____gesf2_change_to_arm
                0x0020a460                ____fixsfsi_change_to_arm
                0x0020a490                ____eqsf2_change_to_arm
                0x0020a458                ____addsf3_change_to_arm
                0x0020a45c                ____fixsfsi_from_thumb
                0x0020a44c                ____floatsisf_from_thumb
                0x0020a440                __exit_and_dispatch_change_to_arm
                0x0020a41c                __disable_int_from_thumb
                0x0020a47c                ____gesf2_from_thumb
                0x0020a434                __start_dispatch_from_thumb
                0x0020a488                ____lesf2_change_to_arm
                0x0020a444                __start_from_thumb
                0x0020a4a0                ____muldf3_change_to_arm
                0x0020a478                ____divsf3_change_to_arm
                0x0020a424                __enable_int_from_thumb
                0x0020a42c                __dispatch_from_thumb
                0x0020a4b8                __interrupts_enable_change_to_arm
                0x0020a4b0                __interrupts_get_and_disable_change_to_arm
                0x0020a430                __dispatch_change_to_arm
                0x0020a470                ____mulsf3_change_to_arm
                0x0020a4a8                ____gtdf2_change_to_arm
                0x0020a495                ____floatsidf_from_thumb
                0x0020a450                ____floatsisf_change_to_arm
                0x0020a4bd                __display_bios_status_from_thumb
                0x0020a464                ____subsf3_from_thumb
                0x0020a420                __disable_int_change_to_arm
                0x0020a46c                ____mulsf3_from_thumb
                0x0020a454                ____addsf3_from_thumb
                0x0020a49d                ____muldf3_from_thumb
                0x0020a48c                ____eqsf2_from_thumb
                0x0020a468                ____subsf3_change_to_arm
                0x0020a428                __enable_int_change_to_arm
                0x0020a498                ____floatsidf_change_to_arm
                0x0020a4b4                __interrupts_enable_from_thumb
                0x0020a4c0                __display_bios_status_change_to_arm
                0x0020a438                __start_dispatch_change_to_arm
                0x0020a4d0                . = ALIGN (0x10)
 *fill*         0x0020a4c4        0xc 00
 *(*.rodata *.rodata.*)
 .rodata.search_table.966
                0x0020a4d0        0xf build/kernel/task.o
 *fill*         0x0020a4df        0x1 00
 .rodata.EVENT_SONAR_CONTROL
                0x0020a4e0        0x4 build/./kernel_cfg.o
                0x0020a4e0                EVENT_SONAR_CONTROL
 .rodata.EVENT_BALANCE_CONTROL
                0x0020a4e4        0x4 build/./kernel_cfg.o
                0x0020a4e4                EVENT_BALANCE_CONTROL
 .rodata.EVENT_RUNNING_CONTROL
                0x0020a4e8        0x4 build/./kernel_cfg.o
                0x0020a4e8                EVENT_RUNNING_CONTROL
 .rodata.alminib_cycle
                0x0020a4ec        0xc build/./kernel_cfg.o
                0x0020a4ec                alminib_cycle
 .rodata.alminib_almval
                0x0020a4f8        0xc build/./kernel_cfg.o
                0x0020a4f8                alminib_almval
 .rodata.alminib_autosta
                0x0020a504        0x3 build/./kernel_cfg.o
                0x0020a504                alminib_autosta
 *fill*         0x0020a507        0x1 00
 .rodata.alminib_cback
                0x0020a508        0xc build/./kernel_cfg.o
                0x0020a508                alminib_cback
 .rodata.alminib_cntid
                0x0020a514        0x3 build/./kernel_cfg.o
                0x0020a514                alminib_cntid
 .rodata.ALARM_SONAR_CONTROL
                0x0020a517        0x1 build/./kernel_cfg.o
                0x0020a517                ALARM_SONAR_CONTROL
 .rodata.ALARM_BALANCE_CONTROL
                0x0020a518        0x1 build/./kernel_cfg.o
                0x0020a518                ALARM_BALANCE_CONTROL
 .rodata.ALARM_RUNNING_CONTROL
                0x0020a519        0x1 build/./kernel_cfg.o
                0x0020a519                ALARM_RUNNING_CONTROL
 *fill*         0x0020a51a        0x2 00
 .rodata.cntinib_mincyc
                0x0020a51c        0x4 build/./kernel_cfg.o
                0x0020a51c                cntinib_mincyc
 .rodata.cntinib_tickbase
                0x0020a520        0x4 build/./kernel_cfg.o
                0x0020a520                cntinib_tickbase
 .rodata.cntinib_maxval2
                0x0020a524        0x4 build/./kernel_cfg.o
                0x0020a524                cntinib_maxval2
 .rodata.cntinib_maxval
                0x0020a528        0x4 build/./kernel_cfg.o
                0x0020a528                cntinib_maxval
 .rodata.Cnt    0x0020a52c        0x1 build/./kernel_cfg.o
                0x0020a52c                Cnt
 *fill*         0x0020a52d        0x1 00
 .rodata.tinib_stksz
                0x0020a52e        0x6 build/./kernel_cfg.o
                0x0020a52e                tinib_stksz
 .rodata.tinib_stk
                0x0020a534        0xc build/./kernel_cfg.o
                0x0020a534                tinib_stk
 .rodata.tinib_task
                0x0020a540        0xc build/./kernel_cfg.o
                0x0020a540                tinib_task
 .rodata.tinib_autoact
                0x0020a54c        0x3 build/./kernel_cfg.o
                0x0020a54c                tinib_autoact
 .rodata.tinib_exepri
                0x0020a54f        0x3 build/./kernel_cfg.o
                0x0020a54f                tinib_exepri
 .rodata.tinib_inipri
                0x0020a552        0x3 build/./kernel_cfg.o
                0x0020a552                tinib_inipri
 .rodata.tnum_exttask
                0x0020a555        0x1 build/./kernel_cfg.o
                0x0020a555                tnum_exttask
 .rodata.tnum_task
                0x0020a556        0x1 build/./kernel_cfg.o
                0x0020a556                tnum_task
 .rodata.tnum_counter
                0x0020a557        0x1 build/./kernel_cfg.o
                0x0020a557                tnum_counter
 .rodata.tnum_alarm
                0x0020a558        0x1 build/./kernel_cfg.o
                0x0020a558                tnum_alarm
 *fill*         0x0020a559        0x3 00
 .rodata.exec_addr
                0x0020a55c        0x4 build/ecrobot_base.o
                0x0020a55c                exec_addr
 .rodata.str1.4
                0x0020a560       0x80 build/ecrobot_base.o
 .rodata.str1.4
                0x0020a5e0       0x18 build/AngularVelocity.o
 .rodata.BATTERY_OFFSET
                0x0020a5f8        0x4 build/balancer_param.o
                0x0020a5f8                BATTERY_OFFSET
 .rodata.BATTERY_GAIN
                0x0020a5fc        0x4 build/balancer_param.o
                0x0020a5fc                BATTERY_GAIN
 .rodata.str1.4
                0x0020a600       0x54 build/CourseBrightness.o
 .rodata.JudgeBrightness_execution
                0x0020a654       0x14 build/JudgeBrightness.o
 .rodata.str1.4
                0x0020a668        0x6 build/JudgeSonar.o
                                  0x8 (size before relaxing)
 *fill*         0x0020a66e        0x2 00
 .rodata.str1.4
                0x0020a670        0xb build/RunningMachine.o
                                  0xc (size before relaxing)
 *fill*         0x0020a67b        0x1 00
 .rodata.Strategy_judge
                0x0020a67c       0x20 build/Strategy.o
 .rodata.Strategy_operation
                0x0020a69c       0x18 build/Strategy.o
 .rodata.str1.4
                0x0020a6b4       0x22 build/TailControl.o
                                 0x24 (size before relaxing)
 *fill*         0x0020a6d6        0x2 00
 .rodata.str1.4
                0x0020a6d8       0x36 build/Robonet.o
                                 0x38 (size before relaxing)
                0x0020a710                . = ALIGN (0x10)
 *fill*         0x0020a70e        0x2 00
 *(*.gnu.linkonce.* .gcc_except_table)
                0x0020a710                . = ALIGN (0x10)

.tors           0x0020a710        0x0
                0x0020a710                . = ALIGN (0x10)
                0x0020a710                __ctor_begin = .
 *(*.ctors*)
                0x0020a710                __ctor_end = .
                0x0020a710                . = ALIGN (0x10)
                0x0020a710                __dtor_begin = .
 *(*.dtors*)
                0x0020a710                __dtor_end = .
                0x0020a710                . = ALIGN (0x10)

.bss            0x0020a710     0x2304
 *(*.bss *.bss.*)
 .bss.ready_primap
                0x0020a710        0x2 build/kernel/task.o
 .bss.ready_queue_last
                0x0020a712       0x10 build/kernel/task.o
 .bss.ready_queue_first
                0x0020a722       0x10 build/kernel/task.o
 *fill*         0x0020a732        0x2 00
 .bss._stack_SONAR_CONTROL
                0x0020a734      0x200 build/./kernel_cfg.o
 .bss._stack_BALANCE_CONTROL
                0x0020a934      0x400 build/./kernel_cfg.o
 .bss._stack_RUNNING_CONTROL
                0x0020ad34      0xa00 build/./kernel_cfg.o
 .bss.receiveBuf
                0x0020b734       0x80 build/ecrobot_bluetooth.o
 .bss.sendBuf   0x0020b7b4      0x100 build/ecrobot_bluetooth.o
 .bss.handle    0x0020b8b4        0x1 build/ecrobot_bluetooth.o
 *fill*         0x0020b8b5        0x3 00
 .bss.status_bar_position
                0x0020b8b8        0x4 build/ecrobot_base.o
 .bss.last_act_time.2742
                0x0020b8bc        0x4 build/ecrobot_base.o
 .bss.lcd.2671  0x0020b8c0      0x320 build/ecrobot_base.o
 .bss.OS_flag   0x0020bbe0        0x4 build/ecrobot_base.o
 .bss.status_bar
                0x0020bbe4       0x10 build/ecrobot_base.o
 .bss.roop_c.3372
                0x0020bbf4        0x4 build/RunningMachine.o
 .bss.adc       0x0020bbf8        0x8 ../../ecrobot/../ecrobot/libecrobot.a(ecrobot_interface.o)
 .bss.buttons_i
                0x0020bc00        0x4 ../../ecrobot/../ecrobot/libecrobot.a(ecrobot_interface.o)
 .bss.buttons_states
                0x0020bc04       0x14 ../../ecrobot/../ecrobot/libecrobot.a(ecrobot_interface.o)
 .bss.ecrobot_inputs
                0x0020bc18        0x8 ../../ecrobot/../ecrobot/libecrobot.a(ecrobot_interface.o)
 .bss.systick_ms
                0x0020bc20        0x4 ../../ecrobot/../ecrobot/libecrobot.a(systick.oram)
 .bss.delayedEnable
                0x0020bc24        0x1 ../../ecrobot/../ecrobot/libecrobot.a(udp.oram)
 *fill*         0x0020bc25        0x3 00
 .bss.outCnt    0x0020bc28        0x4 ../../ecrobot/../ecrobot/libecrobot.a(udp.oram)
 .bss.outPtr    0x0020bc2c        0x4 ../../ecrobot/../ecrobot/libecrobot.a(udp.oram)
 .bss.newAddress
                0x0020bc30        0x4 ../../ecrobot/../ecrobot/libecrobot.a(udp.oram)
 .bss.currentRxBank
                0x0020bc34        0x4 ../../ecrobot/../ecrobot/libecrobot.a(udp.oram)
 .bss.currentFeatures
                0x0020bc38        0x4 ../../ecrobot/../ecrobot/libecrobot.a(udp.oram)
 .bss.currentConfig
                0x0020bc3c        0x1 ../../ecrobot/../ecrobot/libecrobot.a(udp.oram)
 *fill*         0x0020bc3d        0x3 00
 .bss.twi_mask  0x0020bc40        0x4 ../../ecrobot/../ecrobot/libecrobot.a(twi.oram)
 .bss.twi_ptr   0x0020bc44        0x4 ../../ecrobot/../ecrobot/libecrobot.a(twi.oram)
 .bss.twi_pending
                0x0020bc48        0x4 ../../ecrobot/../ecrobot/libecrobot.a(twi.oram)
 .bss.twi_state
                0x0020bc4c        0x4 ../../ecrobot/../ecrobot/libecrobot.a(twi.oram)
 .bss.page      0x0020bc50        0x1 ../../ecrobot/../ecrobot/libecrobot.a(nxt_spi.oram)
                0x0020bc50                page
 .bss.dirty     0x0020bc51        0x1 ../../ecrobot/../ecrobot/libecrobot.a(nxt_spi.oram)
                0x0020bc51                dirty
 *fill*         0x0020bc52        0x2 00
 .bss.display   0x0020bc54        0x4 ../../ecrobot/../ecrobot/libecrobot.a(nxt_spi.oram)
                0x0020bc54                display
 .bss.interrupts_this_period
                0x0020bc58        0x4 ../../ecrobot/../ecrobot/libecrobot.a(nxt_motors.oram)
 .bss.nxt_motor_initialised
                0x0020bc5c        0x4 ../../ecrobot/../ecrobot/libecrobot.a(nxt_motors.oram)
 .bss.motor     0x0020bc60       0x30 ../../ecrobot/../ecrobot/libecrobot.a(nxt_motors.oram)
 .bss.display_tick
                0x0020bc90        0x4 ../../ecrobot/../ecrobot/libecrobot.a(display.oram)
                0x0020bc90                display_tick
 .bss.display_array
                0x0020bc94      0x388 ../../ecrobot/../ecrobot/libecrobot.a(display.oram)
 .bss.i2c_int_count
                0x0020c01c        0x4 ../../ecrobot/../ecrobot/libecrobot.a(i2c.oram)
 .bss.i2c_port  0x0020c020      0x170 ../../ecrobot/../ecrobot/libecrobot.a(i2c.oram)
 .bss.sound_mode
                0x0020c190        0x1 ../../ecrobot/../ecrobot/libecrobot.a(sound.oram)
                0x0020c190                sound_mode
 *fill*         0x0020c191        0x3 00
 .bss.in_buf_idx
                0x0020c194        0x4 ../../ecrobot/../ecrobot/libecrobot.a(bt.oram)
 .bss.buf_ptr   0x0020c198        0x4 ../../ecrobot/../ecrobot/libecrobot.a(bt.oram)
 .bss.out_buf   0x0020c19c      0x200 ../../ecrobot/../ecrobot/libecrobot.a(bt.oram)
 .bss.out_buf_ptr
                0x0020c39c        0x1 ../../ecrobot/../ecrobot/libecrobot.a(bt.oram)
 .bss.in_buf_in_ptr
                0x0020c39d        0x1 ../../ecrobot/../ecrobot/libecrobot.a(bt.oram)
 .bss.in_buf    0x0020c39e      0x100 ../../ecrobot/../ecrobot/libecrobot.a(bt.oram)
 *fill*         0x0020c49e        0x2 00
 .bss.link_state
                0x0020c4a0        0x4 ../../ecrobot/../ecrobot/libecrobot.a(nxt_avr.oram)
 .bss.update_count
                0x0020c4a4        0x4 ../../ecrobot/../ecrobot/libecrobot.a(nxt_avr.oram)
 .bss.nxt_avr_stats
                0x0020c4a8       0x14 ../../ecrobot/../ecrobot/libecrobot.a(nxt_avr.oram)
 .bss.debounce_cnt
                0x0020c4bc        0x2 ../../ecrobot/../ecrobot/libecrobot.a(nxt_avr.oram)
 .bss.debounce_state
                0x0020c4be        0x2 ../../ecrobot/../ecrobot/libecrobot.a(nxt_avr.oram)
 .bss.button_state
                0x0020c4c0        0x2 ../../ecrobot/../ecrobot/libecrobot.a(nxt_avr.oram)
 .bss.prev_buttons
                0x0020c4c2        0x2 ../../ecrobot/../ecrobot/libecrobot.a(nxt_avr.oram)
 .bss.from_buf  0x0020c4c4        0x4 ../../ecrobot/../ecrobot/libecrobot.a(nxt_avr.oram)
 .bss.io_from_avr
                0x0020c4c8        0x4 ../../ecrobot/../ecrobot/libecrobot.a(nxt_avr.oram)
 .bss.data_from_avr
                0x0020c4cc       0x1a ../../ecrobot/../ecrobot/libecrobot.a(nxt_avr.oram)
 .bss.data_to_avr
                0x0020c4e6        0x9 ../../ecrobot/../ecrobot/libecrobot.a(nxt_avr.oram)
 .bss.io_to_avr
                0x0020c4ef        0x8 ../../ecrobot/../ecrobot/libecrobot.a(nxt_avr.oram)
 *fill*         0x0020c4f7        0x1 00
 .bss.display   0x0020c4f8        0x4 ../../ecrobot/../ecrobot/libecrobot.a(nxt_lcd.oram)
 .bss.ud_thetadot_cmd_lpf
                0x0020c4fc        0x4 ../../ecrobot/../ecrobot/libnxtway_gs_balancer.a(balancer.o)
 .bss.ud_theta_ref
                0x0020c500        0x4 ../../ecrobot/../ecrobot/libnxtway_gs_balancer.a(balancer.o)
 .bss.ud_theta_lpf
                0x0020c504        0x4 ../../ecrobot/../ecrobot/libnxtway_gs_balancer.a(balancer.o)
 .bss.ud_psi    0x0020c508        0x4 ../../ecrobot/../ecrobot/libnxtway_gs_balancer.a(balancer.o)
 .bss.ud_err_theta
                0x0020c50c        0x4 ../../ecrobot/../ecrobot/libnxtway_gs_balancer.a(balancer.o)
                0x0020c510                . = ALIGN (0x10)
                0x0020c510                __bss_end__ = .
 COMMON         0x0020c510        0x2 build/kernel/interrupt.o
                0x0020c510                runisr
                0x0020c511                sus_all_cnt
 *fill*         0x0020c512        0x2 00
 COMMON         0x0020c514       0x10 build/kernel/osctl.o
                0x0020c514                callevel
                0x0020c515                _errorhook_svcid
                0x0020c516                appmode
                0x0020c518                _errorhook_par1
                0x0020c51c                _errorhook_par3
                0x0020c520                _errorhook_par2
 COMMON         0x0020c524        0x3 build/kernel/task.o
                0x0020c524                runtsk
                0x0020c525                schedtsk
                0x0020c526                nextpri
 *fill*         0x0020c527        0x1 00
 COMMON         0x0020c528       0x68 build/./kernel_cfg.o
                0x0020c528                tcb_waievt
                0x0020c534                rescb_prevpri
                0x0020c535                almcb_prev
                0x0020c538                tcb_lastres
                0x0020c53c                almcb_almval
                0x0020c548                tcxb_pc
                0x0020c554                tcb_next
                0x0020c557                tcb_curpri
                0x0020c55a                tcb_tstat
                0x0020c55d                isrcb_lastres
                0x0020c55e                cntcb_almque
                0x0020c55f                rescb_prevres
                0x0020c560                tcb_actcnt
                0x0020c564                tcb_curevt
                0x0020c570                almcb_cycle
                0x0020c57c                tcxb_sp
                0x0020c588                almcb_next
                0x0020c58c                cntcb_curval
 COMMON         0x0020c590      0x118 build/Robonet.o
                0x0020c590                angularVelocity
                0x0020c5bc                bluetooth
                0x0020c63c                runningFlag
                0x0020c640                sonarData
                0x0020c644                commandValue
                0x0020c648                nxtLog
                0x0020c668                pwmR
                0x0020c688                pwmL
 COMMON         0x0020c6a8       0x44 ../../ecrobot/../ecrobot/libecrobot.a(uart.oram)
                0x0020c6a8                uart
 COMMON         0x0020c6ec        0x4 ../../ecrobot/../ecrobot/libecrobot.a(data_abort.oram)
                0x0020c6ec                data_abort_pc
 COMMON         0x0020c6f0        0x8 ../../ecrobot/../ecrobot/libecrobot.a(display.oram)
                0x0020c6f0                display_x
                0x0020c6f4                display_y
 COMMON         0x0020c6f8      0x31c ../../ecrobot/../ecrobot/libecrobot.a(sound.oram)
                0x0020c6f8                sample
                0x0020a710                __bss_start__ = ADDR (.bss)
                0x0020ca14                __bss_end__ = (ADDR (.bss) + SIZEOF (.bss))
                0x0020ca14                PROVIDE (end, .)

.heap_area      0x0020ca14     0x3164
                0x0020fb78                . = (. + (0x20fb78 - end))
 *fill*         0x0020ca14     0x3164 00

.stack          0x0020fb78      0x488
                0x0020fbf8                . = (. + 0x80)
 *fill*         0x0020fb78       0x80 00
                0x0020fc00                . = ALIGN (0x10)
 *fill*         0x0020fbf8        0x8 00
                0x0020fc00                __irq_stack__ = .
                0x0020fc00                __system_stack_bottom__ = .
                0x00210000                . = (. + 0x400)
 *fill*         0x0020fc00      0x400 00
                0x00210000                . = ALIGN (0x10)
                0x00210000                __system_stack__ = .
                0x00210000                __system_stack_top__ = .
                0x0020fb78                __stack_start__ = ADDR (.stack)
                0x00210000                __stack_end__ = (ADDR (.stack) + SIZEOF (.stack))
OUTPUT(2012_blue_ram.elf elf32-littlearm)

.comment        0x00000000      0x5b2
 .comment       0x00000000       0x12 build/kernel/alarm.o
 .comment       0x00000012       0x12 build/kernel/event.o
 .comment       0x00000024       0x12 build/kernel/interrupt.o
 .comment       0x00000036       0x12 build/kernel/osctl.o
 .comment       0x00000048       0x12 build/kernel/resource.o
 .comment       0x0000005a       0x12 build/kernel/task.o
 .comment       0x0000006c       0x12 build/kernel/task_manage.o
 .comment       0x0000007e       0x12 build/config/at91sam7s-gnu/cpu_config.o
 .comment       0x00000090       0x12 build/config/at91sam7s-gnu/lego_nxt/sys_config.o
 .comment       0x000000a2       0x12 build/./kernel_cfg.o
 .comment       0x000000b4       0x12 build/syscalls.o
 .comment       0x000000c6       0x12 build/ecrobot_bluetooth.o
 .comment       0x000000d8       0x12 build/ecrobot_base.o
 .comment       0x000000ea       0x12 build/ecrobot.o
 .comment       0x000000fc       0x12 build/AngularVelocity.o
 .comment       0x0000010e       0x12 build/BalanceControl.o
 .comment       0x00000120       0x12 build/balancer_param.o
 .comment       0x00000132       0x12 build/BlindRunning.o
 .comment       0x00000144       0x12 build/Bluetooth.o
 .comment       0x00000156       0x12 build/CommandValue.o
 .comment       0x00000168       0x12 build/CourseBrightness.o
 .comment       0x0000017a       0x12 build/JudgeBrightness.o
 .comment       0x0000018c       0x12 build/JudgeDirection.o
 .comment       0x0000019e       0x12 build/JudgeMarker.o
 .comment       0x000001b0       0x12 build/JudgeMethod.o
 .comment       0x000001c2       0x12 build/JudgeMileage.o
 .comment       0x000001d4       0x12 build/JudgeSeesaw.o
 .comment       0x000001e6       0x12 build/JudgeSonar.o
 .comment       0x000001f8       0x12 build/JudgeStepCapture.o
 .comment       0x0000020a       0x12 build/JudgeTail.o
 .comment       0x0000021c       0x12 build/LineTrace.o
 .comment       0x0000022e       0x12 build/Log.o
 .comment       0x00000240       0x12 build/MotorCount.o
 .comment       0x00000252       0x12 build/OperationMethod.o
 .comment       0x00000264       0x12 build/PDControlParameter.o
 .comment       0x00000276       0x12 build/Pwm.o
 .comment       0x00000288       0x12 build/RunningMachine.o
 .comment       0x0000029a       0x12 build/RunningPositionInfo.o
 .comment       0x000002ac       0x12 build/ScreenDetectionRunning.o
 .comment       0x000002be       0x12 build/SeesawPass.o
 .comment       0x000002d0       0x12 build/SonarData.o
 .comment       0x000002e2       0x12 build/StepCapture.o
 .comment       0x000002f4       0x12 build/Strategy.o
 .comment       0x00000306       0x12 build/TailControl.o
 .comment       0x00000318       0x12 build/TailRunning.o
 .comment       0x0000032a       0x12 build/Robonet.o
 .comment       0x0000033c       0x12 build/syslib/at91sam7s-gnu/lego_nxt/hw_sys_timer.oram
 .comment       0x0000034e       0x12 ../../ecrobot/../ecrobot/libecrobot.a(ecrobot_HiTechnic.o)
 .comment       0x00000360       0x12 ../../ecrobot/../ecrobot/libecrobot.a(ecrobot_interface.o)
 .comment       0x00000372       0x12 ../../ecrobot/../ecrobot/libecrobot.a(colorsensor.o)
 .comment       0x00000384       0x12 ../../ecrobot/../ecrobot/libecrobot.a(osek_hook.o)
 .comment       0x00000396       0x12 ../../ecrobot/../ecrobot/libecrobot.a(uart.oram)
 .comment       0x000003a8       0x12 ../../ecrobot/../ecrobot/libecrobot.a(systick.oram)
 .comment       0x000003ba       0x12 ../../ecrobot/../ecrobot/libecrobot.a(byte_fifo.oram)
 .comment       0x000003cc       0x12 ../../ecrobot/../ecrobot/libecrobot.a(aic.oram)
 .comment       0x000003de       0x12 ../../ecrobot/../ecrobot/libecrobot.a(udp.oram)
 .comment       0x000003f0       0x12 ../../ecrobot/../ecrobot/libecrobot.a(twi.oram)
 .comment       0x00000402       0x12 ../../ecrobot/../ecrobot/libecrobot.a(nxt_spi.oram)
 .comment       0x00000414       0x12 ../../ecrobot/../ecrobot/libecrobot.a(nxt_motors.oram)
 .comment       0x00000426       0x12 ../../ecrobot/../ecrobot/libecrobot.a(data_abort.oram)
 .comment       0x00000438       0x12 ../../ecrobot/../ecrobot/libecrobot.a(display.oram)
 .comment       0x0000044a       0x12 ../../ecrobot/../ecrobot/libecrobot.a(i2c.oram)
 .comment       0x0000045c       0x12 ../../ecrobot/../ecrobot/libecrobot.a(sound.oram)
 .comment       0x0000046e       0x12 ../../ecrobot/../ecrobot/libecrobot.a(bt.oram)
 .comment       0x00000480       0x12 ../../ecrobot/../ecrobot/libecrobot.a(nxt_avr.oram)
 .comment       0x00000492       0x12 ../../ecrobot/../ecrobot/libecrobot.a(sensors.oram)
 .comment       0x000004a4       0x12 ../../ecrobot/../ecrobot/libecrobot.a(sensors1.oram)
 .comment       0x000004b6       0x12 ../../ecrobot/../ecrobot/libecrobot.a(nxt_lcd.oram)
 .comment       0x000004c8       0x12 ../../ecrobot/../ecrobot/libecrobot.a(flash_loader.oram)
 .comment       0x000004da       0x12 ../../ecrobot/../ecrobot/libecrobot.a(ecrobot_usb.o)
 .comment       0x000004ec       0x12 ../../ecrobot/../ecrobot/libecrobot.a(flashprog.oram)
 .comment       0x000004fe       0x12 ../../ecrobot/../ecrobot/libnxtway_gs_balancer.a(balancer.o)
 .comment       0x00000510       0x12 /cygdrive/C/cygwin/GNUARM/bin/../lib/gcc/arm-elf/4.0.2/thumb/interwork/libgcc.a(_muldi3.o)
 .comment       0x00000522       0x12 /cygdrive/C/cygwin/GNUARM/bin/../lib/gcc/arm-elf/4.0.2/thumb/interwork/libgcc.a(_divdi3.o)
 .comment       0x00000534       0x12 /cygdrive/C/cygwin/GNUARM/bin/../lib/gcc/arm-elf/4.0.2/thumb/interwork/libgcc.a(_clz.o)
 .comment       0x00000546       0x12 /cygdrive/C/cygwin/GNUARM/bin/../lib/gcc/arm-elf/4.0.2/../../../../arm-elf/lib/thumb/interwork/libc.a(memcpy.o)
 .comment       0x00000558       0x12 /cygdrive/C/cygwin/GNUARM/bin/../lib/gcc/arm-elf/4.0.2/../../../../arm-elf/lib/thumb/interwork/libc.a(memset.o)
 .comment       0x0000056a       0x12 /cygdrive/C/cygwin/GNUARM/bin/../lib/gcc/arm-elf/4.0.2/../../../../arm-elf/lib/thumb/interwork/libc.a(strcmp.o)
 .comment       0x0000057c       0x12 /cygdrive/C/cygwin/GNUARM/bin/../lib/gcc/arm-elf/4.0.2/../../../../arm-elf/lib/thumb/interwork/libc.a(strcpy.o)
 .comment       0x0000058e       0x12 /cygdrive/C/cygwin/GNUARM/bin/../lib/gcc/arm-elf/4.0.2/../../../../arm-elf/lib/thumb/interwork/libc.a(strlen.o)
 .comment       0x000005a0       0x12 /cygdrive/C/cygwin/GNUARM/bin/../lib/gcc/arm-elf/4.0.2/../../../../arm-elf/lib/thumb/interwork/libc.a(strncpy.o)

.debug_line     0x00000000      0xea8
 .debug_line    0x00000000       0x70 /cygdrive/C/cygwin/GNUARM/bin/../lib/gcc/arm-elf/4.0.2/thumb/interwork/libgcc.a(_udivsi3.o)
 .debug_line    0x00000070       0x7c /cygdrive/C/cygwin/GNUARM/bin/../lib/gcc/arm-elf/4.0.2/thumb/interwork/libgcc.a(_divsi3.o)
 .debug_line    0x000000ec       0x68 /cygdrive/C/cygwin/GNUARM/bin/../lib/gcc/arm-elf/4.0.2/thumb/interwork/libgcc.a(_umodsi3.o)
 .debug_line    0x00000154       0x71 /cygdrive/C/cygwin/GNUARM/bin/../lib/gcc/arm-elf/4.0.2/thumb/interwork/libgcc.a(_modsi3.o)
 .debug_line    0x000001c5       0x5a /cygdrive/C/cygwin/GNUARM/bin/../lib/gcc/arm-elf/4.0.2/thumb/interwork/libgcc.a(_dvmd_tls.o)
 .debug_line    0x0000021f      0x162 /cygdrive/C/cygwin/GNUARM/bin/../lib/gcc/arm-elf/4.0.2/thumb/interwork/libgcc.a(_addsubdf3.o)
 .debug_line    0x00000381      0x177 /cygdrive/C/cygwin/GNUARM/bin/../lib/gcc/arm-elf/4.0.2/thumb/interwork/libgcc.a(_muldivdf3.o)
 .debug_line    0x000004f8       0xa4 /cygdrive/C/cygwin/GNUARM/bin/../lib/gcc/arm-elf/4.0.2/thumb/interwork/libgcc.a(_cmpdf2.o)
 .debug_line    0x0000059c      0x110 /cygdrive/C/cygwin/GNUARM/bin/../lib/gcc/arm-elf/4.0.2/thumb/interwork/libgcc.a(_addsubsf3.o)
 .debug_line    0x000006ac      0x11a /cygdrive/C/cygwin/GNUARM/bin/../lib/gcc/arm-elf/4.0.2/thumb/interwork/libgcc.a(_muldivsf3.o)
 .debug_line    0x000007c6       0x98 /cygdrive/C/cygwin/GNUARM/bin/../lib/gcc/arm-elf/4.0.2/thumb/interwork/libgcc.a(_cmpsf2.o)
 .debug_line    0x0000085e       0x6f /cygdrive/C/cygwin/GNUARM/bin/../lib/gcc/arm-elf/4.0.2/thumb/interwork/libgcc.a(_fixsfsi.o)
 .debug_line    0x000008cd       0x61 /cygdrive/C/cygwin/GNUARM/bin/../lib/gcc/arm-elf/4.0.2/thumb/interwork/libgcc.a(_muldi3.o)
 .debug_line    0x0000092e      0x122 /cygdrive/C/cygwin/GNUARM/bin/../lib/gcc/arm-elf/4.0.2/thumb/interwork/libgcc.a(_divdi3.o)
 .debug_line    0x00000a50       0x48 /cygdrive/C/cygwin/GNUARM/bin/../lib/gcc/arm-elf/4.0.2/thumb/interwork/libgcc.a(_clz.o)
 .debug_line    0x00000a98       0xc3 /cygdrive/C/cygwin/GNUARM/bin/../lib/gcc/arm-elf/4.0.2/../../../../arm-elf/lib/thumb/interwork/libc.a(memcpy.o)
 .debug_line    0x00000b5b       0xd4 /cygdrive/C/cygwin/GNUARM/bin/../lib/gcc/arm-elf/4.0.2/../../../../arm-elf/lib/thumb/interwork/libc.a(memset.o)
 .debug_line    0x00000c2f       0x88 /cygdrive/C/cygwin/GNUARM/bin/../lib/gcc/arm-elf/4.0.2/../../../../arm-elf/lib/thumb/interwork/libc.a(strcmp.o)
 .debug_line    0x00000cb7       0x80 /cygdrive/C/cygwin/GNUARM/bin/../lib/gcc/arm-elf/4.0.2/../../../../arm-elf/lib/thumb/interwork/libc.a(strcpy.o)
 .debug_line    0x00000d37       0xaf /cygdrive/C/cygwin/GNUARM/bin/../lib/gcc/arm-elf/4.0.2/../../../../arm-elf/lib/thumb/interwork/libc.a(strlen.o)
 .debug_line    0x00000de6       0xc2 /cygdrive/C/cygwin/GNUARM/bin/../lib/gcc/arm-elf/4.0.2/../../../../arm-elf/lib/thumb/interwork/libc.a(strncpy.o)

.debug_info     0x00000000     0x151e
 .debug_info    0x00000000       0x6a /cygdrive/C/cygwin/GNUARM/bin/../lib/gcc/arm-elf/4.0.2/thumb/interwork/libgcc.a(_udivsi3.o)
 .debug_info    0x0000006a       0x6a /cygdrive/C/cygwin/GNUARM/bin/../lib/gcc/arm-elf/4.0.2/thumb/interwork/libgcc.a(_divsi3.o)
 .debug_info    0x000000d4       0x6a /cygdrive/C/cygwin/GNUARM/bin/../lib/gcc/arm-elf/4.0.2/thumb/interwork/libgcc.a(_umodsi3.o)
 .debug_info    0x0000013e       0x6a /cygdrive/C/cygwin/GNUARM/bin/../lib/gcc/arm-elf/4.0.2/thumb/interwork/libgcc.a(_modsi3.o)
 .debug_info    0x000001a8       0x6a /cygdrive/C/cygwin/GNUARM/bin/../lib/gcc/arm-elf/4.0.2/thumb/interwork/libgcc.a(_dvmd_tls.o)
 .debug_info    0x00000212       0x69 /cygdrive/C/cygwin/GNUARM/bin/../lib/gcc/arm-elf/4.0.2/thumb/interwork/libgcc.a(_addsubdf3.o)
 .debug_info    0x0000027b       0x69 /cygdrive/C/cygwin/GNUARM/bin/../lib/gcc/arm-elf/4.0.2/thumb/interwork/libgcc.a(_muldivdf3.o)
 .debug_info    0x000002e4       0x69 /cygdrive/C/cygwin/GNUARM/bin/../lib/gcc/arm-elf/4.0.2/thumb/interwork/libgcc.a(_cmpdf2.o)
 .debug_info    0x0000034d       0x69 /cygdrive/C/cygwin/GNUARM/bin/../lib/gcc/arm-elf/4.0.2/thumb/interwork/libgcc.a(_addsubsf3.o)
 .debug_info    0x000003b6       0x69 /cygdrive/C/cygwin/GNUARM/bin/../lib/gcc/arm-elf/4.0.2/thumb/interwork/libgcc.a(_muldivsf3.o)
 .debug_info    0x0000041f       0x69 /cygdrive/C/cygwin/GNUARM/bin/../lib/gcc/arm-elf/4.0.2/thumb/interwork/libgcc.a(_cmpsf2.o)
 .debug_info    0x00000488       0x69 /cygdrive/C/cygwin/GNUARM/bin/../lib/gcc/arm-elf/4.0.2/thumb/interwork/libgcc.a(_fixsfsi.o)
 .debug_info    0x000004f1      0x20e /cygdrive/C/cygwin/GNUARM/bin/../lib/gcc/arm-elf/4.0.2/thumb/interwork/libgcc.a(_muldi3.o)
 .debug_info    0x000006ff      0x758 /cygdrive/C/cygwin/GNUARM/bin/../lib/gcc/arm-elf/4.0.2/thumb/interwork/libgcc.a(_divdi3.o)
 .debug_info    0x00000e57       0xc9 /cygdrive/C/cygwin/GNUARM/bin/../lib/gcc/arm-elf/4.0.2/thumb/interwork/libgcc.a(_clz.o)
 .debug_info    0x00000f20      0x10d /cygdrive/C/cygwin/GNUARM/bin/../lib/gcc/arm-elf/4.0.2/../../../../arm-elf/lib/thumb/interwork/libc.a(memcpy.o)
 .debug_info    0x0000102d      0x111 /cygdrive/C/cygwin/GNUARM/bin/../lib/gcc/arm-elf/4.0.2/../../../../arm-elf/lib/thumb/interwork/libc.a(memset.o)
 .debug_info    0x0000113e       0xd9 /cygdrive/C/cygwin/GNUARM/bin/../lib/gcc/arm-elf/4.0.2/../../../../arm-elf/lib/thumb/interwork/libc.a(strcmp.o)
 .debug_info    0x00001217      0x10c /cygdrive/C/cygwin/GNUARM/bin/../lib/gcc/arm-elf/4.0.2/../../../../arm-elf/lib/thumb/interwork/libc.a(strcpy.o)
 .debug_info    0x00001323       0xd5 /cygdrive/C/cygwin/GNUARM/bin/../lib/gcc/arm-elf/4.0.2/../../../../arm-elf/lib/thumb/interwork/libc.a(strlen.o)
 .debug_info    0x000013f8      0x126 /cygdrive/C/cygwin/GNUARM/bin/../lib/gcc/arm-elf/4.0.2/../../../../arm-elf/lib/thumb/interwork/libc.a(strncpy.o)

.debug_abbrev   0x00000000      0x6ed
 .debug_abbrev  0x00000000       0x14 /cygdrive/C/cygwin/GNUARM/bin/../lib/gcc/arm-elf/4.0.2/thumb/interwork/libgcc.a(_udivsi3.o)
 .debug_abbrev  0x00000014       0x14 /cygdrive/C/cygwin/GNUARM/bin/../lib/gcc/arm-elf/4.0.2/thumb/interwork/libgcc.a(_divsi3.o)
 .debug_abbrev  0x00000028       0x14 /cygdrive/C/cygwin/GNUARM/bin/../lib/gcc/arm-elf/4.0.2/thumb/interwork/libgcc.a(_umodsi3.o)
 .debug_abbrev  0x0000003c       0x14 /cygdrive/C/cygwin/GNUARM/bin/../lib/gcc/arm-elf/4.0.2/thumb/interwork/libgcc.a(_modsi3.o)