Archive member included because of file (symbol)

../../ecrobot/../ecrobot/libecrobot.a(ecrobot_HiTechnic.o)
                              build/AngularVelocity.o (ecrobot_get_gyro_sensor)
../../ecrobot/../ecrobot/libecrobot.a(ecrobot_interface.o)
                              build/Robonet.o (ecrobot_set_light_sensor_active)
../../ecrobot/../ecrobot/libecrobot.a(colorsensor.o)
                              ../../ecrobot/../ecrobot/libecrobot.a(ecrobot_interface.o) (colorsensor_init)
../../ecrobot/../ecrobot/libecrobot.a(osek_hook.o)
                              build/kernel/osctl.o (StartupHook)
../../ecrobot/../ecrobot/libecrobot.a(uart.oram)
                              build/config/at91sam7s-gnu/irq.oram (uart_isr_C_0)
../../ecrobot/../ecrobot/libecrobot.a(systick.oram)
                              build/syslib/at91sam7s-gnu/lego_nxt/hw_sys_timer.oram (systick_low_priority_C)
../../ecrobot/../ecrobot/libecrobot.a(byte_fifo.oram)
                              ../../ecrobot/../ecrobot/libecrobot.a(uart.oram) (byte_fifo_put)
../../ecrobot/../ecrobot/libecrobot.a(aic.oram)
                              ../../ecrobot/../ecrobot/libecrobot.a(uart.oram) (aic_set_vector)
../../ecrobot/../ecrobot/libecrobot.a(udp.oram)
                              build/config/at91sam7s-gnu/irq.oram (udp_isr_C)
../../ecrobot/../ecrobot/libecrobot.a(twi.oram)
                              build/config/at91sam7s-gnu/irq.oram (twi_isr_C)
../../ecrobot/../ecrobot/libecrobot.a(nxt_spi.oram)
                              build/config/at91sam7s-gnu/irq.oram (spi_isr_C)
../../ecrobot/../ecrobot/libecrobot.a(nxt_motors.oram)
                              build/BalanceControl.o (nxt_motor_get_count)
../../ecrobot/../ecrobot/libecrobot.a(data_abort.oram)
                              build/ecrobot_init.o (data_abort_C)
../../ecrobot/../ecrobot/libecrobot.a(display.oram)
                              build/ecrobot_base.o (display_update)
../../ecrobot/../ecrobot/libecrobot.a(i2c.oram)
                              build/config/at91sam7s-gnu/irq.oram (i2c_timer_isr_C)
../../ecrobot/../ecrobot/libecrobot.a(sound.oram)
                              ../../ecrobot/../ecrobot/libecrobot.a(ecrobot_interface.o) (sound_get_time)
../../ecrobot/../ecrobot/libecrobot.a(bt.oram)
                              build/ecrobot_bluetooth.o (bt_send)
../../ecrobot/../ecrobot/libecrobot.a(nxt_avr.oram)
                              build/ecrobot_base.o (nxt_avr_power_down)
../../ecrobot/../ecrobot/libecrobot.a(sensors.oram)
                              ../../ecrobot/../ecrobot/libecrobot.a(ecrobot_interface.o) (unset_digi0)
../../ecrobot/../ecrobot/libecrobot.a(sensors1.oram)
                              ../../ecrobot/../ecrobot/libecrobot.a(colorsensor.o) (sensor_pins)
../../ecrobot/../ecrobot/libecrobot.a(nxt_lcd.oram)
                              ../../ecrobot/../ecrobot/libecrobot.a(display.oram) (nxt_lcd_force_update)
../../ecrobot/../ecrobot/libecrobot.a(flash_loader.oram)
                              build/ecrobot_base.o (set_flash_request)
../../ecrobot/../ecrobot/libecrobot.a(interrupts.oram)
                              ../../ecrobot/../ecrobot/libecrobot.a(uart.oram) (interrupts_get_and_disable)
../../ecrobot/../ecrobot/libecrobot.a(nxtosek_splash.obmp)
                              build/ecrobot_base.o (nxtosek_splash_bmp_start)
../../ecrobot/../ecrobot/libecrobot.a(ecrobot_usb.o)
                              ../../ecrobot/../ecrobot/libecrobot.a(flash_loader.oram) (ecrobot_init_usb)
../../ecrobot/../ecrobot/libecrobot.a(flashprog.oram)
                              ../../ecrobot/../ecrobot/libecrobot.a(flash_loader.oram) (flash_write_page)
../../ecrobot/../ecrobot/libnxtway_gs_balancer.a(balancer.o)
                              build/BalanceControl.o (balance_control)
/cygdrive/C/cygwin/GNUARM/bin/../lib/gcc/arm-elf/4.0.2/thumb/interwork/libgcc.a(_udivsi3.o)
                              build/ecrobot_base.o (__udivsi3)
/cygdrive/C/cygwin/GNUARM/bin/../lib/gcc/arm-elf/4.0.2/thumb/interwork/libgcc.a(_divsi3.o)
                              build/BlindRunning.o (__divsi3)
/cygdrive/C/cygwin/GNUARM/bin/../lib/gcc/arm-elf/4.0.2/thumb/interwork/libgcc.a(_umodsi3.o)
                              build/StepCapture.o (__umodsi3)
/cygdrive/C/cygwin/GNUARM/bin/../lib/gcc/arm-elf/4.0.2/thumb/interwork/libgcc.a(_modsi3.o)
                              build/AngularVelocity.o (__modsi3)
/cygdrive/C/cygwin/GNUARM/bin/../lib/gcc/arm-elf/4.0.2/thumb/interwork/libgcc.a(_dvmd_tls.o)
                              /cygdrive/C/cygwin/GNUARM/bin/../lib/gcc/arm-elf/4.0.2/thumb/interwork/libgcc.a(_udivsi3.o) (__div0)
/cygdrive/C/cygwin/GNUARM/bin/../lib/gcc/arm-elf/4.0.2/thumb/interwork/libgcc.a(_addsubdf3.o)
                              ../../ecrobot/../ecrobot/libecrobot.a(colorsensor.o) (__floatsidf)
/cygdrive/C/cygwin/GNUARM/bin/../lib/gcc/arm-elf/4.0.2/thumb/interwork/libgcc.a(_muldivdf3.o)
[...]
Memory Configuration

Name             Origin             Length             Attributes
rom              0x00108000         0x00038000
vector_ram       0x00200000         0x00000040
ram              0x00200040         0x0000ffc0
*default*        0x00000000         0xffffffff

Linker script and memory map

LOAD build/kernel/alarm.o
LOAD build/kernel/event.o
LOAD build/kernel/interrupt.o
LOAD build/kernel/osctl.o
LOAD build/kernel/resource.o
LOAD build/kernel/task.o
LOAD build/kernel/task_manage.o
LOAD build/config/at91sam7s-gnu/cpu_config.o
LOAD build/config/at91sam7s-gnu/lego_nxt/sys_config.o
LOAD build/./kernel_cfg.o
LOAD build/syscalls.o
LOAD build/ecrobot_bluetooth.o
LOAD build/ecrobot_base.o
LOAD build/ecrobot.o
LOAD build/AngularVelocity.o
LOAD build/BalanceControl.o
LOAD build/balancer_param.o
LOAD build/BlindRunning.o
LOAD build/Bluetooth.o
LOAD build/CommandValue.o
LOAD build/CourseBrightness.o
LOAD build/JudgeBrightness.o
LOAD build/JudgeDirection.o
LOAD build/JudgeMarker.o
LOAD build/JudgeMethod.o
LOAD build/JudgeMileage.o
LOAD build/JudgeSeesaw.o
LOAD build/JudgeSonar.o
LOAD build/JudgeStepCapture.o
LOAD build/JudgeTail.o
LOAD build/LineTrace.o
LOAD build/Log.o
LOAD build/MotorCount.o
LOAD build/OperationMethod.o
LOAD build/PDControlParameter.o
LOAD build/Pwm.o
LOAD build/RunningMachine.o
LOAD build/RunningPositionInfo.o
LOAD build/ScreenDetectionRunning.o
LOAD build/SeesawPass.o
LOAD build/SonarData.o
LOAD build/StepCapture.o
LOAD build/Strategy.o
LOAD build/TailControl.o
LOAD build/TailRunning.o
LOAD build/Robonet.o
LOAD build/syslib/at91sam7s-gnu/lego_nxt/hw_sys_timer.oram
LOAD build/nxtvm/platform/nxt/vectors.o
LOAD build/config/at91sam7s-gnu/debug.o
LOAD build/config/at91sam7s-gnu/lego_nxt/sys_support.o
LOAD build/nxt_binary_header.o
LOAD build/nxt_entry_point.o
LOAD build/ecrobot_init.o
LOAD build/config/at91sam7s-gnu/cpu_support.oram
LOAD build/config/at91sam7s-gnu/irq.oram
LOAD ../../ecrobot/../c++/liblejososek.a
LOAD ../../ecrobot/../ecrobot/libecrobot.a
LOAD ../../ecrobot/../ecrobot/libnxtway_gs_balancer.a
LOAD /cygdrive/C/cygwin/GNUARM/bin/../lib/gcc/arm-elf/4.0.2/../../../../arm-elf/lib/thumb/interwork/libstdc++.a
LOAD /cygdrive/C/cygwin/GNUARM/bin/../lib/gcc/arm-elf/4.0.2/../../../../arm-elf/lib/thumb/interwork/libm.a
LOAD /cygdrive/C/cygwin/GNUARM/bin/../lib/gcc/arm-elf/4.0.2/thumb/interwork/libgcc.a
LOAD /cygdrive/C/cygwin/GNUARM/bin/../lib/gcc/arm-elf/4.0.2/../../../../arm-elf/lib/thumb/interwork/libc.a
LOAD /cygdrive/C/cygwin/GNUARM/bin/../lib/gcc/arm-elf/4.0.2/thumb/interwork/libgcc.a
                0x00108000                ROM_BASE = 0x108000
                0x00038000                ROM_SIZE = 0x38000
                0x00200000                RAM_BASE = 0x200000
                0x00010000                RAM_SIZE = 0x10000

.vectors        0x00200000       0x40 load address 0x00108000
 vectors.o(*.text *.text.*)
 .text          0x00200000       0x38 build/nxtvm/platform/nxt/vectors.o
                0x00200040                . = ALIGN (0x10)
 *fill*         0x00200038        0x8 00
                0x00200000                __vectors_ram_start__ = ADDR (.vectors)
                0x00200040                __vectors_ram_end__ = (ADDR (.vectors) + SIZEOF (.vectors))
                0x00108000                __vectors_load_start__ = LOADADDR (.vectors)
                0x00108040                __vectors_load_end__ = (LOADADDR (.vectors) + SIZEOF (.vectors))

.init           0x00108040      0x280
 *ecrobot_init.o(*.text *.text.*)
 .text          0x00108040      0x280 build/ecrobot_init.o
                0x001081ac                undef_handler
                0x001081b4                prefetch_abort_handler
                0x001081b8                data_abort_handler
                0x001081b0                swi_handler
                0x00108040                start
                0x001081d4                reserved_handler
                0x001082c0                . = ALIGN (0x10)

.ram_text       0x00200040     0x35b0 load address 0x001082c0
                0x00200040                . = ALIGN (0x10)
 *.oram(*.text *.text.* *.glue*)
 .text.systick_isr_C1
                0x00200040       0x28 build/syslib/at91sam7s-gnu/lego_nxt/hw_sys_timer.oram
                0x00200040                systick_isr_C1
 *fill*         0x00200068        0x8 00
 .text          0x00200070      0x230 build/config/at91sam7s-gnu/cpu_support.oram
                0x00200250                enable_int
                0x002000f0                start_dispatch
                0x002000b0                activate_r
                0x00200248                disable_int
                0x00200070                dispatch
                0x0020021c                int_return
                0x002001ac                _interrupt
                0x002000e0                exit_and_dispatch
                0x00200258                nop
 .text          0x002002a0      0x2c0 build/config/at91sam7s-gnu/irq.oram
                0x002002a0                default_isr
                0x0020042c                uart_isr_entry_0
                0x002003ac                twi_isr_entry
                0x0020046c                uart_isr_entry_1
                0x0020036c                spi_isr_entry
                0x002002ec                systick_low_priority_entry
                0x002004ac                nxt_motor_isr_entry
                0x002004ec                i2c_timer_isr_entry
                0x002002a0                default_fiq
                0x002002a4                systick_isr_entry
                0x002002a0                spurious_isr
                0x002003ec                sound_isr_entry
                0x0020032c                udp_isr_entry
 .text.uart_process_isr
                0x00200560       0x88 ../../ecrobot/../ecrobot/libecrobot.a(uart.oram)
 .text.uart_isr_C_0
                0x002005e8        0xc ../../ecrobot/../ecrobot/libecrobot.a(uart.oram)
                0x002005e8                uart_isr_C_0
 .text.uart_isr_C_1
                0x002005f4        0xc ../../ecrobot/../ecrobot/libecrobot.a(uart.oram)
                0x002005f4                uart_isr_C_1
 .text.systick_low_priority_C
                0x00200600       0x1c ../../ecrobot/../ecrobot/libecrobot.a(systick.oram)
                0x00200600                systick_low_priority_C
 .text.systick_isr_C
                0x0020061c       0x24 ../../ecrobot/../ecrobot/libecrobot.a(systick.oram)
                0x0020061c                systick_isr_C
 .text.systick_get_ms
                0x00200640        0xc ../../ecrobot/../ecrobot/libecrobot.a(systick.oram)
                0x00200640                systick_get_ms
 .text.systick_wait_ms
                0x0020064c       0x1c ../../ecrobot/../ecrobot/libecrobot.a(systick.oram)
                0x0020064c                systick_wait_ms
 .text.systick_wait_ns
                0x00200668       0x1c ../../ecrobot/../ecrobot/libecrobot.a(systick.oram)
                0x00200668                systick_wait_ns
 .text.systick_init
                0x00200684       0x58 ../../ecrobot/../ecrobot/libecrobot.a(systick.oram)
                0x00200684                systick_init
 .text.systick_suspend
                0x002006dc        0xc ../../ecrobot/../ecrobot/libecrobot.a(systick.oram)
                0x002006dc                systick_suspend
 .text.systick_resume
                0x002006e8        0xc ../../ecrobot/../ecrobot/libecrobot.a(systick.oram)
                0x002006e8                systick_resume
 .text.byte_fifo_put
                0x002006f4       0x58 ../../ecrobot/../ecrobot/libecrobot.a(byte_fifo.oram)
                0x002006f4                byte_fifo_put
 .text.byte_fifo_get
                0x0020074c       0x2c ../../ecrobot/../ecrobot/libecrobot.a(byte_fifo.oram)
                0x0020074c                byte_fifo_get
 .text.aic_initialise
                0x00200778       0x5c ../../ecrobot/../ecrobot/libecrobot.a(aic.oram)
                0x00200778                aic_initialise
 .text.aic_set_vector
                0x002007d4       0x30 ../../ecrobot/../ecrobot/libecrobot.a(aic.oram)
                0x002007d4                aic_set_vector
 .text.aic_mask_on
                0x00200804       0x24 ../../ecrobot/../ecrobot/libecrobot.a(aic.oram)
                0x00200804                aic_mask_on
 .text.aic_mask_off
                0x00200828       0x24 ../../ecrobot/../ecrobot/libecrobot.a(aic.oram)
                0x00200828                aic_mask_off
 .text.aic_clear
                0x0020084c       0x24 ../../ecrobot/../ecrobot/libecrobot.a(aic.oram)
                0x0020084c                aic_clear
 .text.reset    0x00200870       0x4c ../../ecrobot/../ecrobot/libecrobot.a(udp.oram)
 .text.udp_send_null
                0x002008bc       0x2c ../../ecrobot/../ecrobot/libecrobot.a(udp.oram)
 .text.udp_send_stall
                0x002008e8       0x2c ../../ecrobot/../ecrobot/libecrobot.a(udp.oram)
 .text.udp_send_control
                0x00200914       0x60 ../../ecrobot/../ecrobot/libecrobot.a(udp.oram)
 .text.udp_isr_C
                0x00200974      0x7d0 ../../ecrobot/../ecrobot/libecrobot.a(udp.oram)
                0x00200974                udp_isr_C
 .text.twi_status
                0x00201144       0x20 ../../ecrobot/../ecrobot/libecrobot.a(twi.oram)
                0x00201144                twi_status
 .text.twi_isr_C
                0x00201164       0xc4 ../../ecrobot/../ecrobot/libecrobot.a(twi.oram)
                0x00201164                twi_isr_C
 .text.twi_reset
                0x00201228       0xb4 ../../ecrobot/../ecrobot/libecrobot.a(twi.oram)
                0x00201228                twi_reset
 .text.twi_init
                0x002012dc       0x4c ../../ecrobot/../ecrobot/libecrobot.a(twi.oram)
                0x002012dc                twi_init
 .text.twi_start_read
                0x00201328       0x60 ../../ecrobot/../ecrobot/libecrobot.a(twi.oram)
                0x00201328                twi_start_read
 .text.twi_start_write
                0x00201388       0x64 ../../ecrobot/../ecrobot/libecrobot.a(twi.oram)
                0x00201388                twi_start_write
 .text.spi_set_mode
                0x002013ec       0x40 ../../ecrobot/../ecrobot/libecrobot.a(nxt_spi.oram)
 .text.spi_isr_C
                0x0020142c       0x8c ../../ecrobot/../ecrobot/libecrobot.a(nxt_spi.oram)
                0x0020142c                spi_isr_C
 .text.nxt_spi_init
                0x002014b8      0x12c ../../ecrobot/../ecrobot/libecrobot.a(nxt_spi.oram)
                0x002014b8                nxt_spi_init
 .text.nxt_spi_write
                0x002015e4       0x44 ../../ecrobot/../ecrobot/libecrobot.a(nxt_spi.oram)
                0x002015e4                nxt_spi_write
 .text.nxt_spi_set_display
                0x00201628       0x10 ../../ecrobot/../ecrobot/libecrobot.a(nxt_spi.oram)
                0x00201628                nxt_spi_set_display
 .text.nxt_spi_refresh
                0x00201638       0x24 ../../ecrobot/../ecrobot/libecrobot.a(nxt_spi.oram)
                0x00201638                nxt_spi_refresh
 .text.nxt_motor_get_count
                0x0020165c       0x14 ../../ecrobot/../ecrobot/libecrobot.a(nxt_motors.oram)
                0x0020165c                nxt_motor_get_count
 .text.nxt_motor_set_count
                0x00201670       0x10 ../../ecrobot/../ecrobot/libecrobot.a(nxt_motors.oram)
                0x00201670                nxt_motor_set_count
 .text.nxt_motor_set_speed
                0x00201680       0x34 ../../ecrobot/../ecrobot/libecrobot.a(nxt_motors.oram)
                0x00201680                nxt_motor_set_speed
 .text.nxt_motor_1kHz_process
                0x002016b4       0x28 ../../ecrobot/../ecrobot/libecrobot.a(nxt_motors.oram)
                0x002016b4                nxt_motor_1kHz_process
 .text.nxt_motor_quad_decode
                0x002016dc       0x30 ../../ecrobot/../ecrobot/libecrobot.a(nxt_motors.oram)
                0x002016dc                nxt_motor_quad_decode
 .text.nxt_motor_isr_C
                0x0020170c       0x88 ../../ecrobot/../ecrobot/libecrobot.a(nxt_motors.oram)
                0x0020170c                nxt_motor_isr_C
 .text.nxt_motor_init
                0x00201794       0x68 ../../ecrobot/../ecrobot/libecrobot.a(nxt_motors.oram)
                0x00201794                nxt_motor_init
 .text.data_abort_C
                0x002017fc       0x7c ../../ecrobot/../ecrobot/libecrobot.a(data_abort.oram)
                0x002017fc                data_abort_C
 .text.display_update
                0x00201878       0x14 ../../ecrobot/../ecrobot/libecrobot.a(display.oram)
                0x00201878                display_update
 .text.display_force_update
                0x0020188c        0xc ../../ecrobot/../ecrobot/libecrobot.a(display.oram)
                0x0020188c                display_force_update
 .text.display_clear
                0x00201898       0x24 ../../ecrobot/../ecrobot/libecrobot.a(display.oram)
                0x00201898                display_clear
 .text.display_goto_xy
                0x002018bc       0x14 ../../ecrobot/../ecrobot/libecrobot.a(display.oram)
                0x002018bc                display_goto_xy
 .text.display_char
                0x002018d0       0x60 ../../ecrobot/../ecrobot/libecrobot.a(display.oram)
                0x002018d0                display_char
 .text.display_string
                0x00201930       0x3c ../../ecrobot/../ecrobot/libecrobot.a(display.oram)
                0x00201930                display_string
 .text.display_hex
                0x0020196c       0x50 ../../ecrobot/../ecrobot/libecrobot.a(display.oram)
                0x0020196c                display_hex
 .text.display_unsigned_worker
                0x002019bc       0x70 ../../ecrobot/../ecrobot/libecrobot.a(display.oram)
 .text.display_unsigned
                0x00201a2c        0xc ../../ecrobot/../ecrobot/libecrobot.a(display.oram)
                0x00201a2c                display_unsigned
 .text.display_int
                0x00201a38       0x14 ../../ecrobot/../ecrobot/libecrobot.a(display.oram)
                0x00201a38                display_int
 .text.display_bitmap_copy
                0x00201a4c       0x5c ../../ecrobot/../ecrobot/libecrobot.a(display.oram)
                0x00201a4c                display_bitmap_copy
 .text.display_init
                0x00201aa8       0x50 ../../ecrobot/../ecrobot/libecrobot.a(display.oram)
                0x00201aa8                display_init
 .text.i2c_timer_isr_C
                0x00201af8      0x314 ../../ecrobot/../ecrobot/libecrobot.a(i2c.oram)
                0x00201af8                i2c_timer_isr_C
 .text.i2c_disable
                0x00201e0c       0x20 ../../ecrobot/../ecrobot/libecrobot.a(i2c.oram)
                0x00201e0c                i2c_disable
 .text.i2c_enable
                0x00201e2c       0x40 ../../ecrobot/../ecrobot/libecrobot.a(i2c.oram)
                0x00201e2c                i2c_enable
 .text.i2c_init
                0x00201e6c       0xa4 ../../ecrobot/../ecrobot/libecrobot.a(i2c.oram)
                0x00201e6c                i2c_init
 .text.i2c_busy
                0x00201f10       0x24 ../../ecrobot/../ecrobot/libecrobot.a(i2c.oram)
                0x00201f10                i2c_busy
 .text.i2c_start_transaction
                0x00201f34      0x108 ../../ecrobot/../ecrobot/libecrobot.a(i2c.oram)
                0x00201f34                i2c_start_transaction
 .text.sound_fill_sample_buffer
                0x0020203c       0xe4 ../../ecrobot/../ecrobot/libecrobot.a(sound.oram)
                0x0020203c                sound_fill_sample_buffer
 .text.sound_init
                0x00202120       0xa0 ../../ecrobot/../ecrobot/libecrobot.a(sound.oram)
                0x00202120                sound_init
 .text.sound_isr_C
                0x002021c0      0x144 ../../ecrobot/../ecrobot/libecrobot.a(sound.oram)
                0x002021c0                sound_isr_C
 .text.bt_init  0x00202304      0x1c0 ../../ecrobot/../ecrobot/libecrobot.a(bt.oram)
                0x00202304                bt_init
 .text.bt_send  0x002024c4       0x5c ../../ecrobot/../ecrobot/libecrobot.a(bt.oram)
                0x002024c4                bt_send
 .text.bt_write
                0x00202520       0x70 ../../ecrobot/../ecrobot/libecrobot.a(bt.oram)
                0x00202520                bt_write
 .text.bt_pending
                0x00202590       0x50 ../../ecrobot/../ecrobot/libecrobot.a(bt.oram)
                0x00202590                bt_pending
 .text.bt_clear_arm7_cmd
                0x002025e0       0x10 ../../ecrobot/../ecrobot/libecrobot.a(bt.oram)
                0x002025e0                bt_clear_arm7_cmd
 .text.bt_set_arm7_cmd
                0x002025f0       0x10 ../../ecrobot/../ecrobot/libecrobot.a(bt.oram)
                0x002025f0                bt_set_arm7_cmd
 .text.bt_receive
                0x00202600      0x160 ../../ecrobot/../ecrobot/libecrobot.a(bt.oram)
                0x00202600                bt_receive
 .text.bt_read  0x00202760      0x140 ../../ecrobot/../ecrobot/libecrobot.a(bt.oram)
                0x00202760                bt_read
 .text.bt_reset
                0x002028a0       0x84 ../../ecrobot/../ecrobot/libecrobot.a(bt.oram)
                0x002028a0                bt_reset
 .text.nxt_avr_power_down
                0x00202924       0x10 ../../ecrobot/../ecrobot/libecrobot.a(nxt_avr.oram)
                0x00202924                nxt_avr_power_down
 .text.nxt_avr_link_init
                0x00202934       0x20 ../../ecrobot/../ecrobot/libecrobot.a(nxt_avr.oram)
                0x00202934                nxt_avr_link_init
 .text.nxt_avr_init
                0x00202954       0x6c ../../ecrobot/../ecrobot/libecrobot.a(nxt_avr.oram)
                0x00202954                nxt_avr_init
 .text.nxt_avr_1kHz_update
                0x002029c0      0x1cc ../../ecrobot/../ecrobot/libecrobot.a(nxt_avr.oram)
                0x002029c0                nxt_avr_1kHz_update
 .text.buttons_get
                0x00202b8c        0xc ../../ecrobot/../ecrobot/libecrobot.a(nxt_avr.oram)
                0x00202b8c                buttons_get
 .text.battery_voltage
                0x00202b98       0x28 ../../ecrobot/../ecrobot/libecrobot.a(nxt_avr.oram)
                0x00202b98                battery_voltage
 .text.sensor_adc
                0x00202bc0       0x20 ../../ecrobot/../ecrobot/libecrobot.a(nxt_avr.oram)
                0x00202bc0                sensor_adc
 .text.nxt_avr_set_motor
                0x00202be0       0x34 ../../ecrobot/../ecrobot/libecrobot.a(nxt_avr.oram)
                0x00202be0                nxt_avr_set_motor
 .text.nxt_avr_set_input_power
                0x00202c14       0x3c ../../ecrobot/../ecrobot/libecrobot.a(nxt_avr.oram)
                0x00202c14                nxt_avr_set_input_power
 .text.unset_digi0
                0x00202c50       0x44 ../../ecrobot/../ecrobot/libecrobot.a(sensors.oram)
                0x00202c50                unset_digi0
 .text.unset_digi1
                0x00202c94       0x44 ../../ecrobot/../ecrobot/libecrobot.a(sensors.oram)
                0x00202c94                unset_digi1
 .text.init_sensors
                0x00202cd8       0x4c ../../ecrobot/../ecrobot/libecrobot.a(sensors.oram)
                0x00202cd8                init_sensors
 .text.set_digi0
                0x00202d24       0x44 ../../ecrobot/../ecrobot/libecrobot.a(sensors.oram)
                0x00202d24                set_digi0
 .text.nxt_lcd_command
                0x00202d68       0x18 ../../ecrobot/../ecrobot/libecrobot.a(nxt_lcd.oram)
                0x00202d68                nxt_lcd_command
 .text.nxt_lcd_set_col
                0x00202d80       0x24 ../../ecrobot/../ecrobot/libecrobot.a(nxt_lcd.oram)
                0x00202d80                nxt_lcd_set_col
 .text.nxt_lcd_set_multiplex_rate
                0x00202da4       0x18 ../../ecrobot/../ecrobot/libecrobot.a(nxt_lcd.oram)
                0x00202da4                nxt_lcd_set_multiplex_rate
 .text.nxt_lcd_set_page_address
                0x00202dbc       0x18 ../../ecrobot/../ecrobot/libecrobot.a(nxt_lcd.oram)
                0x00202dbc                nxt_lcd_set_page_address
 .text.nxt_lcd_set_pot
                0x00202dd4       0x1c ../../ecrobot/../ecrobot/libecrobot.a(nxt_lcd.oram)
                0x00202dd4                nxt_lcd_set_pot
 .text.nxt_lcd_set_ram_address_control
                0x00202df0       0x18 ../../ecrobot/../ecrobot/libecrobot.a(nxt_lcd.oram)
                0x00202df0                nxt_lcd_set_ram_address_control
 .text.nxt_lcd_enable
                0x00202e08       0x14 ../../ecrobot/../ecrobot/libecrobot.a(nxt_lcd.oram)
                0x00202e08                nxt_lcd_enable
 .text.nxt_lcd_set_map_control
                0x00202e1c       0x18 ../../ecrobot/../ecrobot/libecrobot.a(nxt_lcd.oram)
                0x00202e1c                nxt_lcd_set_map_control
 .text.nxt_lcd_reset
                0x00202e34        0xc ../../ecrobot/../ecrobot/libecrobot.a(nxt_lcd.oram)
                0x00202e34                nxt_lcd_reset
 .text.nxt_lcd_set_bias_ratio
                0x00202e40       0x18 ../../ecrobot/../ecrobot/libecrobot.a(nxt_lcd.oram)
                0x00202e40                nxt_lcd_set_bias_ratio
 .text.nxt_lcd_force_update
                0x00202e58       0x30 ../../ecrobot/../ecrobot/libecrobot.a(nxt_lcd.oram)
                0x00202e58                nxt_lcd_force_update
 .text.nxt_lcd_update
                0x00202e88        0xc ../../ecrobot/../ecrobot/libecrobot.a(nxt_lcd.oram)
                0x00202e88                nxt_lcd_update
 .text.nxt_lcd_power_up
                0x00202e94       0x48 ../../ecrobot/../ecrobot/libecrobot.a(nxt_lcd.oram)
                0x00202e94                nxt_lcd_power_up
 .text.nxt_lcd_power_down
                0x00202edc        0xc ../../ecrobot/../ecrobot/libecrobot.a(nxt_lcd.oram)
                0x00202edc                nxt_lcd_power_down
 .text.nxt_lcd_init
                0x00202ee8       0x18 ../../ecrobot/../ecrobot/libecrobot.a(nxt_lcd.oram)
                0x00202ee8                nxt_lcd_init
 .text.verify_flash_page
                0x00202f00       0x34 ../../ecrobot/../ecrobot/libecrobot.a(flash_loader.oram)
 .text.set_flash_request
                0x00202f34       0x38 ../../ecrobot/../ecrobot/libecrobot.a(flash_loader.oram)
                0x00202f34                set_flash_request
 .text.nxt_device_init
                0x00202f6c       0x38 ../../ecrobot/../ecrobot/libecrobot.a(flash_loader.oram)
                0x00202f6c                nxt_device_init
 .text          0x00202fa4       0x68 ../../ecrobot/../ecrobot/libecrobot.a(interrupts.oram)
                0x00202ffc                fiq_enable
                0x00202fa4                interrupts_get_and_disable
                0x00202fd8                fiq_get_and_disable
                0x00202fc8                interrupts_enable
 .text.flash_write_page
                0x0020300c       0xc0 ../../ecrobot/../ecrobot/libecrobot.a(flashprog.oram)
                0x0020300c                flash_write_page
                0x002030d0                . = ALIGN (0x10)
 *fill*         0x002030cc        0x4 00
 *.oram(*.rodata *.rodata.*)
 .rodata.ld     0x002030d0        0x4 ../../ecrobot/../ecrobot/libecrobot.a(udp.oram)
 .rodata.cfd    0x002030d4       0x20 ../../ecrobot/../ecrobot/libecrobot.a(udp.oram)
 .rodata.dd     0x002030f4       0x12 ../../ecrobot/../ecrobot/libecrobot.a(udp.oram)
 *fill*         0x00203106        0x2 00
 .rodata.str1.4
                0x00203108       0x22 ../../ecrobot/../ecrobot/libecrobot.a(data_abort.oram)
                                 0x24 (size before relaxing)
 .rodata.font   0x0020312a      0x280 ../../ecrobot/../ecrobot/libecrobot.a(display.oram)
 *fill*         0x002033aa        0x2 00
 .rodata.str1.4
                0x002033ac       0x76 ../../ecrobot/../ecrobot/libecrobot.a(display.oram)
                                 0x78 (size before relaxing)
 *fill*         0x00203422        0x2 00
 .rodata.i2c_pin
                0x00203424       0x20 ../../ecrobot/../ecrobot/libecrobot.a(i2c.oram)
 .rodata.i2c_timer_isr_C
                0x00203444       0x38 ../../ecrobot/../ecrobot/libecrobot.a(i2c.oram)
 .rodata.silence
                0x0020347c       0x40 ../../ecrobot/../ecrobot/libecrobot.a(sound.oram)
                0x0020347c                silence
 .rodata.sample_pattern
                0x002034bc       0x84 ../../ecrobot/../ecrobot/libecrobot.a(sound.oram)
                0x002034bc                sample_pattern
 .rodata        0x00203540        0xc ../../ecrobot/../ecrobot/libecrobot.a(sound.oram)
 .rodata.avr_brainwash_string
                0x0020354c       0x30 ../../ecrobot/../ecrobot/libecrobot.a(nxt_avr.oram)
                0x0020354c                avr_brainwash_string
 .rodata.nxt_avr_1kHz_update
                0x0020357c       0x14 ../../ecrobot/../ecrobot/libecrobot.a(nxt_avr.oram)
 .rodata.C.33.1823
                0x00203590       0x10 ../../ecrobot/../ecrobot/libecrobot.a(sensors.oram)
 .rodata.C.37.1857
                0x002035a0       0x10 ../../ecrobot/../ecrobot/libecrobot.a(sensors.oram)
 .rodata.C.31.1806
                0x002035b0       0x10 ../../ecrobot/../ecrobot/libecrobot.a(sensors.oram)
 .rodata.str1.4
                0x002035c0       0x23 ../../ecrobot/../ecrobot/libecrobot.a(flash_loader.oram)
                                 0x24 (size before relaxing)
                0x002035f0                . = ALIGN (0x10)
 *fill*         0x002035e3        0xd 00
                0x00200040                __ramtext_ram_start__ = ADDR (.ram_text)
                0x002035f0                __ramtext_ram_end__ = (ADDR (.ram_text) + SIZEOF (.ram_text))
                0x001082c0                __ramtext_load_start__ = LOADADDR (.ram_text)
                0x0010b870                __ramtext_load_end__ = (__ramtext_load_start__ + SIZEOF (.ram_text))

.wav_data       0x0010b870        0x0
 *.owav(*.data *.data.*)
                0x0010b870                . = ALIGN (0x10)

.bmp_data       0x0010b870      0x440
 *.obmp(*.data *.data.*)
 .data          0x0010b870      0x43e ../../ecrobot/../ecrobot/libecrobot.a(nxtosek_splash.obmp)
                0x0010b870                nxtosek_splash_bmp_start
                0x0010bcae                nxtosek_splash_bmp_end
                0x0010bcb0                . = ALIGN (0x10)
 *fill*         0x0010bcae        0x2 00

.spr_data       0x0010bcb0        0x0
 *.ospr(*.data *.data.*)
                0x0010bcb0                . = ALIGN (0x10)

.data           0x002035f0      0x180 load address 0x0010bcb0
 *(*.data *.data.*)
 .data.bt_status
                0x002035f0        0x1 build/ecrobot_bluetooth.o
 *fill*         0x002035f1        0x3 00
 .data.K_THETADOT
                0x002035f4        0x4 build/balancer_param.o
                0x002035f4                K_THETADOT
 .data.K_PHIDOT
                0x002035f8        0x4 build/balancer_param.o
                0x002035f8                K_PHIDOT
 .data.K_I      0x002035fc        0x4 build/balancer_param.o
                0x002035fc                K_I
 .data.K_F      0x00203600       0x10 build/balancer_param.o
                0x00203600                K_F
 .data.A_R      0x00203610        0x4 build/balancer_param.o
                0x00203610                A_R
 .data.A_D      0x00203614        0x4 build/balancer_param.o
                0x00203614                A_D
 .data.runningSPStrategy
                0x00203618        0xc build/Robonet.o
 .data.runningStrategy
                0x00203624       0xd8 build/Robonet.o
 .data.distance_state
                0x002036fc       0x10 ../../ecrobot/../ecrobot/libecrobot.a(ecrobot_interface.o)
 .data.deviceStatus
                0x0020370c        0x1 ../../ecrobot/../ecrobot/libecrobot.a(ecrobot_interface.o)
 .bss.data.2752
                0x0020370d        0x4 ../../ecrobot/../ecrobot/libecrobot.a(ecrobot_interface.o)
 .data.named    0x00203711       0x22 ../../ecrobot/../ecrobot/libecrobot.a(udp.oram)
 .data.snd      0x00203733       0x1a ../../ecrobot/../ecrobot/libecrobot.a(udp.oram)
 *fill*         0x0020374d        0x3 00
 .data.configured
                0x00203750        0x4 ../../ecrobot/../ecrobot/libecrobot.a(udp.oram)
 .data.mode     0x00203754        0x1 ../../ecrobot/../ecrobot/libecrobot.a(nxt_spi.oram)
                0x00203754                mode
 *fill*         0x00203755        0x3 00
 .bss.data      0x00203758        0x4 ../../ecrobot/../ecrobot/libecrobot.a(nxt_spi.oram)
                0x00203758                data
 .data.display_auto_update
                0x0020375c        0x4 ../../ecrobot/../ecrobot/libecrobot.a(display.oram)
                0x0020375c                display_auto_update
 .data.display_buffer
                0x00203760        0x4 ../../ecrobot/../ecrobot/libecrobot.a(display.oram)
                0x00203770                . = ALIGN (0x10)
 *fill*         0x00203764        0xc 00
                0x002035f0                __data_ram_start__ = ADDR (.data)
                0x00203770                __data_ram_end__ = (ADDR (.data) + SIZEOF (.data))
                0x0010bcb0                __data_load_start__ = LOADADDR (.data)
                0x0010be30                __data_load_end__ = (__data_load_start__ + SIZEOF (.data))

.text           0x0010be30     0x48e0
                0x0010be30                . = ALIGN (0x10)
 *(*.text *.text.* *.glue*)
 .text.enqueue_alarm
                0x0010be30       0x90 build/kernel/alarm.o
 .text.alarm_initialize
                0x0010bec0       0x98 build/kernel/alarm.o
                0x0010bec0                alarm_initialize
 .text.SetRelAlarm
                0x0010bf58       0xe8 build/kernel/alarm.o
                0x0010bf58                SetRelAlarm
 .text.CancelAlarm
                0x0010c040       0x9c build/kernel/alarm.o
                0x0010c040                CancelAlarm
 .text.SignalCounter
                0x0010c0dc      0x134 build/kernel/alarm.o
                0x0010c0dc                SignalCounter
 .text.SetEvent
                0x0010c210       0xac build/kernel/event.o
                0x0010c210                SetEvent
 .text.ClearEvent
                0x0010c2bc       0x64 build/kernel/event.o
                0x0010c2bc                ClearEvent
 .text.WaitEvent
                0x0010c320       0xa8 build/kernel/event.o
                0x0010c320                WaitEvent
 .text.StartOS  0x0010c3c8       0x58 build/kernel/osctl.o
                0x0010c3c8                StartOS
 .text.ShutdownOS
                0x0010c420       0x4c build/kernel/osctl.o
                0x0010c420                ShutdownOS
 .text.call_pretaskhook
                0x0010c46c       0x24 build/kernel/osctl.o
                0x0010c46c                call_pretaskhook
 .text.call_errorhook
                0x0010c490       0x78 build/kernel/osctl.o
                0x0010c490                call_errorhook
 .text.call_posttaskhook
                0x0010c508       0x24 build/kernel/osctl.o
                0x0010c508                call_posttaskhook
 .text.search_schedtsk
                0x0010c52c       0x94 build/kernel/task.o
                0x0010c52c                search_schedtsk
 .text.make_runnable
                0x0010c5c0       0xac build/kernel/task.o
                0x0010c5c0                make_runnable
 .text.make_active
                0x0010c66c       0x78 build/kernel/task.o
                0x0010c66c                make_active
 .text.task_initialize
                0x0010c6e4       0x90 build/kernel/task.o
                0x0010c6e4                task_initialize
 .text.cpu_initialize
                0x0010c774        0x4 build/config/at91sam7s-gnu/cpu_config.o
                0x0010c774                cpu_initialize
 .text.cpu_terminate
                0x0010c778        0x4 build/config/at91sam7s-gnu/cpu_config.o
                0x0010c778                cpu_terminate
 .text.sys_initialize
                0x0010c77c        0x4 build/config/at91sam7s-gnu/lego_nxt/sys_config.o
                0x0010c77c                sys_initialize
 .text.sys_exit
                0x0010c780        0x4 build/config/at91sam7s-gnu/lego_nxt/sys_config.o
                0x0010c780                sys_exit
 .text._setevent_alarm_ALARM_RUNNING_CONTROL
                0x0010c784       0x10 build/./kernel_cfg.o
 .text._setevent_alarm_ALARM_BALANCE_CONTROL
                0x0010c794       0x10 build/./kernel_cfg.o
 .text._setevent_alarm_ALARM_SONAR_CONTROL
                0x0010c7a4       0x10 build/./kernel_cfg.o
 .text.object_initialize
                0x0010c7b4       0x10 build/./kernel_cfg.o
                0x0010c7b4                object_initialize
 .text.close_bt_stream
                0x0010c7c4       0x2c build/ecrobot_bluetooth.o
 .text.ecrobot_send_bt_packet
                0x0010c7f0       0x54 build/ecrobot_bluetooth.o
                0x0010c7f0                ecrobot_send_bt_packet
 .text.ecrobot_send_bt
                0x0010c844       0x40 build/ecrobot_bluetooth.o
                0x0010c844                ecrobot_send_bt
 .text.ecrobot_read_bt
                0x0010c884       0x24 build/ecrobot_bluetooth.o
                0x0010c884                ecrobot_read_bt
 .text.send_bt_command
                0x0010c8a8       0x40 build/ecrobot_bluetooth.o
 .text.ecrobot_term_bt_connection
                0x0010c8e8       0x48 build/ecrobot_bluetooth.o
                0x0010c8e8                ecrobot_term_bt_connection
 .text.read_bt_command
                0x0010c930       0x5c build/ecrobot_bluetooth.o
 .text.open_bt_stream
                0x0010c98c       0x50 build/ecrobot_bluetooth.o
 .text.ecrobot_get_bt_device_address
                0x0010c9dc       0x6c build/ecrobot_bluetooth.o
                0x0010c9dc                ecrobot_get_bt_device_address
 .text.ecrobot_init_bt_slave
                0x0010ca48      0x12c build/ecrobot_bluetooth.o
                0x0010ca48                ecrobot_init_bt_slave
 .text.init_OS_flag
                0x0010cb74        0xc build/ecrobot_base.o
                0x0010cb74                init_OS_flag
 .text.set_OS_flag
                0x0010cb80        0xc build/ecrobot_base.o
                0x0010cb80                set_OS_flag
 .text.get_OS_flag
                0x0010cb8c        0xc build/ecrobot_base.o
                0x0010cb8c                get_OS_flag
 .text.cpp_constructor
                0x0010cb98       0x28 build/ecrobot_base.o
                0x0010cb98                cpp_constructor
 .text.cpp_destructor
                0x0010cbc0       0x28 build/ecrobot_base.o
                0x0010cbc0                cpp_destructor
 .text.execution_mode
                0x0010cbe8       0x24 build/ecrobot_base.o
                0x0010cbe8                execution_mode
 .text.show_main_screen
                0x0010cc0c       0x48 build/ecrobot_base.o
                0x0010cc0c                show_main_screen
 .text.display_status_bar
                0x0010cc54       0x5c build/ecrobot_base.o
                0x0010cc54                display_status_bar
 .text.restart_NXT
                0x0010ccb0       0x2c build/ecrobot_base.o
                0x0010ccb0                restart_NXT
 .text.shutdown_NXT
                0x0010ccdc       0x2c build/ecrobot_base.o
                0x0010ccdc                shutdown_NXT
 .text.check_NXT_buttons
                0x0010cd08       0x38 build/ecrobot_base.o
                0x0010cd08                check_NXT_buttons
 .text.show_bd_addr
                0x0010cd40       0x44 build/ecrobot_base.o
                0x0010cd40                show_bd_addr
 .text.show_bd_addr_err
                0x0010cd84       0x3c build/ecrobot_base.o
                0x0010cd84                show_bd_addr_err
 .text.add_status_info
                0x0010cdc0       0x68 build/ecrobot_base.o
                0x0010cdc0                add_status_info
 .text.show_splash_screen
                0x0010ce28       0x90 build/ecrobot_base.o
                0x0010ce28                show_splash_screen
 .text.main     0x0010ceb8      0x10c build/ecrobot.o
                0x0010ceb8                main
 .text.AngularVelocity_init
                0x0010cfc4       0x3c build/AngularVelocity.o
                0x0010cfc4                AngularVelocity_init
 .text.AngularVelocity_Calibration
                0x0010d000       0xc8 build/AngularVelocity.o
                0x0010d000                AngularVelocity_Calibration
 .text.AngularVelocity_getOffsetValue
                0x0010d0c8        0x4 build/AngularVelocity.o
                0x0010d0c8                AngularVelocity_getOffsetValue
 .text.AngularVelocity_updateAngularVelocity
                0x0010d0cc       0x84 build/AngularVelocity.o
                0x0010d0cc                AngularVelocity_updateAngularVelocity
 .text.AngularVelocity_getMeanAngularVelocity
                0x0010d150       0x2c build/AngularVelocity.o
                0x0010d150                AngularVelocity_getMeanAngularVelocity
 .text.BalanceControl_init
                0x0010d17c       0x14 build/BalanceControl.o
                0x0010d17c                BalanceControl_init
 .text.BalanceControl_executionBalanceRunning
                0x0010d190      0x158 build/BalanceControl.o
                0x0010d190                BalanceControl_executionBalanceRunning
 .text.BlindRunning_init
                0x0010d2e8       0x18 build/BlindRunning.o
                0x0010d2e8                BlindRunning_init
 .text.BlindRunning_execution
                0x0010d300       0xc4 build/BlindRunning.o
                0x0010d300                BlindRunning_execution
 .text.Bluetooth_init
                0x0010d3c4       0x14 build/Bluetooth.o
                0x0010d3c4                Bluetooth_init
 .text.Bluetooth_waitStart
                0x0010d3d8       0x10 build/Bluetooth.o
                0x0010d3d8                Bluetooth_waitStart
 .text.CommandValue_init
                0x0010d3e8        0x8 build/CommandValue.o
                0x0010d3e8                CommandValue_init
 .text.CommandValue_setCommandValue
                0x0010d3f0        0x8 build/CommandValue.o
                0x0010d3f0                CommandValue_setCommandValue
 .text.CommandValue_getTurn
                0x0010d3f8        0x8 build/CommandValue.o
                0x0010d3f8                CommandValue_getTurn
 .text.CommandValue_getForward
                0x0010d400        0x8 build/CommandValue.o
                0x0010d400                CommandValue_getForward
 .text.CourseBrightness_init
                0x0010d408       0x3c build/CourseBrightness.o
                0x0010d408                CourseBrightness_init
 .text.CourseBrightness_updateBrightness
                0x0010d444       0x8c build/CourseBrightness.o
                0x0010d444                CourseBrightness_updateBrightness
 .text.CourseBrightness_getBrightness
                0x0010d4d0        0x4 build/CourseBrightness.o
                0x0010d4d0                CourseBrightness_getBrightness
 .text.CourseBrightness_getDiffEdge
                0x0010d4d4        0xc build/CourseBrightness.o
                0x0010d4d4                CourseBrightness_getDiffEdge
 .text.CourseBrightness_getDiffPast
                0x0010d4e0        0xc build/CourseBrightness.o
                0x0010d4e0                CourseBrightness_getDiffPast
 .text.CourseBrightness_Calibration
                0x0010d4ec      0x23c build/CourseBrightness.o
                0x0010d4ec                CourseBrightness_Calibration
 .text.CourseBrightness_getThreshold
                0x0010d728       0x28 build/CourseBrightness.o
                0x0010d728                CourseBrightness_getThreshold
 .text.CourseBrightness_getMeanBrightness
                0x0010d750       0x24 build/CourseBrightness.o
                0x0010d750                CourseBrightness_getMeanBrightness
 .text.JudgeBrightness_init
                0x0010d774        0x8 build/JudgeBrightness.o
                0x0010d774                JudgeBrightness_init
 .text.JudgeBrightness_execution
                0x0010d77c       0xe4 build/JudgeBrightness.o
                0x0010d77c                JudgeBrightness_execution
 .text.JudgeDirection_init
                0x0010d860        0xc build/JudgeDirection.o
                0x0010d860                JudgeDirection_init
 .text.JudgeDirection_execution
                0x0010d86c       0xb4 build/JudgeDirection.o
                0x0010d86c                JudgeDirection_execution
 .text.JudgeMarker_init
                0x0010d920        0xc build/JudgeMarker.o
                0x0010d920                JudgeMarker_init
 .text.JudgeMarker_execution
                0x0010d92c       0x80 build/JudgeMarker.o
                0x0010d92c                JudgeMarker_execution
 .text.JudgeMileage_init
                0x0010d9ac        0x4 build/JudgeMileage.o
                0x0010d9ac                JudgeMileage_init
 .text.JudgeMileage_execution
                0x0010d9b0       0x44 build/JudgeMileage.o
                0x0010d9b0                JudgeMileage_execution
 .text.JudgeSeesaw_init
                0x0010d9f4       0x20 build/JudgeSeesaw.o
                0x0010d9f4                JudgeSeesaw_init
 .text.JudgeSeesaw_execution
                0x0010da14       0xf0 build/JudgeSeesaw.o
                0x0010da14                JudgeSeesaw_execution
 .text.JudgeSonar_init
                0x0010db04        0x4 build/JudgeSonar.o
                0x0010db04                JudgeSonar_init
 .text.JudgeSonar_execution
                0x0010db08       0x54 build/JudgeSonar.o
                0x0010db08                JudgeSonar_execution
 .text.JudgeStepCapture_init
                0x0010db5c       0x10 build/JudgeStepCapture.o
                0x0010db5c                JudgeStepCapture_init
 .text.JudgeStepCapture_BalanceCheckC
                0x0010db6c       0x28 build/JudgeStepCapture.o
                0x0010db6c                JudgeStepCapture_BalanceCheckC
 .text.JudgeStepCapture_BalanceCheckS1
                0x0010db94       0x38 build/JudgeStepCapture.o
                0x0010db94                JudgeStepCapture_BalanceCheckS1
 .text.JudgeStepCapture_BalanceCheckS2
                0x0010dbcc       0x38 build/JudgeStepCapture.o
                0x0010dbcc                JudgeStepCapture_BalanceCheckS2
 .text.JudgeStepCapture_TimeCount
                0x0010dc04       0x20 build/JudgeStepCapture.o
                0x0010dc04                JudgeStepCapture_TimeCount
 .text.JudgeStepCapture_execution
                0x0010dc24       0x50 build/JudgeStepCapture.o
                0x0010dc24                JudgeStepCapture_execution
 .text.JudgeTail_init
                0x0010dc74       0x10 build/JudgeTail.o
                0x0010dc74                JudgeTail_init
 .text.JudgeTail_execution
                0x0010dc84        0xc build/JudgeTail.o
                0x0010dc84                JudgeTail_execution
 .text.LineTrace_init
                0x0010dc90       0x10 build/LineTrace.o
                0x0010dc90                LineTrace_init
 .text.LineTrace_execution
                0x0010dca0      0x134 build/LineTrace.o
                0x0010dca0                LineTrace_execution
 .text.Log_init
                0x0010ddd4       0x24 build/Log.o
                0x0010ddd4                Log_init
 .text.Log_get  0x0010ddf8       0x74 build/Log.o
                0x0010ddf8                Log_get
 .text.MotorCount_init
                0x0010de6c       0x1c build/MotorCount.o
                0x0010de6c                MotorCount_init
 .text.MotorCount_updateMotorCount
                0x0010de88       0x24 build/MotorCount.o
                0x0010de88                MotorCount_updateMotorCount
 .text.MotorCount_getMotorCount
                0x0010deac        0x4 build/MotorCount.o
                0x0010deac                MotorCount_getMotorCount
 .text.MotorCount_getPastMotorCount
                0x0010deb0       0x18 build/MotorCount.o
                0x0010deb0                MotorCount_getPastMotorCount
 .text.MotorCount_setStartMotorCount
                0x0010dec8        0x8 build/MotorCount.o
                0x0010dec8                MotorCount_setStartMotorCount
 .text.MotorCount_getStartMotorCount
                0x0010ded0        0x4 build/MotorCount.o
                0x0010ded0                MotorCount_getStartMotorCount
 .text.OperationMethod_init
                0x0010ded4        0x4 build/OperationMethod.o
                0x0010ded4                OperationMethod_init
 .text.Pwm_init
                0x0010ded8       0x28 build/Pwm.o
                0x0010ded8                Pwm_init
 .text.Pwm_updatePwm
                0x0010df00       0x6c build/Pwm.o
                0x0010df00                Pwm_updatePwm
 .text.Pwm_getMeanPwm
                0x0010df6c       0x34 build/Pwm.o
                0x0010df6c                Pwm_getMeanPwm
 .text.RunningMachine_init
                0x0010dfa0       0x20 build/RunningMachine.o
                0x0010dfa0                RunningMachine_init
 .text.RunningMachine_waitStart
                0x0010dfc0       0xe4 build/RunningMachine.o
                0x0010dfc0                RunningMachine_waitStart
 .text.RunningMachine_judgeFall
                0x0010e0a4       0x3c build/RunningMachine.o
                0x0010e0a4                RunningMachine_judgeFall
 .text.RunningMachine_run
                0x0010e0e0       0x6c build/RunningMachine.o
                0x0010e0e0                RunningMachine_run
 .text.RunningMachine_stop
                0x0010e14c       0x1c build/RunningMachine.o
                0x0010e14c                RunningMachine_stop
 .text.RunningPositionInfo_init
                0x0010e168       0x1c build/RunningPositionInfo.o
                0x0010e168                RunningPositionInfo_init
 .text.RunningPositionInfo_presumptionPosition
                0x0010e184       0xc4 build/RunningPositionInfo.o
                0x0010e184                RunningPositionInfo_presumptionPosition
 .text.RunningPositionInfo_getMileage
                0x0010e248        0xc build/RunningPositionInfo.o
                0x0010e248                RunningPositionInfo_getMileage
 .text.RunningPositionInfo_getStartMileage
                0x0010e254        0xc build/RunningPositionInfo.o
                0x0010e254                RunningPositionInfo_getStartMileage
 .text.RunningPositionInfo_getDirection
                0x0010e260       0x24 build/RunningPositionInfo.o
                0x0010e260                RunningPositionInfo_getDirection
 .text.RunningPositionInfo_getStartDirection
                0x0010e284       0x24 build/RunningPositionInfo.o
                0x0010e284                RunningPositionInfo_getStartDirection
 .text.RunningPositionInfo_setStartPositionInfo
                0x0010e2a8       0x20 build/RunningPositionInfo.o
                0x0010e2a8                RunningPositionInfo_setStartPositionInfo
 .text.ScreenDetectionRunning_init
                0x0010e2c8       0x2c build/ScreenDetectionRunning.o
                0x0010e2c8                ScreenDetectionRunning_init
 .text.ScreenDetectionRunning_execution
                0x0010e2f4       0x68 build/ScreenDetectionRunning.o
                0x0010e2f4                ScreenDetectionRunning_execution
 .text.SeesawPass_init
                0x0010e35c       0x24 build/SeesawPass.o
                0x0010e35c                SeesawPass_init
 .text.SeesawPass_seesawNormalPass
                0x0010e380      0x10c build/SeesawPass.o
                0x0010e380                SeesawPass_seesawNormalPass
 .text.SeesawPass_seesawLeave
                0x0010e48c       0xd4 build/SeesawPass.o
                0x0010e48c                SeesawPass_seesawLeave
 .text.SeesawPass_execution
                0x0010e560      0x208 build/SeesawPass.o
                0x0010e560                SeesawPass_execution
 .text.SonarData_init
                0x0010e768        0x8 build/SonarData.o
                0x0010e768                SonarData_init
 .text.SonarData_update
                0x0010e770       0x14 build/SonarData.o
                0x0010e770                SonarData_update
 .text.SonarData_get
                0x0010e784        0x4 build/SonarData.o
                0x0010e784                SonarData_get
 .text.StepCapture_init
                0x0010e788       0x24 build/StepCapture.o
                0x0010e788                StepCapture_init
 .text.GoUpStep1
                0x0010e7ac       0x3c build/StepCapture.o
                0x0010e7ac                GoUpStep1
 .text.GoUpStep2
                0x0010e7e8       0x3c build/StepCapture.o
                0x0010e7e8                GoUpStep2
 .text.LevelRun1
                0x0010e824       0x38 build/StepCapture.o
                0x0010e824                LevelRun1
 .text.LevelRun2
                0x0010e85c       0x34 build/StepCapture.o
                0x0010e85c                LevelRun2
 .text.LevelRun3
                0x0010e890       0x34 build/StepCapture.o
                0x0010e890                LevelRun3
 .text.StepCaptureExecution
                0x0010e8c4       0xb8 build/StepCapture.o
                0x0010e8c4                StepCaptureExecution
 .text.Strategy_init
                0x0010e97c       0x58 build/Strategy.o
                0x0010e97c                Strategy_init
 .text.Strategy_judge
                0x0010e9d4       0xb8 build/Strategy.o
                0x0010e9d4                Strategy_judge
 .text.Strategy_setStrategyId
                0x0010ea8c       0x14 build/Strategy.o
                0x0010ea8c                Strategy_setStrategyId
 .text.Strategy_operation
                0x0010eaa0      0x190 build/Strategy.o
                0x0010eaa0                Strategy_operation
 .text.Strategy_execution
                0x0010ec30       0x98 build/Strategy.o
                0x0010ec30                Strategy_execution
 .text.TailControl_init
                0x0010ecc8        0xc build/TailControl.o
                0x0010ecc8                TailControl_init
 .text.TailControl_Get_TailControlInit
                0x0010ecd4        0x8 build/TailControl.o
                0x0010ecd4                TailControl_Get_TailControlInit
 .text.TailControl_Calibration
                0x0010ecdc       0x7c build/TailControl.o
                0x0010ecdc                TailControl_Calibration
 .text.TailControl_TailOperation
                0x0010ed58       0x64 build/TailControl.o
                0x0010ed58                TailControl_TailOperation
 .text.TailRunning_executionTailRunning
                0x0010edbc       0x60 build/TailRunning.o
                0x0010edbc                TailRunning_executionTailRunning
 .text.ecrobot_device_initialize
                0x0010ee1c       0x20 build/Robonet.o
                0x0010ee1c                ecrobot_device_initialize
 .text.ecrobot_device_terminate
                0x0010ee3c       0x2c build/Robonet.o
                0x0010ee3c                ecrobot_device_terminate
 .text.user_1ms_isr_type2
                0x0010ee68       0x1c build/Robonet.o
                0x0010ee68                user_1ms_isr_type2
 .text.TaskMainRUNNING_CONTROL
                0x0010ee84      0x288 build/Robonet.o
                0x0010ee84                TaskMainRUNNING_CONTROL
 .text.TaskMainBALANCE_CONTROL
                0x0010f10c       0x88 build/Robonet.o
                0x0010f10c                TaskMainBALANCE_CONTROL
 .text.TaskMainSONAR_CONTROL
                0x0010f194       0x28 build/Robonet.o
                0x0010f194                TaskMainSONAR_CONTROL
 .text.ecrobot_get_gyro_sensor
                0x0010f1bc       0x14 ../../ecrobot/../ecrobot/libecrobot.a(ecrobot_HiTechnic.o)
                0x0010f1bc                ecrobot_get_gyro_sensor
 .text.ecrobot_set_light_sensor_active
                0x0010f1d0       0x10 ../../ecrobot/../ecrobot/libecrobot.a(ecrobot_interface.o)
                0x0010f1d0                ecrobot_set_light_sensor_active
 .text.ecrobot_set_light_sensor_inactive
                0x0010f1e0       0x10 ../../ecrobot/../ecrobot/libecrobot.a(ecrobot_interface.o)
                0x0010f1e0                ecrobot_set_light_sensor_inactive
 .text.ecrobot_get_light_sensor
                0x0010f1f0       0x14 ../../ecrobot/../ecrobot/libecrobot.a(ecrobot_interface.o)
                0x0010f1f0                ecrobot_get_light_sensor
 .text.ecrobot_get_touch_sensor
                0x0010f204       0x20 ../../ecrobot/../ecrobot/libecrobot.a(ecrobot_interface.o)
                0x0010f204                ecrobot_get_touch_sensor
 .text.ecrobot_init_i2c
                0x0010f224       0x2c ../../ecrobot/../ecrobot/libecrobot.a(ecrobot_interface.o)
                0x0010f224                ecrobot_init_i2c
 .text.getDistance
                0x0010f250       0x20 ../../ecrobot/../ecrobot/libecrobot.a(ecrobot_interface.o)
 .text.ecrobot_init_sonar_sensor
                0x0010f270       0x10 ../../ecrobot/../ecrobot/libecrobot.a(ecrobot_interface.o)
                0x0010f270                ecrobot_init_sonar_sensor
 .text.ecrobot_get_sonar_sensor
                0x0010f280       0x48 ../../ecrobot/../ecrobot/libecrobot.a(ecrobot_interface.o)
                0x0010f280                ecrobot_get_sonar_sensor
 .text.ecrobot_term_sonar_sensor
                0x0010f2c8       0x20 ../../ecrobot/../ecrobot/libecrobot.a(ecrobot_interface.o)
                0x0010f2c8                ecrobot_term_sonar_sensor
 .text.ecrobot_get_battery_voltage
                0x0010f2e8        0xc ../../ecrobot/../ecrobot/libecrobot.a(ecrobot_interface.o)
                0x0010f2e8                ecrobot_get_battery_voltage
 .text.ecrobot_get_button_state
                0x0010f2f4        0xc ../../ecrobot/../ecrobot/libecrobot.a(ecrobot_interface.o)
                0x0010f2f4                ecrobot_get_button_state
 .text.ecrobot_init_nxtstate
                0x0010f300       0x28 ../../ecrobot/../ecrobot/libecrobot.a(ecrobot_interface.o)
                0x0010f300                ecrobot_init_nxtstate
 .text.ecrobot_poll_nxtstate
                0x0010f328       0x64 ../../ecrobot/../ecrobot/libecrobot.a(ecrobot_interface.o)
                0x0010f328                ecrobot_poll_nxtstate
 .text.ecrobot_setDeviceInitialized
                0x0010f38c       0x18 ../../ecrobot/../ecrobot/libecrobot.a(ecrobot_interface.o)
                0x0010f38c                ecrobot_setDeviceInitialized
 .text.ecrobot_initDeviceStatus
                0x0010f3a4        0xc ../../ecrobot/../ecrobot/libecrobot.a(ecrobot_interface.o)
                0x0010f3a4                ecrobot_initDeviceStatus
 .text.ecrobot_bt_adc_data_logger
                0x0010f3b0       0xa0 ../../ecrobot/../ecrobot/libecrobot.a(ecrobot_interface.o)
                0x0010f3b0                ecrobot_bt_adc_data_logger
 .text.ecrobot_bmp2lcd
                0x0010f450      0x1c8 ../../ecrobot/../ecrobot/libecrobot.a(ecrobot_interface.o)
                0x0010f450                ecrobot_bmp2lcd
 .text.ecrobot_is_ENTER_button_pressed
                0x0010f618       0x10 ../../ecrobot/../ecrobot/libecrobot.a(ecrobot_interface.o)
                0x0010f618                ecrobot_is_ENTER_button_pressed
 .text.StartupHook
                0x0010f628        0x4 ../../ecrobot/../ecrobot/libecrobot.a(osek_hook.o)
                0x0010f628                StartupHook
 .text.PreTaskHook
                0x0010f62c        0x4 ../../ecrobot/../ecrobot/libecrobot.a(osek_hook.o)
                0x0010f62c                PreTaskHook
 .text.PostTaskHook
                0x0010f630        0x4 ../../ecrobot/../ecrobot/libecrobot.a(osek_hook.o)
                0x0010f630                PostTaskHook
 .text.ErrorHook
                0x0010f634        0x4 ../../ecrobot/../ecrobot/libecrobot.a(osek_hook.o)
                0x0010f634                ErrorHook
 .text.ShutdownHook
                0x0010f638        0x4 ../../ecrobot/../ecrobot/libecrobot.a(osek_hook.o)
                0x0010f638                ShutdownHook
 .text.balance_control
                0x0010f63c      0x254 ../../ecrobot/../ecrobot/libnxtway_gs_balancer.a(balancer.o)
                0x0010f63c                balance_control
 .text          0x0010f890       0x8c /cygdrive/C/cygwin/GNUARM/bin/../lib/gcc/arm-elf/4.0.2/thumb/interwork/libgcc.a(_udivsi3.o)
                0x0010f890                __udivsi3
                0x0010f90c                __aeabi_uidivmod
 .text          0x0010f91c       0xa4 /cygdrive/C/cygwin/GNUARM/bin/../lib/gcc/arm-elf/4.0.2/thumb/interwork/libgcc.a(_divsi3.o)
                0x0010f91c                __divsi3
                0x0010f9b0                __aeabi_idivmod
 .text          0x0010f9c0       0xc8 /cygdrive/C/cygwin/GNUARM/bin/../lib/gcc/arm-elf/4.0.2/thumb/interwork/libgcc.a(_umodsi3.o)
                0x0010f9c0                __umodsi3
 .text          0x0010fa88       0xd8 /cygdrive/C/cygwin/GNUARM/bin/../lib/gcc/arm-elf/4.0.2/thumb/interwork/libgcc.a(_modsi3.o)
                0x0010fa88                __modsi3
 .text          0x0010fb60        0x4 /cygdrive/C/cygwin/GNUARM/bin/../lib/gcc/arm-elf/4.0.2/thumb/interwork/libgcc.a(_dvmd_tls.o)
                0x0010fb60                __aeabi_ldiv0
                0x0010fb60                __div0
                0x0010fb60                __aeabi_idiv0
 .text          0x0010fb64      0x2ac /cygdrive/C/cygwin/GNUARM/bin/../lib/gcc/arm-elf/4.0.2/thumb/interwork/libgcc.a(_addsubsf3.o)
                0x0010fb70                __aeabi_fadd
                0x0010fb6c                __subsf3
                0x0010fd34                __aeabi_i2f
                0x0010fb6c                __aeabi_fsub
                0x0010fd64                __floatdisf
                0x0010fd34                __floatsisf
                0x0010fd54                __floatundisf
                0x0010fd2c                __aeabi_ui2f
                0x0010fd64                __aeabi_l2f
                0x0010fd54                __aeabi_ul2f
                0x0010fb64                __aeabi_frsub
                0x0010fd2c                __floatunsisf
                0x0010fb70                __addsf3
 .text          0x0010fe10      0x2f8 /cygdrive/C/cygwin/GNUARM/bin/../lib/gcc/arm-elf/4.0.2/thumb/interwork/libgcc.a(_muldivsf3.o)
                0x0010ffa8                __divsf3
                0x0010ffa8                __aeabi_fdiv
                0x0010fe10                __mulsf3
                0x0010fe10                __aeabi_fmul
 .text          0x00110108      0x110 /cygdrive/C/cygwin/GNUARM/bin/../lib/gcc/arm-elf/4.0.2/thumb/interwork/libgcc.a(_cmpsf2.o)
                0x00110200                __aeabi_fcmpgt
                0x00110110                __lesf2
                0x00110118                __nesf2
                0x001101e8                __aeabi_fcmpge
                0x00110108                __gtsf2
                0x001101d0                __aeabi_fcmple
                0x00110118                __eqsf2
                0x00110118                __cmpsf2
                0x00110110                __ltsf2
                0x00110188                __aeabi_cfcmple
                0x00110108                __gesf2
                0x001101a0                __aeabi_fcmpeq
                0x00110178                __aeabi_cfrcmple
                0x001101b8                __aeabi_fcmplt
                0x00110188                __aeabi_cfcmpeq
 .text          0x00110218       0x5c /cygdrive/C/cygwin/GNUARM/bin/../lib/gcc/arm-elf/4.0.2/thumb/interwork/libgcc.a(_fixsfsi.o)
                0x00110218                __fixsfsi
                0x00110218                __aeabi_f2iz
 .text          0x00110274       0x68 /cygdrive/C/cygwin/GNUARM/bin/../lib/gcc/arm-elf/4.0.2/../../../../arm-elf/lib/thumb/interwork/libc.a(memcpy.o)
                0x00110274                memcpy
 .text          0x001102dc       0x68 /cygdrive/C/cygwin/GNUARM/bin/../lib/gcc/arm-elf/4.0.2/../../../../arm-elf/lib/thumb/interwork/libc.a(memset.o)
                0x001102dc                memset
 .text          0x00110344       0x60 /cygdrive/C/cygwin/GNUARM/bin/../lib/gcc/arm-elf/4.0.2/../../../../arm-elf/lib/thumb/interwork/libc.a(strcpy.o)
                0x00110344                strcpy
 .text          0x001103a4       0x48 /cygdrive/C/cygwin/GNUARM/bin/../lib/gcc/arm-elf/4.0.2/../../../../arm-elf/lib/thumb/interwork/libc.a(strlen.o)
                0x001103a4                strlen
 .glue_7        0x001103ec       0x30 /cygdrive/C/cygwin/GNUARM/bin/../lib/gcc/arm-elf/4.0.2/../../../../arm-elf/lib/thumb/interwork/libc.a(strncpy.o)
                0x00110404                __call_posttaskhook_from_arm
                0x001103ed                __ecrobot_debug1_from_arm
                0x001103f9                __ecrobot_debug2_from_arm
                0x00110410                __call_pretaskhook_from_arm
 .glue_7t       0x0011041c       0xa8 /cygdrive/C/cygwin/GNUARM/bin/../lib/gcc/arm-elf/4.0.2/../../../../arm-elf/lib/thumb/interwork/libc.a(strncpy.o)
                0x00110448                __start_change_to_arm
                0x001104ac                __interrupts_get_and_disable_from_thumb
                0x00110484                ____lesf2_from_thumb
                0x001104a5                ____gtdf2_from_thumb
                0x0011043d                __exit_and_dispatch_from_thumb
                0x00110474                ____divsf3_from_thumb
                0x00110480                ____gesf2_change_to_arm
                0x00110460                ____fixsfsi_change_to_arm
                0x00110490                ____eqsf2_change_to_arm
                0x00110458                ____addsf3_change_to_arm
                0x0011045c                ____fixsfsi_from_thumb
                0x0011044c                ____floatsisf_from_thumb
                0x00110440                __exit_and_dispatch_change_to_arm
                0x0011041c                __disable_int_from_thumb
                0x0011047c                ____gesf2_from_thumb
                0x00110434                __start_dispatch_from_thumb
                0x00110488                ____lesf2_change_to_arm
                0x00110444                __start_from_thumb
                0x001104a0                ____muldf3_change_to_arm
                0x00110478                ____divsf3_change_to_arm
                0x00110424                __enable_int_from_thumb
                0x0011042c                __dispatch_from_thumb
                0x001104b8                __interrupts_enable_change_to_arm
                0x001104b0                __interrupts_get_and_disable_change_to_arm
                0x00110430                __dispatch_change_to_arm
                0x00110470                ____mulsf3_change_to_arm
                0x001104a8                ____gtdf2_change_to_arm
                0x00110495                ____floatsidf_from_thumb
                0x00110450                ____floatsisf_change_to_arm
                0x001104bd                __display_bios_status_from_thumb
                0x00110464                ____subsf3_from_thumb
                0x00110420                __disable_int_change_to_arm
                0x0011046c                ____mulsf3_from_thumb
                0x00110454                ____addsf3_from_thumb
                0x0011049d                ____muldf3_from_thumb
                0x0011048c                ____eqsf2_from_thumb
                0x00110468                ____subsf3_change_to_arm
                0x00110428                __enable_int_change_to_arm
                0x00110498                ____floatsidf_change_to_arm
                0x001104b4                __interrupts_enable_from_thumb
                0x001104c0                __display_bios_status_change_to_arm
                0x00110438                __start_dispatch_change_to_arm
                0x001104d0                . = ALIGN (0x10)
 *fill*         0x001104c4        0xc 00
 *(*.rodata *.rodata.*)
 .rodata.search_table.966
                0x001104d0        0xf build/kernel/task.o
 *fill*         0x001104df        0x1 00
 .rodata.EVENT_SONAR_CONTROL
                0x001104e0        0x4 build/./kernel_cfg.o
                0x001104e0                EVENT_SONAR_CONTROL
 .rodata.EVENT_BALANCE_CONTROL
                0x001104e4        0x4 build/./kernel_cfg.o
                0x001104e4                EVENT_BALANCE_CONTROL
 .rodata.EVENT_RUNNING_CONTROL
                0x001104e8        0x4 build/./kernel_cfg.o
                0x001104e8                EVENT_RUNNING_CONTROL
 .rodata.alminib_cycle
                0x001104ec        0xc build/./kernel_cfg.o
                0x001104ec                alminib_cycle
 .rodata.alminib_almval
                0x001104f8        0xc build/./kernel_cfg.o
                0x001104f8                alminib_almval
 .rodata.alminib_autosta
                0x00110504        0x3 build/./kernel_cfg.o
                0x00110504                alminib_autosta
 *fill*         0x00110507        0x1 00
 .rodata.alminib_cback
                0x00110508        0xc build/./kernel_cfg.o
                0x00110508                alminib_cback
 .rodata.alminib_cntid
                0x00110514        0x3 build/./kernel_cfg.o
                0x00110514                alminib_cntid
 .rodata.ALARM_SONAR_CONTROL
                0x00110517        0x1 build/./kernel_cfg.o
                0x00110517                ALARM_SONAR_CONTROL
 .rodata.ALARM_BALANCE_CONTROL
                0x00110518        0x1 build/./kernel_cfg.o
                0x00110518                ALARM_BALANCE_CONTROL
 .rodata.ALARM_RUNNING_CONTROL
                0x00110519        0x1 build/./kernel_cfg.o
                0x00110519                ALARM_RUNNING_CONTROL
 *fill*         0x0011051a        0x2 00
 .rodata.cntinib_mincyc
                0x0011051c        0x4 build/./kernel_cfg.o
                0x0011051c                cntinib_mincyc
 .rodata.cntinib_tickbase
                0x00110520        0x4 build/./kernel_cfg.o
                0x00110520                cntinib_tickbase
 .rodata.cntinib_maxval2
                0x00110524        0x4 build/./kernel_cfg.o
                0x00110524                cntinib_maxval2
 .rodata.cntinib_maxval
                0x00110528        0x4 build/./kernel_cfg.o
                0x00110528                cntinib_maxval
 .rodata.Cnt    0x0011052c        0x1 build/./kernel_cfg.o
                0x0011052c                Cnt
 *fill*         0x0011052d        0x1 00
 .rodata.tinib_stksz
                0x0011052e        0x6 build/./kernel_cfg.o
                0x0011052e                tinib_stksz
 .rodata.tinib_stk
                0x00110534        0xc build/./kernel_cfg.o
                0x00110534                tinib_stk
 .rodata.tinib_task
                0x00110540        0xc build/./kernel_cfg.o
                0x00110540                tinib_task
 .rodata.tinib_autoact
                0x0011054c        0x3 build/./kernel_cfg.o
                0x0011054c                tinib_autoact
 .rodata.tinib_exepri
                0x0011054f        0x3 build/./kernel_cfg.o
                0x0011054f                tinib_exepri
 .rodata.tinib_inipri
                0x00110552        0x3 build/./kernel_cfg.o
                0x00110552                tinib_inipri
 .rodata.tnum_exttask
                0x00110555        0x1 build/./kernel_cfg.o
                0x00110555                tnum_exttask
 .rodata.tnum_task
                0x00110556        0x1 build/./kernel_cfg.o
                0x00110556                tnum_task
 .rodata.tnum_counter
                0x00110557        0x1 build/./kernel_cfg.o
                0x00110557                tnum_counter
 .rodata.tnum_alarm
                0x00110558        0x1 build/./kernel_cfg.o
                0x00110558                tnum_alarm
 *fill*         0x00110559        0x3 00
 .rodata.exec_addr
                0x0011055c        0x4 build/ecrobot_base.o
                0x0011055c                exec_addr
 .rodata.str1.4
                0x00110560       0x80 build/ecrobot_base.o
 .rodata.str1.4
                0x001105e0       0x18 build/AngularVelocity.o
 .rodata.BATTERY_OFFSET
                0x001105f8        0x4 build/balancer_param.o
                0x001105f8                BATTERY_OFFSET
 .rodata.BATTERY_GAIN
                0x001105fc        0x4 build/balancer_param.o
                0x001105fc                BATTERY_GAIN
 .rodata.str1.4
                0x00110600       0x54 build/CourseBrightness.o
 .rodata.JudgeBrightness_execution
                0x00110654       0x14 build/JudgeBrightness.o
 .rodata.str1.4
                0x00110668        0x6 build/JudgeSonar.o
                                  0x8 (size before relaxing)
 *fill*         0x0011066e        0x2 00
 .rodata.str1.4
                0x00110670        0xb build/RunningMachine.o
                                  0xc (size before relaxing)
 *fill*         0x0011067b        0x1 00
 .rodata.Strategy_judge
                0x0011067c       0x20 build/Strategy.o
 .rodata.Strategy_operation
                0x0011069c       0x18 build/Strategy.o
 .rodata.str1.4
                0x001106b4       0x22 build/TailControl.o
                                 0x24 (size before relaxing)
 *fill*         0x001106d6        0x2 00
 .rodata.str1.4
                0x001106d8       0x36 build/Robonet.o
                                 0x38 (size before relaxing)
                0x00110710                . = ALIGN (0x10)
 *fill*         0x0011070e        0x2 00
 *(*.gnu.linkonce.* .gcc_except_table)
                0x00110710                . = ALIGN (0x10)

.tors           0x00110710        0x0
                0x00110710                . = ALIGN (0x10)
                0x00110710                __ctor_begin = .
 *(*.ctors*)
                0x00110710                __ctor_end = .
                0x00110710                . = ALIGN (0x10)
                0x00110710                __dtor_begin = .
 *(*.dtors*)
                0x00110710                __dtor_end = .
                0x00110710                . = ALIGN (0x10)
                0x00110710                __rom_end__ = __dtor_end

.bss            0x00203770     0x2304
 *(*.bss *.bss.*)
 .bss.ready_primap
                0x00203770        0x2 build/kernel/task.o
 .bss.ready_queue_last
                0x00203772       0x10 build/kernel/task.o
 .bss.ready_queue_first
                0x00203782       0x10 build/kernel/task.o
 *fill*         0x00203792        0x2 00
 .bss._stack_SONAR_CONTROL
                0x00203794      0x200 build/./kernel_cfg.o
 .bss._stack_BALANCE_CONTROL
                0x00203994      0x400 build/./kernel_cfg.o
 .bss._stack_RUNNING_CONTROL
                0x00203d94      0xa00 build/./kernel_cfg.o
 .bss.receiveBuf
                0x00204794       0x80 build/ecrobot_bluetooth.o
 .bss.sendBuf   0x00204814      0x100 build/ecrobot_bluetooth.o
 .bss.handle    0x00204914        0x1 build/ecrobot_bluetooth.o
 *fill*         0x00204915        0x3 00
 .bss.status_bar_position
                0x00204918        0x4 build/ecrobot_base.o
 .bss.last_act_time.2742
                0x0020491c        0x4 build/ecrobot_base.o
 .bss.lcd.2671  0x00204920      0x320 build/ecrobot_base.o
 .bss.OS_flag   0x00204c40        0x4 build/ecrobot_base.o
 .bss.status_bar
                0x00204c44       0x10 build/ecrobot_base.o
 .bss.roop_c.3372
                0x00204c54        0x4 build/RunningMachine.o
 .bss.adc       0x00204c58        0x8 ../../ecrobot/../ecrobot/libecrobot.a(ecrobot_interface.o)
 .bss.buttons_i
                0x00204c60        0x4 ../../ecrobot/../ecrobot/libecrobot.a(ecrobot_interface.o)
 .bss.buttons_states
                0x00204c64       0x14 ../../ecrobot/../ecrobot/libecrobot.a(ecrobot_interface.o)
 .bss.ecrobot_inputs
                0x00204c78        0x8 ../../ecrobot/../ecrobot/libecrobot.a(ecrobot_interface.o)
 .bss.systick_ms
                0x00204c80        0x4 ../../ecrobot/../ecrobot/libecrobot.a(systick.oram)
 .bss.delayedEnable
                0x00204c84        0x1 ../../ecrobot/../ecrobot/libecrobot.a(udp.oram)
 *fill*         0x00204c85        0x3 00
 .bss.outCnt    0x00204c88        0x4 ../../ecrobot/../ecrobot/libecrobot.a(udp.oram)
 .bss.outPtr    0x00204c8c        0x4 ../../ecrobot/../ecrobot/libecrobot.a(udp.oram)
 .bss.newAddress
                0x00204c90        0x4 ../../ecrobot/../ecrobot/libecrobot.a(udp.oram)
 .bss.currentRxBank
                0x00204c94        0x4 ../../ecrobot/../ecrobot/libecrobot.a(udp.oram)
 .bss.currentFeatures
                0x00204c98        0x4 ../../ecrobot/../ecrobot/libecrobot.a(udp.oram)
 .bss.currentConfig
                0x00204c9c        0x1 ../../ecrobot/../ecrobot/libecrobot.a(udp.oram)
 *fill*         0x00204c9d        0x3 00
 .bss.twi_mask  0x00204ca0        0x4 ../../ecrobot/../ecrobot/libecrobot.a(twi.oram)
 .bss.twi_ptr   0x00204ca4        0x4 ../../ecrobot/../ecrobot/libecrobot.a(twi.oram)
 .bss.twi_pending
                0x00204ca8        0x4 ../../ecrobot/../ecrobot/libecrobot.a(twi.oram)
 .bss.twi_state
                0x00204cac        0x4 ../../ecrobot/../ecrobot/libecrobot.a(twi.oram)
 .bss.page      0x00204cb0        0x1 ../../ecrobot/../ecrobot/libecrobot.a(nxt_spi.oram)
                0x00204cb0                page
 .bss.dirty     0x00204cb1        0x1 ../../ecrobot/../ecrobot/libecrobot.a(nxt_spi.oram)
                0x00204cb1                dirty
 *fill*         0x00204cb2        0x2 00
 .bss.display   0x00204cb4        0x4 ../../ecrobot/../ecrobot/libecrobot.a(nxt_spi.oram)
                0x00204cb4                display
 .bss.interrupts_this_period
                0x00204cb8        0x4 ../../ecrobot/../ecrobot/libecrobot.a(nxt_motors.oram)
 .bss.nxt_motor_initialised
                0x00204cbc        0x4 ../../ecrobot/../ecrobot/libecrobot.a(nxt_motors.oram)
 .bss.motor     0x00204cc0       0x30 ../../ecrobot/../ecrobot/libecrobot.a(nxt_motors.oram)
 .bss.display_tick
                0x00204cf0        0x4 ../../ecrobot/../ecrobot/libecrobot.a(display.oram)
                0x00204cf0                display_tick
 .bss.display_array
                0x00204cf4      0x388 ../../ecrobot/../ecrobot/libecrobot.a(display.oram)
 .bss.i2c_int_count
                0x0020507c        0x4 ../../ecrobot/../ecrobot/libecrobot.a(i2c.oram)
 .bss.i2c_port  0x00205080      0x170 ../../ecrobot/../ecrobot/libecrobot.a(i2c.oram)
 .bss.sound_mode
                0x002051f0        0x1 ../../ecrobot/../ecrobot/libecrobot.a(sound.oram)
                0x002051f0                sound_mode
 *fill*         0x002051f1        0x3 00
 .bss.in_buf_idx
                0x002051f4        0x4 ../../ecrobot/../ecrobot/libecrobot.a(bt.oram)
 .bss.buf_ptr   0x002051f8        0x4 ../../ecrobot/../ecrobot/libecrobot.a(bt.oram)
 .bss.out_buf   0x002051fc      0x200 ../../ecrobot/../ecrobot/libecrobot.a(bt.oram)
 .bss.out_buf_ptr
                0x002053fc        0x1 ../../ecrobot/../ecrobot/libecrobot.a(bt.oram)
 .bss.in_buf_in_ptr
                0x002053fd        0x1 ../../ecrobot/../ecrobot/libecrobot.a(bt.oram)
 .bss.in_buf    0x002053fe      0x100 ../../ecrobot/../ecrobot/libecrobot.a(bt.oram)
 *fill*         0x002054fe        0x2 00
 .bss.link_state
                0x00205500        0x4 ../../ecrobot/../ecrobot/libecrobot.a(nxt_avr.oram)
 .bss.update_count
                0x00205504        0x4 ../../ecrobot/../ecrobot/libecrobot.a(nxt_avr.oram)
 .bss.nxt_avr_stats
                0x00205508       0x14 ../../ecrobot/../ecrobot/libecrobot.a(nxt_avr.oram)
 .bss.debounce_cnt
                0x0020551c        0x2 ../../ecrobot/../ecrobot/libecrobot.a(nxt_avr.oram)
 .bss.debounce_state
                0x0020551e        0x2 ../../ecrobot/../ecrobot/libecrobot.a(nxt_avr.oram)
 .bss.button_state
                0x00205520        0x2 ../../ecrobot/../ecrobot/libecrobot.a(nxt_avr.oram)
 .bss.prev_buttons
                0x00205522        0x2 ../../ecrobot/../ecrobot/libecrobot.a(nxt_avr.oram)
 .bss.from_buf  0x00205524        0x4 ../../ecrobot/../ecrobot/libecrobot.a(nxt_avr.oram)
 .bss.io_from_avr
                0x00205528        0x4 ../../ecrobot/../ecrobot/libecrobot.a(nxt_avr.oram)
 .bss.data_from_avr
                0x0020552c       0x1a ../../ecrobot/../ecrobot/libecrobot.a(nxt_avr.oram)
 .bss.data_to_avr
                0x00205546        0x9 ../../ecrobot/../ecrobot/libecrobot.a(nxt_avr.oram)
 .bss.io_to_avr
                0x0020554f        0x8 ../../ecrobot/../ecrobot/libecrobot.a(nxt_avr.oram)
 *fill*         0x00205557        0x1 00
 .bss.display   0x00205558        0x4 ../../ecrobot/../ecrobot/libecrobot.a(nxt_lcd.oram)
 .bss.ud_thetadot_cmd_lpf
                0x0020555c        0x4 ../../ecrobot/../ecrobot/libnxtway_gs_balancer.a(balancer.o)
 .bss.ud_theta_ref
                0x00205560        0x4 ../../ecrobot/../ecrobot/libnxtway_gs_balancer.a(balancer.o)
 .bss.ud_theta_lpf
                0x00205564        0x4 ../../ecrobot/../ecrobot/libnxtway_gs_balancer.a(balancer.o)
 .bss.ud_psi    0x00205568        0x4 ../../ecrobot/../ecrobot/libnxtway_gs_balancer.a(balancer.o)
 .bss.ud_err_theta
                0x0020556c        0x4 ../../ecrobot/../ecrobot/libnxtway_gs_balancer.a(balancer.o)
                0x00205570                . = ALIGN (0x10)
                0x00205570                __bss_end__ = .
 COMMON         0x00205570        0x2 build/kernel/interrupt.o
                0x00205570                runisr
                0x00205571                sus_all_cnt
 *fill*         0x00205572        0x2 00
 COMMON         0x00205574       0x10 build/kernel/osctl.o
                0x00205574                callevel
                0x00205575                _errorhook_svcid
                0x00205576                appmode
                0x00205578                _errorhook_par1
                0x0020557c                _errorhook_par3
                0x00205580                _errorhook_par2
 COMMON         0x00205584        0x3 build/kernel/task.o
                0x00205584                runtsk
                0x00205585                schedtsk
                0x00205586                nextpri
 *fill*         0x00205587        0x1 00
 COMMON         0x00205588       0x68 build/./kernel_cfg.o
                0x00205588                tcb_waievt
                0x00205594                rescb_prevpri
                0x00205595                almcb_prev
                0x00205598                tcb_lastres
                0x0020559c                almcb_almval
                0x002055a8                tcxb_pc
                0x002055b4                tcb_next
                0x002055b7                tcb_curpri
                0x002055ba                tcb_tstat
                0x002055bd                isrcb_lastres
                0x002055be                cntcb_almque
                0x002055bf                rescb_prevres
                0x002055c0                tcb_actcnt
                0x002055c4                tcb_curevt
                0x002055d0                almcb_cycle
                0x002055dc                tcxb_sp
                0x002055e8                almcb_next
                0x002055ec                cntcb_curval
 COMMON         0x002055f0      0x118 build/Robonet.o
                0x002055f0                angularVelocity
                0x0020561c                bluetooth
                0x0020569c                runningFlag
                0x002056a0                sonarData
                0x002056a4                commandValue
                0x002056a8                nxtLog
                0x002056c8                pwmR
                0x002056e8                pwmL
 COMMON         0x00205708       0x44 ../../ecrobot/../ecrobot/libecrobot.a(uart.oram)
                0x00205708                uart
 COMMON         0x0020574c        0x4 ../../ecrobot/../ecrobot/libecrobot.a(data_abort.oram)
                0x0020574c                data_abort_pc
 COMMON         0x00205750        0x8 ../../ecrobot/../ecrobot/libecrobot.a(display.oram)
                0x00205750                display_x
                0x00205754                display_y
 COMMON         0x00205758      0x31c ../../ecrobot/../ecrobot/libecrobot.a(sound.oram)
                0x00205758                sample
                0x00203770                __bss_start__ = ADDR (.bss)
                0x00205a74                __bss_end__ = (ADDR (.bss) + SIZEOF (.bss))
                0x00205a74                PROVIDE (end, .)

.heap_area      0x00205a74     0xa104
                0x0020fb78                . = (. + (0x20fb78 - end))
 *fill*         0x00205a74     0xa104 00

.stack          0x0020fb78      0x488
                0x0020fbf8                . = (. + 0x80)
 *fill*         0x0020fb78       0x80 00
                0x0020fc00                . = ALIGN (0x10)
 *fill*         0x0020fbf8        0x8 00
                0x0020fc00                __irq_stack__ = .
                0x0020fc00                __system_stack_bottom__ = .
                0x00210000                . = (. + 0x400)
 *fill*         0x0020fc00      0x400 00
                0x00210000                . = ALIGN (0x10)
                0x00210000                __system_stack__ = .
                0x00210000                __system_stack_top__ = .
                0x0020fb78                __stack_start__ = ADDR (.stack)
                0x00210000                __stack_end__ = (ADDR (.stack) + SIZEOF (.stack))
OUTPUT(2012_blue_rom.elf elf32-littlearm)

.comment        0x00000000      0x5b2
 .comment       0x00000000       0x12 build/kernel/alarm.o
 .comment       0x00000012       0x12 build/kernel/event.o
 .comment       0x00000024       0x12 build/kernel/interrupt.o
 .comment       0x00000036       0x12 build/kernel/osctl.o
 .comment       0x00000048       0x12 build/kernel/resource.o
 .comment       0x0000005a       0x12 build/kernel/task.o
 .comment       0x0000006c       0x12 build/kernel/task_manage.o
 .comment       0x0000007e       0x12 build/config/at91sam7s-gnu/cpu_config.o
 .comment       0x00000090       0x12 build/config/at91sam7s-gnu/lego_nxt/sys_config.o
 .comment       0x000000a2       0x12 build/./kernel_cfg.o
 .comment       0x000000b4       0x12 build/syscalls.o
 .comment       0x000000c6       0x12 build/ecrobot_bluetooth.o
 .comment       0x000000d8       0x12 build/ecrobot_base.o
 .comment       0x000000ea       0x12 build/ecrobot.o
 .comment       0x000000fc       0x12 build/AngularVelocity.o
 .comment       0x0000010e       0x12 build/BalanceControl.o
 .comment       0x00000120       0x12 build/balancer_param.o
 .comment       0x00000132       0x12 build/BlindRunning.o
 .comment       0x00000144       0x12 build/Bluetooth.o
 .comment       0x00000156       0x12 build/CommandValue.o
 .comment       0x00000168       0x12 build/CourseBrightness.o
 .comment       0x0000017a       0x12 build/JudgeBrightness.o
 .comment       0x0000018c       0x12 build/JudgeDirection.o
 .comment       0x0000019e       0x12 build/JudgeMarker.o
 .comment       0x000001b0       0x12 build/JudgeMethod.o
 .comment       0x000001c2       0x12 build/JudgeMileage.o
 .comment       0x000001d4       0x12 build/JudgeSeesaw.o
 .comment       0x000001e6       0x12 build/JudgeSonar.o
 .comment       0x000001f8       0x12 build/JudgeStepCapture.o
 .comment       0x0000020a       0x12 build/JudgeTail.o
 .comment       0x0000021c       0x12 build/LineTrace.o
 .comment       0x0000022e       0x12 build/Log.o
 .comment       0x00000240       0x12 build/MotorCount.o
 .comment       0x00000252       0x12 build/OperationMethod.o
 .comment       0x00000264       0x12 build/PDControlParameter.o
 .comment       0x00000276       0x12 build/Pwm.o
 .comment       0x00000288       0x12 build/RunningMachine.o
 .comment       0x0000029a       0x12 build/RunningPositionInfo.o
 .comment       0x000002ac       0x12 build/ScreenDetectionRunning.o
 .comment       0x000002be       0x12 build/SeesawPass.o
 .comment       0x000002d0       0x12 build/SonarData.o
 .comment       0x000002e2       0x12 build/StepCapture.o
 .comment       0x000002f4       0x12 build/Strategy.o
 .comment       0x00000306       0x12 build/TailControl.o
 .comment       0x00000318       0x12 build/TailRunning.o
 .comment       0x0000032a       0x12 build/Robonet.o
 .comment       0x0000033c       0x12 build/syslib/at91sam7s-gnu/lego_nxt/hw_sys_timer.oram
 .comment       0x0000034e       0x12 ../../ecrobot/../ecrobot/libecrobot.a(ecrobot_HiTechnic.o)
 .comment       0x00000360       0x12 ../../ecrobot/../ecrobot/libecrobot.a(ecrobot_interface.o)
 .comment       0x00000372       0x12 ../../ecrobot/../ecrobot/libecrobot.a(colorsensor.o)
 .comment       0x00000384       0x12 ../../ecrobot/../ecrobot/libecrobot.a(osek_hook.o)
 .comment       0x00000396       0x12 ../../ecrobot/../ecrobot/libecrobot.a(uart.oram)
 .comment       0x000003a8       0x12 ../../ecrobot/../ecrobot/libecrobot.a(systick.oram)
 .comment       0x000003ba       0x12 ../../ecrobot/../ecrobot/libecrobot.a(byte_fifo.oram)
 .comment       0x000003cc       0x12 ../../ecrobot/../ecrobot/libecrobot.a(aic.oram)
 .comment       0x000003de       0x12 ../../ecrobot/../ecrobot/libecrobot.a(udp.oram)
 .comment       0x000003f0       0x12 ../../ecrobot/../ecrobot/libecrobot.a(twi.oram)
 .comment       0x00000402       0x12 ../../ecrobot/../ecrobot/libecrobot.a(nxt_spi.oram)
 .comment       0x00000414       0x12 ../../ecrobot/../ecrobot/libecrobot.a(nxt_motors.oram)
 .comment       0x00000426       0x12 ../../ecrobot/../ecrobot/libecrobot.a(data_abort.oram)
 .comment       0x00000438       0x12 ../../ecrobot/../ecrobot/libecrobot.a(display.oram)
 .comment       0x0000044a       0x12 ../../ecrobot/../ecrobot/libecrobot.a(i2c.oram)
 .comment       0x0000045c       0x12 ../../ecrobot/../ecrobot/libecrobot.a(sound.oram)
 .comment       0x0000046e       0x12 ../../ecrobot/../ecrobot/libecrobot.a(bt.oram)
 .comment       0x00000480       0x12 ../../ecrobot/../ecrobot/libecrobot.a(nxt_avr.oram)
 .comment       0x00000492       0x12 ../../ecrobot/../ecrobot/libecrobot.a(sensors.oram)
 .comment       0x000004a4       0x12 ../../ecrobot/../ecrobot/libecrobot.a(sensors1.oram)
 .comment       0x000004b6       0x12 ../../ecrobot/../ecrobot/libecrobot.a(nxt_lcd.oram)
 .comment       0x000004c8       0x12 ../../ecrobot/../ecrobot/libecrobot.a(flash_loader.oram)
 .comment       0x000004da       0x12 ../../ecrobot/../ecrobot/libecrobot.a(ecrobot_usb.o)
 .comment       0x000004ec       0x12 ../../ecrobot/../ecrobot/libecrobot.a(flashprog.oram)
 .comment       0x000004fe       0x12 ../../ecrobot/../ecrobot/libnxtway_gs_balancer.a(balancer.o)
 .comment       0x00000510       0x12 /cygdrive/C/cygwin/GNUARM/bin/../lib/gcc/arm-elf/4.0.2/thumb/interwork/libgcc.a(_muldi3.o)
 .comment       0x00000522       0x12 /cygdrive/C/cygwin/GNUARM/bin/../lib/gcc/arm-elf/4.0.2/thumb/interwork/libgcc.a(_divdi3.o)
 .comment       0x00000534       0x12 /cygdrive/C/cygwin/GNUARM/bin/../lib/gcc/arm-elf/4.0.2/thumb/interwork/libgcc.a(_clz.o)
 .comment       0x00000546       0x12 /cygdrive/C/cygwin/GNUARM/bin/../lib/gcc/arm-elf/4.0.2/../../../../arm-elf/lib/thumb/interwork/libc.a(memcpy.o)
 .comment       0x00000558       0x12 /cygdrive/C/cygwin/GNUARM/bin/../lib/gcc/arm-elf/4.0.2/../../../../arm-elf/lib/thumb/interwork/libc.a(memset.o)
 .comment       0x0000056a       0x12 /cygdrive/C/cygwin/GNUARM/bin/../lib/gcc/arm-elf/4.0.2/../../../../arm-elf/lib/thumb/interwork/libc.a(strcmp.o)
 .comment       0x0000057c       0x12 /cygdrive/C/cygwin/GNUARM/bin/../lib/gcc/arm-elf/4.0.2/../../../../arm-elf/lib/thumb/interwork/libc.a(strcpy.o)
 .comment       0x0000058e       0x12 /cygdrive/C/cygwin/GNUARM/bin/../lib/gcc/arm-elf/4.0.2/../../../../arm-elf/lib/thumb/interwork/libc.a(strlen.o)
 .comment       0x000005a0       0x12 /cygdrive/C/cygwin/GNUARM/bin/../lib/gcc/arm-elf/4.0.2/../../../../arm-elf/lib/thumb/interwork/libc.a(strncpy.o)

.debug_line     0x00000000      0xea8
 .debug_line    0x00000000       0x70 /cygdrive/C/cygwin/GNUARM/bin/../lib/gcc/arm-elf/4.0.2/thumb/interwork/libgcc.a(_udivsi3.o)
 .debug_line    0x00000070       0x7c /cygdrive/C/cygwin/GNUARM/bin/../lib/gcc/arm-elf/4.0.2/thumb/interwork/libgcc.a(_divsi3.o)
 .debug_line    0x000000ec       0x68 /cygdrive/C/cygwin/GNUARM/bin/../lib/gcc/arm-elf/4.0.2/thumb/interwork/libgcc.a(_umodsi3.o)
 .debug_line    0x00000154       0x71 /cygdrive/C/cygwin/GNUARM/bin/../lib/gcc/arm-elf/4.0.2/thumb/interwork/libgcc.a(_modsi3.o)
 .debug_line    0x000001c5       0x5a /cygdrive/C/cygwin/GNUARM/bin/../lib/gcc/arm-elf/4.0.2/thumb/interwork/libgcc.a(_dvmd_tls.o)
 .debug_line    0x0000021f      0x162 /cygdrive/C/cygwin/GNUARM/bin/../lib/gcc/arm-elf/4.0.2/thumb/interwork/libgcc.a(_addsubdf3.o)
 .debug_line    0x00000381      0x177 /cygdrive/C/cygwin/GNUARM/bin/../lib/gcc/arm-elf/4.0.2/thumb/interwork/libgcc.a(_muldivdf3.o)
 .debug_line    0x000004f8       0xa4 /cygdrive/C/cygwin/GNUARM/bin/../lib/gcc/arm-elf/4.0.2/thumb/interwork/libgcc.a(_cmpdf2.o)
 .debug_line    0x0000059c      0x110 /cygdrive/C/cygwin/GNUARM/bin/../lib/gcc/arm-elf/4.0.2/thumb/interwork/libgcc.a(_addsubsf3.o)
 .debug_line    0x000006ac      0x11a /cygdrive/C/cygwin/GNUARM/bin/../lib/gcc/arm-elf/4.0.2/thumb/interwork/libgcc.a(_muldivsf3.o)
 .debug_line    0x000007c6       0x98 /cygdrive/C/cygwin/GNUARM/bin/../lib/gcc/arm-elf/4.0.2/thumb/interwork/libgcc.a(_cmpsf2.o)
 .debug_line    0x0000085e       0x6f /cygdrive/C/cygwin/GNUARM/bin/../lib/gcc/arm-elf/4.0.2/thumb/interwork/libgcc.a(_fixsfsi.o)
 .debug_line    0x000008cd       0x61 /cygdrive/C/cygwin/GNUARM/bin/../lib/gcc/arm-elf/4.0.2/thumb/interwork/libgcc.a(_muldi3.o)
 .debug_line    0x0000092e      0x122 /cygdrive/C/cygwin/GNUARM/bin/../lib/gcc/arm-elf/4.0.2/thumb/interwork/libgcc.a(_divdi3.o)
 .debug_line    0x00000a50       0x48 /cygdrive/C/cygwin/GNUARM/bin/../lib/gcc/arm-elf/4.0.2/thumb/interwork/libgcc.a(_clz.o)
 .debug_line    0x00000a98       0xc3 /cygdrive/C/cygwin/GNUARM/bin/../lib/gcc/arm-elf/4.0.2/../../../../arm-elf/lib/thumb/interwork/libc.a(memcpy.o)
 .debug_line    0x00000b5b       0xd4 /cygdrive/C/cygwin/GNUARM/bin/../lib/gcc/arm-elf/4.0.2/../../../../arm-elf/lib/thumb/interwork/libc.a(memset.o)
 .debug_line    0x00000c2f       0x88 /cygdrive/C/cygwin/GNUARM/bin/../lib/gcc/arm-elf/4.0.2/../../../../arm-elf/lib/thumb/interwork/libc.a(strcmp.o)
 .debug_line    0x00000cb7       0x80 /cygdrive/C/cygwin/GNUARM/bin/../lib/gcc/arm-elf/4.0.2/../../../../arm-elf/lib/thumb/interwork/libc.a(strcpy.o)
 .debug_line    0x00000d37       0xaf /cygdrive/C/cygwin/GNUARM/bin/../lib/gcc/arm-elf/4.0.2/../../../../arm-elf/lib/thumb/interwork/libc.a(strlen.o)
 .debug_line    0x00000de6       0xc2 /cygdrive/C/cygwin/GNUARM/bin/../lib/gcc/arm-elf/4.0.2/../../../../arm-elf/lib/thumb/interwork/libc.a(strncpy.o)

.debug_info     0x00000000     0x151e
 .debug_info    0x00000000       0x6a /cygdrive/C/cygwin/GNUARM/bin/../lib/gcc/arm-elf/4.0.2/thumb/interwork/libgcc.a(_udivsi3.o)
 .debug_info    0x0000006a       0x6a /cygdrive/C/cygwin/GNUARM/bin/../lib/gcc/arm-elf/4.0.2/thumb/interwork/libgcc.a(_divsi3.o)
 .debug_info    0x000000d4       0x6a /cygdrive/C/cygwin/GNUARM/bin/../lib/gcc/arm-elf/4.0.2/thumb/interwork/libgcc.a(_umodsi3.o)
 .debug_info    0x0000013e       0x6a /cygdrive/C/cygwin/GNUARM/bin/../lib/gcc/arm-elf/4.0.2/thumb/interwork/libgcc.a(_modsi3.o)
 .debug_info    0x000001a8       0x6a /cygdrive/C/cygwin/GNUARM/bin/../lib/gcc/arm-elf/4.0.2/thumb/interwork/libgcc.a(_dvmd_tls.o)
 .debug_info    0x00000212       0x69 /cygdrive/C/cygwin/GNUARM/bin/../lib/gcc/arm-elf/4.0.2/thumb/interwork/libgcc.a(_addsubdf3.o)
 .debug_info    0x0000027b       0x69 /cygdrive/C/cygwin/GNUARM/bin/../lib/gcc/arm-elf/4.0.2/thumb/interwork/libgcc.a(_muldivdf3.o)
 .debug_info    0x000002e4       0x69 /cygdrive/C/cygwin/GNUARM/bin/../lib/gcc/arm-elf/4.0.2/thumb/interwork/libgcc.a(_cmpdf2.o)
 .debug_info    0x0000034d       0x69 /cygdrive/C/cygwin/GNUARM/bin/../lib/gcc/arm-elf/4.0.2/thumb/interwork/libgcc.a(_addsubsf3.o)
 .debug_info    0x000003b6       0x69 /cygdrive/C/cygwin/GNUARM/bin/../lib/gcc/arm-elf/4.0.2/thumb/interwork/libgcc.a(_muldivsf3.o)
 .debug_info    0x0000041f       0x69 /cygdrive/C/cygwin/GNUARM/bin/../lib/gcc/arm-elf/4.0.2/thumb/interwork/libgcc.a(_cmpsf2.o)
 .debug_info    0x00000488       0x69 /cygdrive/C/cygwin/GNUARM/bin/../lib/gcc/arm-elf/4.0.2/thumb/interwork/libgcc.a(_fixsfsi.o)
 .debug_info    0x000004f1      0x20e /cygdrive/C/cygwin/GNUARM/bin/../lib/gcc/arm-elf/4.0.2/thumb/interwork/libgcc.a(_muldi3.o)
 .debug_info    0x000006ff      0x758 /cygdrive/C/cygwin/GNUARM/bin/../lib/gcc/arm-elf/4.0.2/thumb/interwork/libgcc.a(_divdi3.o)
 .debug_info    0x00000e57       0xc9 /cygdrive/C/cygwin/GNUARM/bin/../lib/gcc/arm-elf/4.0.2/thumb/interwork/libgcc.a(_clz.o)
 .debug_info    0x00000f20      0x10d /cygdrive/C/cygwin/GNUARM/bin/../lib/gcc/arm-elf/4.0.2/../../../../arm-elf/lib/thumb/interwork/libc.a(memcpy.o)
 .debug_info    0x0000102d      0x111 /cygdrive/C/cygwin/GNUARM/bin/../lib/gcc/arm-elf/4.0.2/../../../../arm-elf/lib/thumb/interwork/libc.a(memset.o)
 .debug_info    0x0000113e       0xd9 /cygdrive/C/cygwin/GNUARM/bin/../lib/gcc/arm-elf/4.0.2/../../../../arm-elf/lib/thumb/interwork/libc.a(strcmp.o)
 .debug_info    0x00001217      0x10c /cygdrive/C/cygwin/GNUARM/bin/../lib/gcc/arm-elf/4.0.2/../../../../arm-elf/lib/thumb/interwork/libc.a(strcpy.o)
 .debug_info    0x00001323       0xd5 /cygdrive/C/cygwin/GNUARM/bin/../lib/gcc/arm-elf/4.0.2/../../../../arm-elf/lib/thumb/interwork/libc.a(strlen.o)
 .debug_info    0x000013f8      0x126 /cygdrive/C/cygwin/GNUARM/bin/../lib/gcc/arm-elf/4.0.2/../../../../arm-elf/lib/thumb/interwork/libc.a(strncpy.o)

.debug_abbrev   0x00000000      0x6ed
 .debug_abbrev  0x00000000       0x14 /cygdrive/C/cygwin/GNUARM/bin/../lib/gcc/arm-elf/4.0.2/thumb/interwork/libgcc.a(_udivsi3.o)
 .debug_abbrev  0x00000014       0x14 /cygdrive/C/cygwin/GNUARM/bin/../lib/gcc/arm-elf/4.0.2/thumb/interwork/libgcc.a(_divsi3.o)
 .debug_abbrev  0x00000028       0x14 /cygdrive/C/cygwin/GNUARM/bin/../lib/gcc/arm-elf/4.0.2/thumb/interwork/libgcc.a(_umodsi3.o)
 .debug_abbrev  0x0000003c       0x14 /cygdrive/C/cygwin/GNUARM/bin/../lib/gcc/arm-elf/4.0.2/thumb/interwork/libgcc.a(_modsi3.o)